<?xml version="1.0" encoding="ISO-8859-1" ?>
<link_info>
   <banner>TI ARM Linker PC v18.1.3.LTS</banner>
   <copyright>Copyright (c) 1996-2017 Texas Instruments Incorporated</copyright>
   <link_time>0x5c94fb6f</link_time>
   <link_errors>0x0</link_errors>
   <output_file>19-3-15.out</output_file>
   <entry_point>
      <name>_c_int00_noargs</name>
      <address>0x16a5</address>
   </entry_point>
   <input_file_list>
      <input_file id="fl-2">
         <path>.\</path>
         <kind>object</kind>
         <file>main.obj</file>
         <name>main.obj</name>
      </input_file>
      <input_file id="fl-3">
         <path>.\</path>
         <kind>object</kind>
         <file>tm4c123gh6pm_startup_ccs.obj</file>
         <name>tm4c123gh6pm_startup_ccs.obj</name>
      </input_file>
      <input_file id="fl-4">
         <path>.\</path>
         <kind>object</kind>
         <file>uartstdio.obj</file>
         <name>uartstdio.obj</name>
      </input_file>
      <input_file id="fl-5">
         <path>.\drivers\</path>
         <kind>object</kind>
         <file>ADC.obj</file>
         <name>ADC.obj</name>
      </input_file>
      <input_file id="fl-6">
         <path>.\drivers\</path>
         <kind>object</kind>
         <file>KEY.obj</file>
         <name>KEY.obj</name>
      </input_file>
      <input_file id="fl-7">
         <path>.\drivers\</path>
         <kind>object</kind>
         <file>LED.obj</file>
         <name>LED.obj</name>
      </input_file>
      <input_file id="fl-8">
         <path>.\drivers\</path>
         <kind>object</kind>
         <file>MODE.obj</file>
         <name>MODE.obj</name>
      </input_file>
      <input_file id="fl-9">
         <path>.\drivers\</path>
         <kind>object</kind>
         <file>PID.obj</file>
         <name>PID.obj</name>
      </input_file>
      <input_file id="fl-a">
         <path>.\drivers\</path>
         <kind>object</kind>
         <file>PWM.obj</file>
         <name>PWM.obj</name>
      </input_file>
      <input_file id="fl-b">
         <path>.\drivers\</path>
         <kind>object</kind>
         <file>QEI.obj</file>
         <name>QEI.obj</name>
      </input_file>
      <input_file id="fl-c">
         <path>.\drivers\</path>
         <kind>object</kind>
         <file>UART.obj</file>
         <name>UART.obj</name>
      </input_file>
      <input_file id="fl-d">
         <path>.\drivers\</path>
         <kind>object</kind>
         <file>UART2.obj</file>
         <name>UART2.obj</name>
      </input_file>
      <input_file id="fl-e">
         <path>.\drivers\</path>
         <kind>object</kind>
         <file>UART3.obj</file>
         <name>UART3.obj</name>
      </input_file>
      <input_file id="fl-13">
         <kind>object</kind>
         <file>&lt;internal&gt;</file>
         <name>&lt;internal&gt;</name>
      </input_file>
      <input_file id="fl-14">
         <path>D:\Software\TM4\ti\TivaWare_C_Series-2.1.4.178\driverlib\ccs\Debug\</path>
         <kind>archive</kind>
         <file>driverlib.lib</file>
         <name>adc.obj</name>
      </input_file>
      <input_file id="fl-15">
         <path>D:\Software\TM4\ti\TivaWare_C_Series-2.1.4.178\driverlib\ccs\Debug\</path>
         <kind>archive</kind>
         <file>driverlib.lib</file>
         <name>fpu.obj</name>
      </input_file>
      <input_file id="fl-16">
         <path>D:\Software\TM4\ti\TivaWare_C_Series-2.1.4.178\driverlib\ccs\Debug\</path>
         <kind>archive</kind>
         <file>driverlib.lib</file>
         <name>gpio.obj</name>
      </input_file>
      <input_file id="fl-17">
         <path>D:\Software\TM4\ti\TivaWare_C_Series-2.1.4.178\driverlib\ccs\Debug\</path>
         <kind>archive</kind>
         <file>driverlib.lib</file>
         <name>interrupt.obj</name>
      </input_file>
      <input_file id="fl-18">
         <path>D:\Software\TM4\ti\TivaWare_C_Series-2.1.4.178\driverlib\ccs\Debug\</path>
         <kind>archive</kind>
         <file>driverlib.lib</file>
         <name>pwm.obj</name>
      </input_file>
      <input_file id="fl-19">
         <path>D:\Software\TM4\ti\TivaWare_C_Series-2.1.4.178\driverlib\ccs\Debug\</path>
         <kind>archive</kind>
         <file>driverlib.lib</file>
         <name>qei.obj</name>
      </input_file>
      <input_file id="fl-1a">
         <path>D:\Software\TM4\ti\TivaWare_C_Series-2.1.4.178\driverlib\ccs\Debug\</path>
         <kind>archive</kind>
         <file>driverlib.lib</file>
         <name>sysctl.obj</name>
      </input_file>
      <input_file id="fl-1b">
         <path>D:\Software\TM4\ti\TivaWare_C_Series-2.1.4.178\driverlib\ccs\Debug\</path>
         <kind>archive</kind>
         <file>driverlib.lib</file>
         <name>uart.obj</name>
      </input_file>
      <input_file id="fl-1c">
         <path>D:\Software\TM4\ti\TivaWare_C_Series-2.1.4.178\driverlib\ccs\Debug\</path>
         <kind>archive</kind>
         <file>driverlib.lib</file>
         <name>cpu.obj</name>
      </input_file>
      <input_file id="fl-d2">
         <path>E:\Software\TM4\ccsv8\tools\compiler\ti-cgt-arm_18.1.3.LTS\lib\</path>
         <kind>archive</kind>
         <file>rtsv7M4_T_le_v4SPD16_eabi.lib</file>
         <name>memset_t2.asm.obj</name>
      </input_file>
      <input_file id="fl-d3">
         <path>E:\Software\TM4\ccsv8\tools\compiler\ti-cgt-arm_18.1.3.LTS\lib\</path>
         <kind>archive</kind>
         <file>rtsv7M4_T_le_v4SPD16_eabi.lib</file>
         <name>u_divt2.asm.obj</name>
      </input_file>
      <input_file id="fl-d4">
         <path>E:\Software\TM4\ccsv8\tools\compiler\ti-cgt-arm_18.1.3.LTS\lib\</path>
         <kind>archive</kind>
         <file>rtsv7M4_T_le_v4SPD16_eabi.lib</file>
         <name>fd_mul_t2.asm.obj</name>
      </input_file>
      <input_file id="fl-d5">
         <path>E:\Software\TM4\ccsv8\tools\compiler\ti-cgt-arm_18.1.3.LTS\lib\</path>
         <kind>archive</kind>
         <file>rtsv7M4_T_le_v4SPD16_eabi.lib</file>
         <name>fd_tou_t2.asm.obj</name>
      </input_file>
      <input_file id="fl-d6">
         <path>E:\Software\TM4\ccsv8\tools\compiler\ti-cgt-arm_18.1.3.LTS\lib\</path>
         <kind>archive</kind>
         <file>rtsv7M4_T_le_v4SPD16_eabi.lib</file>
         <name>fs_tod_t2.asm.obj</name>
      </input_file>
      <input_file id="fl-d7">
         <path>E:\Software\TM4\ccsv8\tools\compiler\ti-cgt-arm_18.1.3.LTS\lib\</path>
         <kind>archive</kind>
         <file>rtsv7M4_T_le_v4SPD16_eabi.lib</file>
         <name>copy_zero_init.c.obj</name>
      </input_file>
      <input_file id="fl-d8">
         <path>E:\Software\TM4\ccsv8\tools\compiler\ti-cgt-arm_18.1.3.LTS\lib\</path>
         <kind>archive</kind>
         <file>rtsv7M4_T_le_v4SPD16_eabi.lib</file>
         <name>copy_decompress_none.c.obj</name>
      </input_file>
      <input_file id="fl-d9">
         <path>E:\Software\TM4\ccsv8\tools\compiler\ti-cgt-arm_18.1.3.LTS\lib\</path>
         <kind>archive</kind>
         <file>rtsv7M4_T_le_v4SPD16_eabi.lib</file>
         <name>copy_decompress_lzss.c.obj</name>
      </input_file>
      <input_file id="fl-da">
         <path>E:\Software\TM4\ccsv8\tools\compiler\ti-cgt-arm_18.1.3.LTS\lib\</path>
         <kind>archive</kind>
         <file>rtsv7M4_T_le_v4SPD16_eabi.lib</file>
         <name>boot_cortex_m.c.obj</name>
      </input_file>
      <input_file id="fl-db">
         <path>E:\Software\TM4\ccsv8\tools\compiler\ti-cgt-arm_18.1.3.LTS\lib\</path>
         <kind>archive</kind>
         <file>rtsv7M4_T_le_v4SPD16_eabi.lib</file>
         <name>div0.asm.obj</name>
      </input_file>
      <input_file id="fl-dc">
         <path>E:\Software\TM4\ccsv8\tools\compiler\ti-cgt-arm_18.1.3.LTS\lib\</path>
         <kind>archive</kind>
         <file>rtsv7M4_T_le_v4SPD16_eabi.lib</file>
         <name>memcpy_t2.asm.obj</name>
      </input_file>
      <input_file id="fl-dd">
         <path>E:\Software\TM4\ccsv8\tools\compiler\ti-cgt-arm_18.1.3.LTS\lib\</path>
         <kind>archive</kind>
         <file>rtsv7M4_T_le_v4SPD16_eabi.lib</file>
         <name>autoinit.c.obj</name>
      </input_file>
      <input_file id="fl-de">
         <path>E:\Software\TM4\ccsv8\tools\compiler\ti-cgt-arm_18.1.3.LTS\lib\</path>
         <kind>archive</kind>
         <file>rtsv7M4_T_le_v4SPD16_eabi.lib</file>
         <name>pre_init.c.obj</name>
      </input_file>
      <input_file id="fl-df">
         <path>E:\Software\TM4\ccsv8\tools\compiler\ti-cgt-arm_18.1.3.LTS\lib\</path>
         <kind>archive</kind>
         <file>rtsv7M4_T_le_v4SPD16_eabi.lib</file>
         <name>cpy_tbl.c.obj</name>
      </input_file>
      <input_file id="fl-e0">
         <path>E:\Software\TM4\ccsv8\tools\compiler\ti-cgt-arm_18.1.3.LTS\lib\</path>
         <kind>archive</kind>
         <file>rtsv7M4_T_le_v4SPD16_eabi.lib</file>
         <name>exit.c.obj</name>
      </input_file>
      <input_file id="fl-e1">
         <path>E:\Software\TM4\ccsv8\tools\compiler\ti-cgt-arm_18.1.3.LTS\lib\</path>
         <kind>archive</kind>
         <file>rtsv7M4_T_le_v4SPD16_eabi.lib</file>
         <name>_lock.c.obj</name>
      </input_file>
      <input_file id="fl-e2">
         <path>E:\Software\TM4\ccsv8\tools\compiler\ti-cgt-arm_18.1.3.LTS\lib\</path>
         <kind>archive</kind>
         <file>rtsv7M4_T_le_v4SPD16_eabi.lib</file>
         <name>args_main.c.obj</name>
      </input_file>
   </input_file_list>
   <object_component_list>
      <object_component id="oc-f">
         <name>.intvecs</name>
         <load_address>0x0</load_address>
         <run_address>0x0</run_address>
         <size>0x26c</size>
         <input_file_ref idref="fl-3"/>
      </object_component>
      <object_component id="oc-2ad">
         <name>.text</name>
         <load_address>0x26c</load_address>
         <run_address>0x26c</run_address>
         <size>0x49c</size>
         <input_file_ref idref="fl-4"/>
      </object_component>
      <object_component id="oc-2a">
         <name>.text</name>
         <load_address>0x708</load_address>
         <run_address>0x708</run_address>
         <size>0x1ac</size>
         <input_file_ref idref="fl-b"/>
      </object_component>
      <object_component id="oc-16c">
         <name>.text:GPIOPadConfigSet</name>
         <load_address>0x8b4</load_address>
         <run_address>0x8b4</run_address>
         <size>0x132</size>
         <input_file_ref idref="fl-16"/>
      </object_component>
      <object_component id="oc-3b0">
         <name>.text</name>
         <load_address>0x9e6</load_address>
         <run_address>0x9e6</run_address>
         <size>0x2</size>
         <input_file_ref idref="fl-db"/>
      </object_component>
      <object_component id="oc-3c">
         <name>.text</name>
         <load_address>0x9e8</load_address>
         <run_address>0x9e8</run_address>
         <size>0x120</size>
         <input_file_ref idref="fl-e"/>
      </object_component>
      <object_component id="oc-a7">
         <name>.text:SysCtlClockGet</name>
         <load_address>0xb08</load_address>
         <run_address>0xb08</run_address>
         <size>0x110</size>
         <input_file_ref idref="fl-1a"/>
      </object_component>
      <object_component id="oc-36">
         <name>.text</name>
         <load_address>0xc18</load_address>
         <run_address>0xc18</run_address>
         <size>0x104</size>
         <input_file_ref idref="fl-6"/>
      </object_component>
      <object_component id="oc-107">
         <name>.text</name>
         <load_address>0xd1c</load_address>
         <run_address>0xd1c</run_address>
         <size>0xfc</size>
         <input_file_ref idref="fl-d4"/>
      </object_component>
      <object_component id="oc-277">
         <name>.text:SysCtlClockSet</name>
         <load_address>0xe18</load_address>
         <run_address>0xe18</run_address>
         <size>0xf4</size>
         <input_file_ref idref="fl-1a"/>
      </object_component>
      <object_component id="oc-30">
         <name>.text</name>
         <load_address>0xf0c</load_address>
         <run_address>0xf0c</run_address>
         <size>0xf0</size>
         <input_file_ref idref="fl-5"/>
      </object_component>
      <object_component id="oc-1e2">
         <name>.text</name>
         <load_address>0xffc</load_address>
         <run_address>0xffc</run_address>
         <size>0xc0</size>
         <input_file_ref idref="fl-2"/>
      </object_component>
      <object_component id="oc-50">
         <name>.text</name>
         <load_address>0x10bc</load_address>
         <run_address>0x10bc</run_address>
         <size>0x9c</size>
         <input_file_ref idref="fl-dc"/>
      </object_component>
      <object_component id="oc-29b">
         <name>.text</name>
         <load_address>0x1158</load_address>
         <run_address>0x1158</run_address>
         <size>0x94</size>
         <input_file_ref idref="fl-a"/>
      </object_component>
      <object_component id="oc-2a1">
         <name>.text</name>
         <load_address>0x11ec</load_address>
         <run_address>0x11ec</run_address>
         <size>0x84</size>
         <input_file_ref idref="fl-c"/>
      </object_component>
      <object_component id="oc-129">
         <name>.text:ADCSequenceStepConfigure</name>
         <load_address>0x1270</load_address>
         <run_address>0x1270</run_address>
         <size>0x7a</size>
         <input_file_ref idref="fl-14"/>
      </object_component>
      <object_component id="oc-f1">
         <name>.text</name>
         <load_address>0x12ea</load_address>
         <run_address>0x12ea</run_address>
         <size>0x7a</size>
         <input_file_ref idref="fl-d2"/>
      </object_component>
      <object_component id="oc-bf">
         <name>.text:IntEnable</name>
         <load_address>0x1364</load_address>
         <run_address>0x1364</run_address>
         <size>0x68</size>
         <input_file_ref idref="fl-17"/>
      </object_component>
      <object_component id="oc-12">
         <name>.text:decompress:lzss:__TI_decompress_lzss</name>
         <load_address>0x13cc</load_address>
         <run_address>0x13cc</run_address>
         <size>0x68</size>
         <input_file_ref idref="fl-d9"/>
      </object_component>
      <object_component id="oc-178">
         <name>.text:GPIOIntTypeSet</name>
         <load_address>0x1434</load_address>
         <run_address>0x1434</run_address>
         <size>0x56</size>
         <input_file_ref idref="fl-16"/>
      </object_component>
      <object_component id="oc-123">
         <name>.text:ADCSequenceConfigure</name>
         <load_address>0x148a</load_address>
         <run_address>0x148a</run_address>
         <size>0x50</size>
         <input_file_ref idref="fl-14"/>
      </object_component>
      <object_component id="oc-8f">
         <name>.text:GPIOPinConfigure</name>
         <load_address>0x14dc</load_address>
         <run_address>0x14dc</run_address>
         <size>0x48</size>
         <input_file_ref idref="fl-16"/>
      </object_component>
      <object_component id="oc-19a">
         <name>.text:UARTConfigSetExpClk</name>
         <load_address>0x1524</load_address>
         <run_address>0x1524</run_address>
         <size>0x46</size>
         <input_file_ref idref="fl-1b"/>
      </object_component>
      <object_component id="oc-2cc">
         <name>.text:__TI_auto_init_nobinit_nopinit:__TI_auto_init_nobinit_nopinit</name>
         <load_address>0x156c</load_address>
         <run_address>0x156c</run_address>
         <size>0x44</size>
         <input_file_ref idref="fl-dd"/>
      </object_component>
      <object_component id="oc-10c">
         <name>.text</name>
         <load_address>0x15b0</load_address>
         <run_address>0x15b0</run_address>
         <size>0x44</size>
         <input_file_ref idref="fl-d5"/>
      </object_component>
      <object_component id="oc-36e">
         <name>.text</name>
         <load_address>0x15f4</load_address>
         <run_address>0x15f4</run_address>
         <size>0x40</size>
         <input_file_ref idref="fl-d3"/>
      </object_component>
      <object_component id="oc-353">
         <name>.text:SysCtlPeripheralPresent</name>
         <load_address>0x1634</load_address>
         <run_address>0x1634</run_address>
         <size>0x38</size>
         <input_file_ref idref="fl-1a"/>
      </object_component>
      <object_component id="oc-89">
         <name>.text:SysCtlPeripheralReady</name>
         <load_address>0x166c</load_address>
         <run_address>0x166c</run_address>
         <size>0x38</size>
         <input_file_ref idref="fl-1a"/>
      </object_component>
      <object_component id="oc-6e">
         <name>.text:_c_int00_noargs:_c_int00_noargs</name>
         <load_address>0x16a4</load_address>
         <run_address>0x16a4</run_address>
         <size>0x38</size>
         <input_file_ref idref="fl-da"/>
      </object_component>
      <object_component id="oc-102">
         <name>.text</name>
         <load_address>0x16dc</load_address>
         <run_address>0x16dc</run_address>
         <size>0x38</size>
         <input_file_ref idref="fl-d6"/>
      </object_component>
      <object_component id="oc-83">
         <name>.text:SysCtlPeripheralEnable</name>
         <load_address>0x1714</load_address>
         <run_address>0x1714</run_address>
         <size>0x34</size>
         <input_file_ref idref="fl-1a"/>
      </object_component>
      <object_component id="oc-295">
         <name>.text</name>
         <load_address>0x1748</load_address>
         <run_address>0x1748</run_address>
         <size>0x30</size>
         <input_file_ref idref="fl-7"/>
      </object_component>
      <object_component id="oc-201">
         <name>.text:GPIODirModeSet</name>
         <load_address>0x1778</load_address>
         <run_address>0x1778</run_address>
         <size>0x2a</size>
         <input_file_ref idref="fl-16"/>
      </object_component>
      <object_component id="oc-141">
         <name>.text:IntPrioritySet</name>
         <load_address>0x17a4</load_address>
         <run_address>0x17a4</run_address>
         <size>0x24</size>
         <input_file_ref idref="fl-17"/>
      </object_component>
      <object_component id="oc-332">
         <name>.text:PWMGenConfigure</name>
         <load_address>0x17c8</load_address>
         <run_address>0x17c8</run_address>
         <size>0x22</size>
         <input_file_ref idref="fl-18"/>
      </object_component>
      <object_component id="oc-253">
         <name>.text:UARTDisable</name>
         <load_address>0x17ec</load_address>
         <run_address>0x17ec</run_address>
         <size>0x20</size>
         <input_file_ref idref="fl-1b"/>
      </object_component>
      <object_component id="oc-fc">
         <name>.text:ADCSequenceDataGet</name>
         <load_address>0x180c</load_address>
         <run_address>0x180c</run_address>
         <size>0x1e</size>
         <input_file_ref idref="fl-14"/>
      </object_component>
      <object_component id="oc-2b9">
         <name>.text:PWMPulseWidthSet</name>
         <load_address>0x182a</load_address>
         <run_address>0x182a</run_address>
         <size>0x1e</size>
         <input_file_ref idref="fl-18"/>
      </object_component>
      <object_component id="oc-117">
         <name>.text:ADCClockConfigSet</name>
         <load_address>0x1848</load_address>
         <run_address>0x1848</run_address>
         <size>0x18</size>
         <input_file_ref idref="fl-14"/>
      </object_component>
      <object_component id="oc-147">
         <name>.text:ADCProcessorTrigger</name>
         <load_address>0x1860</load_address>
         <run_address>0x1860</run_address>
         <size>0x18</size>
         <input_file_ref idref="fl-14"/>
      </object_component>
      <object_component id="oc-289">
         <name>.text:GPIOPinTypeGPIOOutput</name>
         <load_address>0x1878</load_address>
         <run_address>0x1878</run_address>
         <size>0x18</size>
         <input_file_ref idref="fl-16"/>
      </object_component>
      <object_component id="oc-326">
         <name>.text:SysCtlPWMClockSet</name>
         <load_address>0x1890</load_address>
         <run_address>0x1890</run_address>
         <size>0x14</size>
         <input_file_ref idref="fl-1a"/>
      </object_component>
      <object_component id="oc-259">
         <name>.text:UARTEnable</name>
         <load_address>0x18a4</load_address>
         <run_address>0x18a4</run_address>
         <size>0x14</size>
         <input_file_ref idref="fl-1b"/>
      </object_component>
      <object_component id="oc-111">
         <name>.text:GPIOPinTypeADC</name>
         <load_address>0x18b8</load_address>
         <run_address>0x18b8</run_address>
         <size>0x12</size>
         <input_file_ref idref="fl-16"/>
      </object_component>
      <object_component id="oc-166">
         <name>.text:GPIOPinTypeGPIOInput</name>
         <load_address>0x18ca</load_address>
         <run_address>0x18ca</run_address>
         <size>0x12</size>
         <input_file_ref idref="fl-16"/>
      </object_component>
      <object_component id="oc-32c">
         <name>.text:GPIOPinTypePWM</name>
         <load_address>0x18dc</load_address>
         <run_address>0x18dc</run_address>
         <size>0x12</size>
         <input_file_ref idref="fl-16"/>
      </object_component>
      <object_component id="oc-95">
         <name>.text:GPIOPinTypeQEI</name>
         <load_address>0x18ee</load_address>
         <run_address>0x18ee</run_address>
         <size>0x12</size>
         <input_file_ref idref="fl-16"/>
      </object_component>
      <object_component id="oc-1a0">
         <name>.text:GPIOPinTypeUART</name>
         <load_address>0x1900</load_address>
         <run_address>0x1900</run_address>
         <size>0x12</size>
         <input_file_ref idref="fl-16"/>
      </object_component>
      <object_component id="oc-2b3">
         <name>.text:PWMGenPeriodGet</name>
         <load_address>0x1912</load_address>
         <run_address>0x1912</run_address>
         <size>0x12</size>
         <input_file_ref idref="fl-18"/>
      </object_component>
      <object_component id="oc-33e">
         <name>.text:PWMOutputState</name>
         <load_address>0x1924</load_address>
         <run_address>0x1924</run_address>
         <size>0x12</size>
         <input_file_ref idref="fl-18"/>
      </object_component>
      <object_component id="oc-5c">
         <name>.text:decompress:ZI:__TI_zero_init_nomemset:__TI_zero_init_nomemset</name>
         <load_address>0x1936</load_address>
         <run_address>0x1936</run_address>
         <size>0x12</size>
         <input_file_ref idref="fl-d7"/>
      </object_component>
      <object_component id="oc-13b">
         <name>.text:ADCIntEnable</name>
         <load_address>0x1948</load_address>
         <run_address>0x1948</run_address>
         <size>0x10</size>
         <input_file_ref idref="fl-14"/>
      </object_component>
      <object_component id="oc-283">
         <name>.text:FPUEnable</name>
         <load_address>0x1958</load_address>
         <run_address>0x1958</run_address>
         <size>0x10</size>
         <input_file_ref idref="fl-15"/>
      </object_component>
      <object_component id="oc-27d">
         <name>.text:FPULazyStackingEnable</name>
         <load_address>0x1968</load_address>
         <run_address>0x1968</run_address>
         <size>0x10</size>
         <input_file_ref idref="fl-15"/>
      </object_component>
      <object_component id="oc-2a7">
         <name>.text:IntMasterEnable</name>
         <load_address>0x1978</load_address>
         <run_address>0x1978</run_address>
         <size>0x10</size>
         <input_file_ref idref="fl-17"/>
      </object_component>
      <object_component id="oc-338">
         <name>.text:PWMGenPeriodSet</name>
         <load_address>0x1988</load_address>
         <run_address>0x1988</run_address>
         <size>0x10</size>
         <input_file_ref idref="fl-18"/>
      </object_component>
      <object_component id="oc-ad">
         <name>.text:QEIVelocityConfigure</name>
         <load_address>0x1998</load_address>
         <run_address>0x1998</run_address>
         <size>0x10</size>
         <input_file_ref idref="fl-19"/>
      </object_component>
      <object_component id="oc-12f">
         <name>.text:ADCHardwareOversampleConfigure</name>
         <load_address>0x19a8</load_address>
         <run_address>0x19a8</run_address>
         <size>0xe</size>
         <input_file_ref idref="fl-14"/>
      </object_component>
      <object_component id="oc-135">
         <name>.text:ADCSequenceEnable</name>
         <load_address>0x19b6</load_address>
         <run_address>0x19b6</run_address>
         <size>0xe</size>
         <input_file_ref idref="fl-14"/>
      </object_component>
      <object_component id="oc-160">
         <name>.text:GPIOIntDisable</name>
         <load_address>0x19c4</load_address>
         <run_address>0x19c4</run_address>
         <size>0xe</size>
         <input_file_ref idref="fl-16"/>
      </object_component>
      <object_component id="oc-154">
         <name>.text:GPIOIntStatus</name>
         <load_address>0x19d2</load_address>
         <run_address>0x19d2</run_address>
         <size>0xe</size>
         <input_file_ref idref="fl-16"/>
      </object_component>
      <object_component id="oc-9b">
         <name>.text:QEIConfigure</name>
         <load_address>0x19e0</load_address>
         <run_address>0x19e0</run_address>
         <size>0xe</size>
         <input_file_ref idref="fl-19"/>
      </object_component>
      <object_component id="oc-d8">
         <name>.text:QEIDirectionGet</name>
         <load_address>0x19ee</load_address>
         <run_address>0x19ee</run_address>
         <size>0xe</size>
         <input_file_ref idref="fl-19"/>
      </object_component>
      <object_component id="oc-18e">
         <name>.text:UARTCharGetNonBlocking</name>
         <load_address>0x19fc</load_address>
         <run_address>0x19fc</run_address>
         <size>0xe</size>
         <input_file_ref idref="fl-1b"/>
      </object_component>
      <object_component id="oc-194">
         <name>.text:UARTCharsAvail</name>
         <load_address>0x1a0a</load_address>
         <run_address>0x1a0a</run_address>
         <size>0xe</size>
         <input_file_ref idref="fl-1b"/>
      </object_component>
      <object_component id="oc-18">
         <name>.text:decompress:none:__TI_decompress_none</name>
         <load_address>0x1a18</load_address>
         <run_address>0x1a18</run_address>
         <size>0xe</size>
         <input_file_ref idref="fl-d8"/>
      </object_component>
      <object_component id="oc-11d">
         <name>.text:ADCReferenceSet</name>
         <load_address>0x1a26</load_address>
         <run_address>0x1a26</run_address>
         <size>0xc</size>
         <input_file_ref idref="fl-14"/>
      </object_component>
      <object_component id="oc-34c">
         <name>.text:CPUcpsie</name>
         <load_address>0x1a32</load_address>
         <run_address>0x1a32</run_address>
         <size>0xc</size>
         <input_file_ref idref="fl-1c"/>
      </object_component>
      <object_component id="oc-172">
         <name>.text:GPIOIntEnable</name>
         <load_address>0x1a3e</load_address>
         <run_address>0x1a3e</run_address>
         <size>0xc</size>
         <input_file_ref idref="fl-16"/>
      </object_component>
      <object_component id="oc-344">
         <name>.text:PWMGenEnable</name>
         <load_address>0x1a4a</load_address>
         <run_address>0x1a4a</run_address>
         <size>0xc</size>
         <input_file_ref idref="fl-18"/>
      </object_component>
      <object_component id="oc-24">
         <name>.text</name>
         <load_address>0x1a56</load_address>
         <run_address>0x1a56</run_address>
         <size>0xc</size>
         <input_file_ref idref="fl-3"/>
      </object_component>
      <object_component id="oc-f6">
         <name>.text:ADCIntClear</name>
         <load_address>0x1a62</load_address>
         <run_address>0x1a62</run_address>
         <size>0xa</size>
         <input_file_ref idref="fl-14"/>
      </object_component>
      <object_component id="oc-a1">
         <name>.text:QEIEnable</name>
         <load_address>0x1a6c</load_address>
         <run_address>0x1a6c</run_address>
         <size>0xa</size>
         <input_file_ref idref="fl-19"/>
      </object_component>
      <object_component id="oc-c6">
         <name>.text:QEIIntStatus</name>
         <load_address>0x1a76</load_address>
         <run_address>0x1a76</run_address>
         <size>0xa</size>
         <input_file_ref idref="fl-19"/>
      </object_component>
      <object_component id="oc-b3">
         <name>.text:QEIVelocityEnable</name>
         <load_address>0x1a80</load_address>
         <run_address>0x1a80</run_address>
         <size>0xa</size>
         <input_file_ref idref="fl-19"/>
      </object_component>
      <object_component id="oc-35f">
         <name>.text:UARTCharGet</name>
         <load_address>0x1a8a</load_address>
         <run_address>0x1a8a</run_address>
         <size>0xa</size>
         <input_file_ref idref="fl-1b"/>
      </object_component>
      <object_component id="oc-359">
         <name>.text:UARTCharPut</name>
         <load_address>0x1a94</load_address>
         <run_address>0x1a94</run_address>
         <size>0xa</size>
         <input_file_ref idref="fl-1b"/>
      </object_component>
      <object_component id="oc-1a6">
         <name>.text:UARTFIFOEnable</name>
         <load_address>0x1a9e</load_address>
         <run_address>0x1a9e</run_address>
         <size>0xa</size>
         <input_file_ref idref="fl-1b"/>
      </object_component>
      <object_component id="oc-182">
         <name>.text:UARTIntStatus</name>
         <load_address>0x1aa8</load_address>
         <run_address>0x1aa8</run_address>
         <size>0xa</size>
         <input_file_ref idref="fl-1b"/>
      </object_component>
      <object_component id="oc-b9">
         <name>.text:QEIIntEnable</name>
         <load_address>0x1ab2</load_address>
         <run_address>0x1ab2</run_address>
         <size>0x8</size>
         <input_file_ref idref="fl-19"/>
      </object_component>
      <object_component id="oc-1b2">
         <name>.text:UARTIntEnable</name>
         <load_address>0x1aba</load_address>
         <run_address>0x1aba</run_address>
         <size>0x8</size>
         <input_file_ref idref="fl-1b"/>
      </object_component>
      <object_component id="oc-15a">
         <name>.text:GPIOIntClear</name>
         <load_address>0x1ac2</load_address>
         <run_address>0x1ac2</run_address>
         <size>0x6</size>
         <input_file_ref idref="fl-16"/>
      </object_component>
      <object_component id="oc-28f">
         <name>.text:GPIOPinWrite</name>
         <load_address>0x1ac8</load_address>
         <run_address>0x1ac8</run_address>
         <size>0x6</size>
         <input_file_ref idref="fl-16"/>
      </object_component>
      <object_component id="oc-c5">
         <name>.text:SysCtlDelay</name>
         <load_address>0x1ace</load_address>
         <run_address>0x1ace</run_address>
         <size>0x6</size>
         <input_file_ref idref="fl-1a"/>
      </object_component>
      <object_component id="oc-1ac">
         <name>.text:UARTFIFOLevelSet</name>
         <load_address>0x1ad4</load_address>
         <run_address>0x1ad4</run_address>
         <size>0x6</size>
         <input_file_ref idref="fl-1b"/>
      </object_component>
      <object_component id="oc-cc">
         <name>.text:QEIIntClear</name>
         <load_address>0x1ada</load_address>
         <run_address>0x1ada</run_address>
         <size>0x4</size>
         <input_file_ref idref="fl-19"/>
      </object_component>
      <object_component id="oc-de">
         <name>.text:QEIPositionGet</name>
         <load_address>0x1ade</load_address>
         <run_address>0x1ade</run_address>
         <size>0x4</size>
         <input_file_ref idref="fl-19"/>
      </object_component>
      <object_component id="oc-d2">
         <name>.text:QEIVelocityGet</name>
         <load_address>0x1ae2</load_address>
         <run_address>0x1ae2</run_address>
         <size>0x4</size>
         <input_file_ref idref="fl-19"/>
      </object_component>
      <object_component id="oc-188">
         <name>.text:UARTIntClear</name>
         <load_address>0x1ae6</load_address>
         <run_address>0x1ae6</run_address>
         <size>0x4</size>
         <input_file_ref idref="fl-1b"/>
      </object_component>
      <object_component id="oc-1dc">
         <name>.text:_system_pre_init</name>
         <load_address>0x1aea</load_address>
         <run_address>0x1aea</run_address>
         <size>0x4</size>
         <input_file_ref idref="fl-de"/>
      </object_component>
      <object_component id="oc-2c0">
         <name>.text:abort:abort</name>
         <load_address>0x1aee</load_address>
         <run_address>0x1aee</run_address>
         <size>0x4</size>
         <input_file_ref idref="fl-e0"/>
      </object_component>
      <object_component id="oc-23c">
         <name>.const:g_pui32Regs</name>
         <load_address>0x1af4</load_address>
         <run_address>0x1af4</run_address>
         <size>0x9c</size>
         <input_file_ref idref="fl-17"/>
      </object_component>
      <object_component id="oc-1fc">
         <name>.const:g_pui32GPIOBaseAddrs</name>
         <load_address>0x1b90</load_address>
         <run_address>0x1b90</run_address>
         <size>0x90</size>
         <input_file_ref idref="fl-16"/>
      </object_component>
      <object_component id="oc-212">
         <name>.const</name>
         <load_address>0x1c20</load_address>
         <run_address>0x1c20</run_address>
         <size>0x70</size>
         <input_file_ref idref="fl-17"/>
      </object_component>
      <object_component id="oc-20b">
         <name>.const:g_pui32Xtals</name>
         <load_address>0x1c90</load_address>
         <run_address>0x1c90</run_address>
         <size>0x6c</size>
         <input_file_ref idref="fl-1a"/>
      </object_component>
      <object_component id="oc-3b6">
         <name>.const:.string</name>
         <load_address>0x1cfc</load_address>
         <run_address>0x1cfc</run_address>
         <size>0x12</size>
         <input_file_ref idref="fl-4"/>
      </object_component>
      <object_component id="oc-36b">
         <name>.const:g_ui32UARTBase</name>
         <load_address>0x1d10</load_address>
         <run_address>0x1d10</run_address>
         <size>0xc</size>
         <input_file_ref idref="fl-4"/>
      </object_component>
      <object_component id="oc-365">
         <name>.const:g_ui32UARTPeriph</name>
         <load_address>0x1d1c</load_address>
         <run_address>0x1d1c</run_address>
         <size>0xc</size>
         <input_file_ref idref="fl-4"/>
      </object_component>
      <object_component id="oc-373">
         <name>.const</name>
         <load_address>0x1d28</load_address>
         <run_address>0x1d28</run_address>
         <size>0x4</size>
         <input_file_ref idref="fl-4"/>
      </object_component>
      <object_component id="oc-417">
         <name>.cinit..data.load</name>
         <load_address>0x1d30</load_address>
         <run_address>0x1d30</run_address>
         <size>0x53</size>
      </object_component>
      <object_component id="oc-415">
         <name>__TI_handler_table</name>
         <load_address>0x1d84</load_address>
         <run_address>0x1d84</run_address>
         <size>0xc</size>
      </object_component>
      <object_component id="oc-418">
         <name>.cinit..bss.load</name>
         <load_address>0x1d90</load_address>
         <run_address>0x1d90</run_address>
         <size>0x8</size>
      </object_component>
      <object_component id="oc-416">
         <name>__TI_cinit_table</name>
         <load_address>0x1d98</load_address>
         <run_address>0x1d98</run_address>
         <size>0x10</size>
      </object_component>
      <object_component id="oc-368">
         <name>.data</name>
         <load_address>0x20000268</load_address>
         <run_address>0x20000268</run_address>
         <size>0x5</size>
         <input_file_ref idref="fl-4"/>
      </object_component>
      <object_component id="oc-150">
         <name>.data</name>
         <load_address>0x2000026d</load_address>
         <run_address>0x2000026d</run_address>
         <size>0x1</size>
         <input_file_ref idref="fl-5"/>
      </object_component>
      <object_component id="oc-17e">
         <name>.data</name>
         <load_address>0x20000270</load_address>
         <run_address>0x20000270</run_address>
         <size>0x4</size>
         <input_file_ref idref="fl-a"/>
      </object_component>
      <object_component id="oc-e7">
         <name>.data</name>
         <load_address>0x2000026e</load_address>
         <run_address>0x2000026e</run_address>
         <size>0x1</size>
         <input_file_ref idref="fl-b"/>
      </object_component>
      <object_component id="oc-e4">
         <name>.data:qei_data_array</name>
         <load_address>0x20000200</load_address>
         <run_address>0x20000200</run_address>
         <size>0x68</size>
         <input_file_ref idref="fl-b"/>
      </object_component>
      <object_component id="oc-14d">
         <name>.common:Ch0Value</name>
         <uninitialized>true</uninitialized>
         <run_address>0x20000274</run_address>
         <size>0x4</size>
      </object_component>
      <object_component id="oc-21">
         <name>.stack</name>
         <uninitialized>true</uninitialized>
         <run_address>0x20000000</run_address>
         <size>0x4</size>
         <input_file_ref idref="fl-da"/>
      </object_component>
      <object_component id="oc-419">
         <name>.stack</name>
         <uninitialized>true</uninitialized>
         <run_address>0x20000000</run_address>
         <size>0x0</size>
      </object_component>
      <object_component id="oc-266">
         <name>.debug_info</name>
         <load_address>0x0</load_address>
         <run_address>0x0</run_address>
         <size>0x5d0</size>
         <input_file_ref idref="fl-2"/>
      </object_component>
      <object_component id="oc-1e3">
         <name>.debug_info</name>
         <load_address>0x5d0</load_address>
         <run_address>0x5d0</run_address>
         <size>0x244</size>
         <input_file_ref idref="fl-2"/>
      </object_component>
      <object_component id="oc-31c">
         <name>.debug_info</name>
         <load_address>0x814</load_address>
         <run_address>0x814</run_address>
         <size>0x51</size>
         <input_file_ref idref="fl-2"/>
      </object_component>
      <object_component id="oc-1c1">
         <name>.debug_info</name>
         <load_address>0x865</load_address>
         <run_address>0x865</run_address>
         <size>0x26b</size>
         <input_file_ref idref="fl-2"/>
      </object_component>
      <object_component id="oc-222">
         <name>.debug_info</name>
         <load_address>0xad0</load_address>
         <run_address>0xad0</run_address>
         <size>0x13a</size>
         <input_file_ref idref="fl-2"/>
      </object_component>
      <object_component id="oc-1b9">
         <name>.debug_info</name>
         <load_address>0xc0a</load_address>
         <run_address>0xc0a</run_address>
         <size>0x8b</size>
         <input_file_ref idref="fl-2"/>
      </object_component>
      <object_component id="oc-227">
         <name>.debug_info</name>
         <load_address>0xc95</load_address>
         <run_address>0xc95</run_address>
         <size>0x297</size>
         <input_file_ref idref="fl-2"/>
      </object_component>
      <object_component id="oc-ec">
         <name>.debug_info</name>
         <load_address>0xf2c</load_address>
         <run_address>0xf2c</run_address>
         <size>0xbb</size>
         <input_file_ref idref="fl-2"/>
      </object_component>
      <object_component id="oc-378">
         <name>.debug_info</name>
         <load_address>0xfe7</load_address>
         <run_address>0xfe7</run_address>
         <size>0x2c</size>
         <input_file_ref idref="fl-2"/>
      </object_component>
      <object_component id="oc-44">
         <name>.debug_info</name>
         <load_address>0x1013</load_address>
         <run_address>0x1013</run_address>
         <size>0x32d</size>
         <input_file_ref idref="fl-3"/>
      </object_component>
      <object_component id="oc-10">
         <name>.debug_info</name>
         <load_address>0x1340</load_address>
         <run_address>0x1340</run_address>
         <size>0xdc</size>
         <input_file_ref idref="fl-3"/>
      </object_component>
      <object_component id="oc-25">
         <name>.debug_info</name>
         <load_address>0x141c</load_address>
         <run_address>0x141c</run_address>
         <size>0x258</size>
         <input_file_ref idref="fl-3"/>
      </object_component>
      <object_component id="oc-4b">
         <name>.debug_info</name>
         <load_address>0x1674</load_address>
         <run_address>0x1674</run_address>
         <size>0x84</size>
         <input_file_ref idref="fl-3"/>
      </object_component>
      <object_component id="oc-377">
         <name>.debug_info</name>
         <load_address>0x16f8</load_address>
         <run_address>0x16f8</run_address>
         <size>0x403</size>
         <input_file_ref idref="fl-4"/>
      </object_component>
      <object_component id="oc-369">
         <name>.debug_info</name>
         <load_address>0x1afb</load_address>
         <run_address>0x1afb</run_address>
         <size>0xfa</size>
         <input_file_ref idref="fl-4"/>
      </object_component>
      <object_component id="oc-374">
         <name>.debug_info</name>
         <load_address>0x1bf5</load_address>
         <run_address>0x1bf5</run_address>
         <size>0xf4</size>
         <input_file_ref idref="fl-4"/>
      </object_component>
      <object_component id="oc-36c">
         <name>.debug_info</name>
         <load_address>0x1ce9</load_address>
         <run_address>0x1ce9</run_address>
         <size>0x102</size>
         <input_file_ref idref="fl-4"/>
      </object_component>
      <object_component id="oc-366">
         <name>.debug_info</name>
         <load_address>0x1deb</load_address>
         <run_address>0x1deb</run_address>
         <size>0x106</size>
         <input_file_ref idref="fl-4"/>
      </object_component>
      <object_component id="oc-2ae">
         <name>.debug_info</name>
         <load_address>0x1ef1</load_address>
         <run_address>0x1ef1</run_address>
         <size>0x9fb</size>
         <input_file_ref idref="fl-4"/>
      </object_component>
      <object_component id="oc-14e">
         <name>.debug_info</name>
         <load_address>0x28ec</load_address>
         <run_address>0x28ec</run_address>
         <size>0x629</size>
         <input_file_ref idref="fl-5"/>
      </object_component>
      <object_component id="oc-151">
         <name>.debug_info</name>
         <load_address>0x2f15</load_address>
         <run_address>0x2f15</run_address>
         <size>0xcb</size>
         <input_file_ref idref="fl-5"/>
      </object_component>
      <object_component id="oc-31">
         <name>.debug_info</name>
         <load_address>0x2fe0</load_address>
         <run_address>0x2fe0</run_address>
         <size>0x3ba</size>
         <input_file_ref idref="fl-5"/>
      </object_component>
      <object_component id="oc-39">
         <name>.debug_info</name>
         <load_address>0x339a</load_address>
         <run_address>0x339a</run_address>
         <size>0x2bf</size>
         <input_file_ref idref="fl-6"/>
      </object_component>
      <object_component id="oc-298">
         <name>.debug_info</name>
         <load_address>0x3659</load_address>
         <run_address>0x3659</run_address>
         <size>0x165</size>
         <input_file_ref idref="fl-7"/>
      </object_component>
      <object_component id="oc-17f">
         <name>.debug_info</name>
         <load_address>0x37be</load_address>
         <run_address>0x37be</run_address>
         <size>0xc7</size>
         <input_file_ref idref="fl-a"/>
      </object_component>
      <object_component id="oc-29c">
         <name>.debug_info</name>
         <load_address>0x3885</load_address>
         <run_address>0x3885</run_address>
         <size>0x22d</size>
         <input_file_ref idref="fl-a"/>
      </object_component>
      <object_component id="oc-eb">
         <name>.debug_info</name>
         <load_address>0x3ab2</load_address>
         <run_address>0x3ab2</run_address>
         <size>0x5b8</size>
         <input_file_ref idref="fl-b"/>
      </object_component>
      <object_component id="oc-e8">
         <name>.debug_info</name>
         <load_address>0x406a</load_address>
         <run_address>0x406a</run_address>
         <size>0xc9</size>
         <input_file_ref idref="fl-b"/>
      </object_component>
      <object_component id="oc-e5">
         <name>.debug_info</name>
         <load_address>0x4133</load_address>
         <run_address>0x4133</run_address>
         <size>0xd3</size>
         <input_file_ref idref="fl-b"/>
      </object_component>
      <object_component id="oc-2b">
         <name>.debug_info</name>
         <load_address>0x4206</load_address>
         <run_address>0x4206</run_address>
         <size>0x48c</size>
         <input_file_ref idref="fl-b"/>
      </object_component>
      <object_component id="oc-2a2">
         <name>.debug_info</name>
         <load_address>0x4692</load_address>
         <run_address>0x4692</run_address>
         <size>0x2ca</size>
         <input_file_ref idref="fl-c"/>
      </object_component>
      <object_component id="oc-1be">
         <name>.debug_info</name>
         <load_address>0x495c</load_address>
         <run_address>0x495c</run_address>
         <size>0x59e</size>
         <input_file_ref idref="fl-e"/>
      </object_component>
      <object_component id="oc-40">
         <name>.debug_info</name>
         <load_address>0x4efa</load_address>
         <run_address>0x4efa</run_address>
         <size>0x3fe</size>
         <input_file_ref idref="fl-e"/>
      </object_component>
      <object_component id="oc-22e">
         <name>.debug_info</name>
         <load_address>0x52f8</load_address>
         <run_address>0x52f8</run_address>
         <size>0x24d</size>
         <input_file_ref idref="fl-14"/>
      </object_component>
      <object_component id="oc-12c">
         <name>.debug_info</name>
         <load_address>0x5545</load_address>
         <run_address>0x5545</run_address>
         <size>0x333</size>
         <input_file_ref idref="fl-14"/>
      </object_component>
      <object_component id="oc-138">
         <name>.debug_info</name>
         <load_address>0x5878</load_address>
         <run_address>0x5878</run_address>
         <size>0x2a0</size>
         <input_file_ref idref="fl-14"/>
      </object_component>
      <object_component id="oc-ff">
         <name>.debug_info</name>
         <load_address>0x5b18</load_address>
         <run_address>0x5b18</run_address>
         <size>0x2ff</size>
         <input_file_ref idref="fl-14"/>
      </object_component>
      <object_component id="oc-126">
         <name>.debug_info</name>
         <load_address>0x5e17</load_address>
         <run_address>0x5e17</run_address>
         <size>0x326</size>
         <input_file_ref idref="fl-14"/>
      </object_component>
      <object_component id="oc-120">
         <name>.debug_info</name>
         <load_address>0x613d</load_address>
         <run_address>0x613d</run_address>
         <size>0x27c</size>
         <input_file_ref idref="fl-14"/>
      </object_component>
      <object_component id="oc-14a">
         <name>.debug_info</name>
         <load_address>0x63b9</load_address>
         <run_address>0x63b9</run_address>
         <size>0x2a4</size>
         <input_file_ref idref="fl-14"/>
      </object_component>
      <object_component id="oc-13e">
         <name>.debug_info</name>
         <load_address>0x665d</load_address>
         <run_address>0x665d</run_address>
         <size>0x296</size>
         <input_file_ref idref="fl-14"/>
      </object_component>
      <object_component id="oc-f9">
         <name>.debug_info</name>
         <load_address>0x68f3</load_address>
         <run_address>0x68f3</run_address>
         <size>0x294</size>
         <input_file_ref idref="fl-14"/>
      </object_component>
      <object_component id="oc-132">
         <name>.debug_info</name>
         <load_address>0x6b87</load_address>
         <run_address>0x6b87</run_address>
         <size>0x2c1</size>
         <input_file_ref idref="fl-14"/>
      </object_component>
      <object_component id="oc-11a">
         <name>.debug_info</name>
         <load_address>0x6e48</load_address>
         <run_address>0x6e48</run_address>
         <size>0x2ce</size>
         <input_file_ref idref="fl-14"/>
      </object_component>
      <object_component id="oc-1f5">
         <name>.debug_info</name>
         <load_address>0x7116</load_address>
         <run_address>0x7116</run_address>
         <size>0x18b</size>
         <input_file_ref idref="fl-14"/>
      </object_component>
      <object_component id="oc-27f">
         <name>.debug_info</name>
         <load_address>0x72a1</load_address>
         <run_address>0x72a1</run_address>
         <size>0x225</size>
         <input_file_ref idref="fl-15"/>
      </object_component>
      <object_component id="oc-287">
         <name>.debug_info</name>
         <load_address>0x74c6</load_address>
         <run_address>0x74c6</run_address>
         <size>0x20d</size>
         <input_file_ref idref="fl-15"/>
      </object_component>
      <object_component id="oc-200">
         <name>.debug_info</name>
         <load_address>0x76d3</load_address>
         <run_address>0x76d3</run_address>
         <size>0x240</size>
         <input_file_ref idref="fl-16"/>
      </object_component>
      <object_component id="oc-1fd">
         <name>.debug_info</name>
         <load_address>0x7913</load_address>
         <run_address>0x7913</run_address>
         <size>0x15b</size>
         <input_file_ref idref="fl-16"/>
      </object_component>
      <object_component id="oc-292">
         <name>.debug_info</name>
         <load_address>0x7a6e</load_address>
         <run_address>0x7a6e</run_address>
         <size>0x2a3</size>
         <input_file_ref idref="fl-16"/>
      </object_component>
      <object_component id="oc-204">
         <name>.debug_info</name>
         <load_address>0x7d11</load_address>
         <run_address>0x7d11</run_address>
         <size>0x2b3</size>
         <input_file_ref idref="fl-16"/>
      </object_component>
      <object_component id="oc-16f">
         <name>.debug_info</name>
         <load_address>0x7fc4</load_address>
         <run_address>0x7fc4</run_address>
         <size>0x316</size>
         <input_file_ref idref="fl-16"/>
      </object_component>
      <object_component id="oc-1a3">
         <name>.debug_info</name>
         <load_address>0x82da</load_address>
         <run_address>0x82da</run_address>
         <size>0x27b</size>
         <input_file_ref idref="fl-16"/>
      </object_component>
      <object_component id="oc-98">
         <name>.debug_info</name>
         <load_address>0x8555</load_address>
         <run_address>0x8555</run_address>
         <size>0x279</size>
         <input_file_ref idref="fl-16"/>
      </object_component>
      <object_component id="oc-32f">
         <name>.debug_info</name>
         <load_address>0x87ce</load_address>
         <run_address>0x87ce</run_address>
         <size>0x279</size>
         <input_file_ref idref="fl-16"/>
      </object_component>
      <object_component id="oc-28a">
         <name>.debug_info</name>
         <load_address>0x8a47</load_address>
         <run_address>0x8a47</run_address>
         <size>0x2b7</size>
         <input_file_ref idref="fl-16"/>
      </object_component>
      <object_component id="oc-167">
         <name>.debug_info</name>
         <load_address>0x8cfe</load_address>
         <run_address>0x8cfe</run_address>
         <size>0x285</size>
         <input_file_ref idref="fl-16"/>
      </object_component>
      <object_component id="oc-112">
         <name>.debug_info</name>
         <load_address>0x8f83</load_address>
         <run_address>0x8f83</run_address>
         <size>0x279</size>
         <input_file_ref idref="fl-16"/>
      </object_component>
      <object_component id="oc-90">
         <name>.debug_info</name>
         <load_address>0x91fc</load_address>
         <run_address>0x91fc</run_address>
         <size>0x280</size>
         <input_file_ref idref="fl-16"/>
      </object_component>
      <object_component id="oc-179">
         <name>.debug_info</name>
         <load_address>0x947c</load_address>
         <run_address>0x947c</run_address>
         <size>0x2bb</size>
         <input_file_ref idref="fl-16"/>
      </object_component>
      <object_component id="oc-155">
         <name>.debug_info</name>
         <load_address>0x9737</load_address>
         <run_address>0x9737</run_address>
         <size>0x27f</size>
         <input_file_ref idref="fl-16"/>
      </object_component>
      <object_component id="oc-173">
         <name>.debug_info</name>
         <load_address>0x99b6</load_address>
         <run_address>0x99b6</run_address>
         <size>0x28f</size>
         <input_file_ref idref="fl-16"/>
      </object_component>
      <object_component id="oc-161">
         <name>.debug_info</name>
         <load_address>0x9c45</load_address>
         <run_address>0x9c45</run_address>
         <size>0x291</size>
         <input_file_ref idref="fl-16"/>
      </object_component>
      <object_component id="oc-15b">
         <name>.debug_info</name>
         <load_address>0x9ed6</load_address>
         <run_address>0x9ed6</run_address>
         <size>0x28d</size>
         <input_file_ref idref="fl-16"/>
      </object_component>
      <object_component id="oc-216">
         <name>.debug_info</name>
         <load_address>0xa163</load_address>
         <run_address>0xa163</run_address>
         <size>0x20e</size>
         <input_file_ref idref="fl-17"/>
      </object_component>
      <object_component id="oc-213">
         <name>.debug_info</name>
         <load_address>0xa371</load_address>
         <run_address>0xa371</run_address>
         <size>0x210</size>
         <input_file_ref idref="fl-17"/>
      </object_component>
      <object_component id="oc-23d">
         <name>.debug_info</name>
         <load_address>0xa581</load_address>
         <run_address>0xa581</run_address>
         <size>0x14e</size>
         <input_file_ref idref="fl-17"/>
      </object_component>
      <object_component id="oc-145">
         <name>.debug_info</name>
         <load_address>0xa6cf</load_address>
         <run_address>0xa6cf</run_address>
         <size>0x2c9</size>
         <input_file_ref idref="fl-17"/>
      </object_component>
      <object_component id="oc-2ab">
         <name>.debug_info</name>
         <load_address>0xa998</load_address>
         <run_address>0xa998</run_address>
         <size>0x23e</size>
         <input_file_ref idref="fl-17"/>
      </object_component>
      <object_component id="oc-c3">
         <name>.debug_info</name>
         <load_address>0xabd6</load_address>
         <run_address>0xabd6</run_address>
         <size>0x268</size>
         <input_file_ref idref="fl-17"/>
      </object_component>
      <object_component id="oc-37e">
         <name>.debug_info</name>
         <load_address>0xae3e</load_address>
         <run_address>0xae3e</run_address>
         <size>0x1ed</size>
         <input_file_ref idref="fl-18"/>
      </object_component>
      <object_component id="oc-2ba">
         <name>.debug_info</name>
         <load_address>0xb02b</load_address>
         <run_address>0xb02b</run_address>
         <size>0x2f6</size>
         <input_file_ref idref="fl-18"/>
      </object_component>
      <object_component id="oc-33f">
         <name>.debug_info</name>
         <load_address>0xb321</load_address>
         <run_address>0xb321</run_address>
         <size>0x2c4</size>
         <input_file_ref idref="fl-18"/>
      </object_component>
      <object_component id="oc-339">
         <name>.debug_info</name>
         <load_address>0xb5e5</load_address>
         <run_address>0xb5e5</run_address>
         <size>0x2b6</size>
         <input_file_ref idref="fl-18"/>
      </object_component>
      <object_component id="oc-2b4">
         <name>.debug_info</name>
         <load_address>0xb89b</load_address>
         <run_address>0xb89b</run_address>
         <size>0x280</size>
         <input_file_ref idref="fl-18"/>
      </object_component>
      <object_component id="oc-345">
         <name>.debug_info</name>
         <load_address>0xbb1b</load_address>
         <run_address>0xbb1b</run_address>
         <size>0x276</size>
         <input_file_ref idref="fl-18"/>
      </object_component>
      <object_component id="oc-333">
         <name>.debug_info</name>
         <load_address>0xbd91</load_address>
         <run_address>0xbd91</run_address>
         <size>0x2b3</size>
         <input_file_ref idref="fl-18"/>
      </object_component>
      <object_component id="oc-209">
         <name>.debug_info</name>
         <load_address>0xc044</load_address>
         <run_address>0xc044</run_address>
         <size>0x1e8</size>
         <input_file_ref idref="fl-19"/>
      </object_component>
      <object_component id="oc-d4">
         <name>.debug_info</name>
         <load_address>0xc22c</load_address>
         <run_address>0xc22c</run_address>
         <size>0x250</size>
         <input_file_ref idref="fl-19"/>
      </object_component>
      <object_component id="oc-b5">
         <name>.debug_info</name>
         <load_address>0xc47c</load_address>
         <run_address>0xc47c</run_address>
         <size>0x252</size>
         <input_file_ref idref="fl-19"/>
      </object_component>
      <object_component id="oc-af">
         <name>.debug_info</name>
         <load_address>0xc6ce</load_address>
         <run_address>0xc6ce</run_address>
         <size>0x2cc</size>
         <input_file_ref idref="fl-19"/>
      </object_component>
      <object_component id="oc-e0">
         <name>.debug_info</name>
         <load_address>0xc99a</load_address>
         <run_address>0xc99a</run_address>
         <size>0x24d</size>
         <input_file_ref idref="fl-19"/>
      </object_component>
      <object_component id="oc-c8">
         <name>.debug_info</name>
         <load_address>0xcbe7</load_address>
         <run_address>0xcbe7</run_address>
         <size>0x27a</size>
         <input_file_ref idref="fl-19"/>
      </object_component>
      <object_component id="oc-bb">
         <name>.debug_info</name>
         <load_address>0xce61</load_address>
         <run_address>0xce61</run_address>
         <size>0x28a</size>
         <input_file_ref idref="fl-19"/>
      </object_component>
      <object_component id="oc-ce">
         <name>.debug_info</name>
         <load_address>0xd0eb</load_address>
         <run_address>0xd0eb</run_address>
         <size>0x288</size>
         <input_file_ref idref="fl-19"/>
      </object_component>
      <object_component id="oc-a3">
         <name>.debug_info</name>
         <load_address>0xd373</load_address>
         <run_address>0xd373</run_address>
         <size>0x23f</size>
         <input_file_ref idref="fl-19"/>
      </object_component>
      <object_component id="oc-db">
         <name>.debug_info</name>
         <load_address>0xd5b2</load_address>
         <run_address>0xd5b2</run_address>
         <size>0x24f</size>
         <input_file_ref idref="fl-19"/>
      </object_component>
      <object_component id="oc-9d">
         <name>.debug_info</name>
         <load_address>0xd801</load_address>
         <run_address>0xd801</run_address>
         <size>0x2cd</size>
         <input_file_ref idref="fl-19"/>
      </object_component>
      <object_component id="oc-1fa">
         <name>.debug_info</name>
         <load_address>0xdace</load_address>
         <run_address>0xdace</run_address>
         <size>0x298</size>
         <input_file_ref idref="fl-1a"/>
      </object_component>
      <object_component id="oc-20c">
         <name>.debug_info</name>
         <load_address>0xdd66</load_address>
         <run_address>0xdd66</run_address>
         <size>0x14d</size>
         <input_file_ref idref="fl-1a"/>
      </object_component>
      <object_component id="oc-8a">
         <name>.debug_info</name>
         <load_address>0xdeb3</load_address>
         <run_address>0xdeb3</run_address>
         <size>0x27f</size>
         <input_file_ref idref="fl-1a"/>
      </object_component>
      <object_component id="oc-354">
         <name>.debug_info</name>
         <load_address>0xe132</load_address>
         <run_address>0xe132</run_address>
         <size>0x283</size>
         <input_file_ref idref="fl-1a"/>
      </object_component>
      <object_component id="oc-84">
         <name>.debug_info</name>
         <load_address>0xe3b5</load_address>
         <run_address>0xe3b5</run_address>
         <size>0x27d</size>
         <input_file_ref idref="fl-1a"/>
      </object_component>
      <object_component id="oc-327">
         <name>.debug_info</name>
         <load_address>0xe632</load_address>
         <run_address>0xe632</run_address>
         <size>0x263</size>
         <input_file_ref idref="fl-1a"/>
      </object_component>
      <object_component id="oc-278">
         <name>.debug_info</name>
         <load_address>0xe895</load_address>
         <run_address>0xe895</run_address>
         <size>0x2db</size>
         <input_file_ref idref="fl-1a"/>
      </object_component>
      <object_component id="oc-a8">
         <name>.debug_info</name>
         <load_address>0xeb70</load_address>
         <run_address>0xeb70</run_address>
         <size>0x2b5</size>
         <input_file_ref idref="fl-1a"/>
      </object_component>
      <object_component id="oc-300">
         <name>.debug_info</name>
         <load_address>0xee25</load_address>
         <run_address>0xee25</run_address>
         <size>0x5f</size>
         <input_file_ref idref="fl-1a"/>
      </object_component>
      <object_component id="oc-24f">
         <name>.debug_info</name>
         <load_address>0xee84</load_address>
         <run_address>0xee84</run_address>
         <size>0x227</size>
         <input_file_ref idref="fl-1b"/>
      </object_component>
      <object_component id="oc-183">
         <name>.debug_info</name>
         <load_address>0xf0ab</load_address>
         <run_address>0xf0ab</run_address>
         <size>0x27f</size>
         <input_file_ref idref="fl-1b"/>
      </object_component>
      <object_component id="oc-1b3">
         <name>.debug_info</name>
         <load_address>0xf32a</load_address>
         <run_address>0xf32a</run_address>
         <size>0x28f</size>
         <input_file_ref idref="fl-1b"/>
      </object_component>
      <object_component id="oc-189">
         <name>.debug_info</name>
         <load_address>0xf5b9</load_address>
         <run_address>0xf5b9</run_address>
         <size>0x28d</size>
         <input_file_ref idref="fl-1b"/>
      </object_component>
      <object_component id="oc-1ad">
         <name>.debug_info</name>
         <load_address>0xf846</load_address>
         <run_address>0xf846</run_address>
         <size>0x2cf</size>
         <input_file_ref idref="fl-1b"/>
      </object_component>
      <object_component id="oc-1a7">
         <name>.debug_info</name>
         <load_address>0xfb15</load_address>
         <run_address>0xfb15</run_address>
         <size>0x24f</size>
         <input_file_ref idref="fl-1b"/>
      </object_component>
      <object_component id="oc-25a">
         <name>.debug_info</name>
         <load_address>0xfd64</load_address>
         <run_address>0xfd64</run_address>
         <size>0x247</size>
         <input_file_ref idref="fl-1b"/>
      </object_component>
      <object_component id="oc-254">
         <name>.debug_info</name>
         <load_address>0xffab</load_address>
         <run_address>0xffab</run_address>
         <size>0x249</size>
         <input_file_ref idref="fl-1b"/>
      </object_component>
      <object_component id="oc-19b">
         <name>.debug_info</name>
         <load_address>0x101f4</load_address>
         <run_address>0x101f4</run_address>
         <size>0x326</size>
         <input_file_ref idref="fl-1b"/>
      </object_component>
      <object_component id="oc-195">
         <name>.debug_info</name>
         <load_address>0x1051a</load_address>
         <run_address>0x1051a</run_address>
         <size>0x253</size>
         <input_file_ref idref="fl-1b"/>
      </object_component>
      <object_component id="oc-35a">
         <name>.debug_info</name>
         <load_address>0x1076d</load_address>
         <run_address>0x1076d</run_address>
         <size>0x273</size>
         <input_file_ref idref="fl-1b"/>
      </object_component>
      <object_component id="oc-18f">
         <name>.debug_info</name>
         <load_address>0x109e0</load_address>
         <run_address>0x109e0</run_address>
         <size>0x263</size>
         <input_file_ref idref="fl-1b"/>
      </object_component>
      <object_component id="oc-360">
         <name>.debug_info</name>
         <load_address>0x10c43</load_address>
         <run_address>0x10c43</run_address>
         <size>0x24d</size>
         <input_file_ref idref="fl-1b"/>
      </object_component>
      <object_component id="oc-34e">
         <name>.debug_info</name>
         <load_address>0x10e90</load_address>
         <run_address>0x10e90</run_address>
         <size>0x212</size>
         <input_file_ref idref="fl-1c"/>
      </object_component>
      <object_component id="oc-f4">
         <name>.debug_info</name>
         <load_address>0x110a2</load_address>
         <run_address>0x110a2</run_address>
         <size>0x13f</size>
         <input_file_ref idref="fl-d2"/>
      </object_component>
      <object_component id="oc-36f">
         <name>.debug_info</name>
         <load_address>0x111e1</load_address>
         <run_address>0x111e1</run_address>
         <size>0x13a</size>
         <input_file_ref idref="fl-d3"/>
      </object_component>
      <object_component id="oc-108">
         <name>.debug_info</name>
         <load_address>0x1131b</load_address>
         <run_address>0x1131b</run_address>
         <size>0x132</size>
         <input_file_ref idref="fl-d4"/>
      </object_component>
      <object_component id="oc-10e">
         <name>.debug_info</name>
         <load_address>0x1144d</load_address>
         <run_address>0x1144d</run_address>
         <size>0x131</size>
         <input_file_ref idref="fl-d5"/>
      </object_component>
      <object_component id="oc-104">
         <name>.debug_info</name>
         <load_address>0x1157e</load_address>
         <run_address>0x1157e</run_address>
         <size>0x124</size>
         <input_file_ref idref="fl-d6"/>
      </object_component>
      <object_component id="oc-1da">
         <name>.debug_info</name>
         <load_address>0x116a2</load_address>
         <run_address>0x116a2</run_address>
         <size>0x313</size>
         <input_file_ref idref="fl-d7"/>
      </object_component>
      <object_component id="oc-5d">
         <name>.debug_info</name>
         <load_address>0x119b5</load_address>
         <run_address>0x119b5</run_address>
         <size>0x1b4</size>
         <input_file_ref idref="fl-d7"/>
      </object_component>
      <object_component id="oc-1d5">
         <name>.debug_info</name>
         <load_address>0x11b69</load_address>
         <run_address>0x11b69</run_address>
         <size>0x46</size>
         <input_file_ref idref="fl-d7"/>
      </object_component>
      <object_component id="oc-26f">
         <name>.debug_info</name>
         <load_address>0x11baf</load_address>
         <run_address>0x11baf</run_address>
         <size>0x2c</size>
         <input_file_ref idref="fl-d7"/>
      </object_component>
      <object_component id="oc-5b">
         <name>.debug_info</name>
         <load_address>0x11bdb</load_address>
         <run_address>0x11bdb</run_address>
         <size>0x29d</size>
         <input_file_ref idref="fl-d8"/>
      </object_component>
      <object_component id="oc-19">
         <name>.debug_info</name>
         <load_address>0x11e78</load_address>
         <run_address>0x11e78</run_address>
         <size>0x1df</size>
         <input_file_ref idref="fl-d8"/>
      </object_component>
      <object_component id="oc-56">
         <name>.debug_info</name>
         <load_address>0x12057</load_address>
         <run_address>0x12057</run_address>
         <size>0x46</size>
         <input_file_ref idref="fl-d8"/>
      </object_component>
      <object_component id="oc-1cd">
         <name>.debug_info</name>
         <load_address>0x1209d</load_address>
         <run_address>0x1209d</run_address>
         <size>0x2c</size>
         <input_file_ref idref="fl-d8"/>
      </object_component>
      <object_component id="oc-1cb">
         <name>.debug_info</name>
         <load_address>0x120c9</load_address>
         <run_address>0x120c9</run_address>
         <size>0x293</size>
         <input_file_ref idref="fl-d9"/>
      </object_component>
      <object_component id="oc-13">
         <name>.debug_info</name>
         <load_address>0x1235c</load_address>
         <run_address>0x1235c</run_address>
         <size>0x245</size>
         <input_file_ref idref="fl-d9"/>
      </object_component>
      <object_component id="oc-46">
         <name>.debug_info</name>
         <load_address>0x125a1</load_address>
         <run_address>0x125a1</run_address>
         <size>0x60</size>
         <input_file_ref idref="fl-d9"/>
      </object_component>
      <object_component id="oc-268">
         <name>.debug_info</name>
         <load_address>0x12601</load_address>
         <run_address>0x12601</run_address>
         <size>0x46</size>
         <input_file_ref idref="fl-d9"/>
      </object_component>
      <object_component id="oc-1c6">
         <name>.debug_info</name>
         <load_address>0x12647</load_address>
         <run_address>0x12647</run_address>
         <size>0x39</size>
         <input_file_ref idref="fl-d9"/>
      </object_component>
      <object_component id="oc-22">
         <name>.debug_info</name>
         <load_address>0x12680</load_address>
         <run_address>0x12680</run_address>
         <size>0x100</size>
         <input_file_ref idref="fl-da"/>
      </object_component>
      <object_component id="oc-70">
         <name>.debug_info</name>
         <load_address>0x12780</load_address>
         <run_address>0x12780</run_address>
         <size>0x1a4</size>
         <input_file_ref idref="fl-da"/>
      </object_component>
      <object_component id="oc-3b1">
         <name>.debug_info</name>
         <load_address>0x12924</load_address>
         <run_address>0x12924</run_address>
         <size>0x10d</size>
         <input_file_ref idref="fl-db"/>
      </object_component>
      <object_component id="oc-53">
         <name>.debug_info</name>
         <load_address>0x12a31</load_address>
         <run_address>0x12a31</run_address>
         <size>0x111</size>
         <input_file_ref idref="fl-dc"/>
      </object_component>
      <object_component id="oc-38b">
         <name>.debug_info</name>
         <load_address>0x12b42</load_address>
         <run_address>0x12b42</run_address>
         <size>0x547</size>
         <input_file_ref idref="fl-dd"/>
      </object_component>
      <object_component id="oc-2ce">
         <name>.debug_info</name>
         <load_address>0x13089</load_address>
         <run_address>0x13089</run_address>
         <size>0x19b</size>
         <input_file_ref idref="fl-dd"/>
      </object_component>
      <object_component id="oc-3cd">
         <name>.debug_info</name>
         <load_address>0x13224</load_address>
         <run_address>0x13224</run_address>
         <size>0x39</size>
         <input_file_ref idref="fl-dd"/>
      </object_component>
      <object_component id="oc-3e2">
         <name>.debug_info</name>
         <load_address>0x1325d</load_address>
         <run_address>0x1325d</run_address>
         <size>0x39</size>
         <input_file_ref idref="fl-dd"/>
      </object_component>
      <object_component id="oc-3d2">
         <name>.debug_info</name>
         <load_address>0x13296</load_address>
         <run_address>0x13296</run_address>
         <size>0x39</size>
         <input_file_ref idref="fl-dd"/>
      </object_component>
      <object_component id="oc-3d7">
         <name>.debug_info</name>
         <load_address>0x132cf</load_address>
         <run_address>0x132cf</run_address>
         <size>0xcd</size>
         <input_file_ref idref="fl-dd"/>
      </object_component>
      <object_component id="oc-1dd">
         <name>.debug_info</name>
         <load_address>0x1339c</load_address>
         <run_address>0x1339c</run_address>
         <size>0x148</size>
         <input_file_ref idref="fl-de"/>
      </object_component>
      <object_component id="oc-2c3">
         <name>.debug_info</name>
         <load_address>0x134e4</load_address>
         <run_address>0x134e4</run_address>
         <size>0x117</size>
         <input_file_ref idref="fl-e0"/>
      </object_component>
      <object_component id="oc-41a">
         <name>.debug_info</name>
         <load_address>0x135fb</load_address>
         <run_address>0x135fb</run_address>
         <size>0x92</size>
      </object_component>
      <object_component id="oc-31b">
         <name>.debug_line</name>
         <load_address>0x0</load_address>
         <run_address>0x0</run_address>
         <size>0x22a</size>
         <input_file_ref idref="fl-2"/>
      </object_component>
      <object_component id="oc-1e7">
         <name>.debug_line</name>
         <load_address>0x22a</load_address>
         <run_address>0x22a</run_address>
         <size>0x68</size>
         <input_file_ref idref="fl-2"/>
      </object_component>
      <object_component id="oc-31e">
         <name>.debug_line</name>
         <load_address>0x292</load_address>
         <run_address>0x292</run_address>
         <size>0x2d</size>
         <input_file_ref idref="fl-2"/>
      </object_component>
      <object_component id="oc-1c4">
         <name>.debug_line</name>
         <load_address>0x2bf</load_address>
         <run_address>0x2bf</run_address>
         <size>0x73</size>
         <input_file_ref idref="fl-2"/>
      </object_component>
      <object_component id="oc-225">
         <name>.debug_line</name>
         <load_address>0x332</load_address>
         <run_address>0x332</run_address>
         <size>0x34</size>
         <input_file_ref idref="fl-2"/>
      </object_component>
      <object_component id="oc-1bc">
         <name>.debug_line</name>
         <load_address>0x366</load_address>
         <run_address>0x366</run_address>
         <size>0x20</size>
         <input_file_ref idref="fl-2"/>
      </object_component>
      <object_component id="oc-22a">
         <name>.debug_line</name>
         <load_address>0x386</load_address>
         <run_address>0x386</run_address>
         <size>0x77</size>
         <input_file_ref idref="fl-2"/>
      </object_component>
      <object_component id="oc-ef">
         <name>.debug_line</name>
         <load_address>0x3fd</load_address>
         <run_address>0x3fd</run_address>
         <size>0x74</size>
         <input_file_ref idref="fl-2"/>
      </object_component>
      <object_component id="oc-37b">
         <name>.debug_line</name>
         <load_address>0x471</load_address>
         <run_address>0x471</run_address>
         <size>0x6f</size>
         <input_file_ref idref="fl-2"/>
      </object_component>
      <object_component id="oc-1c0">
         <name>.debug_line</name>
         <load_address>0x4e0</load_address>
         <run_address>0x4e0</run_address>
         <size>0x93</size>
         <input_file_ref idref="fl-3"/>
      </object_component>
      <object_component id="oc-43">
         <name>.debug_line</name>
         <load_address>0x573</load_address>
         <run_address>0x573</run_address>
         <size>0x41</size>
         <input_file_ref idref="fl-3"/>
      </object_component>
      <object_component id="oc-28">
         <name>.debug_line</name>
         <load_address>0x5b4</load_address>
         <run_address>0x5b4</run_address>
         <size>0xa1</size>
         <input_file_ref idref="fl-3"/>
      </object_component>
      <object_component id="oc-4e">
         <name>.debug_line</name>
         <load_address>0x655</load_address>
         <run_address>0x655</run_address>
         <size>0x20</size>
         <input_file_ref idref="fl-3"/>
      </object_component>
      <object_component id="oc-3ba">
         <name>.debug_line</name>
         <load_address>0x675</load_address>
         <run_address>0x675</run_address>
         <size>0xa8</size>
         <input_file_ref idref="fl-4"/>
      </object_component>
      <object_component id="oc-3ad">
         <name>.debug_line</name>
         <load_address>0x71d</load_address>
         <run_address>0x71d</run_address>
         <size>0x64</size>
         <input_file_ref idref="fl-4"/>
      </object_component>
      <object_component id="oc-3b8">
         <name>.debug_line</name>
         <load_address>0x781</load_address>
         <run_address>0x781</run_address>
         <size>0x64</size>
         <input_file_ref idref="fl-4"/>
      </object_component>
      <object_component id="oc-3af">
         <name>.debug_line</name>
         <load_address>0x7e5</load_address>
         <run_address>0x7e5</run_address>
         <size>0x64</size>
         <input_file_ref idref="fl-4"/>
      </object_component>
      <object_component id="oc-3ab">
         <name>.debug_line</name>
         <load_address>0x849</load_address>
         <run_address>0x849</run_address>
         <size>0x64</size>
         <input_file_ref idref="fl-4"/>
      </object_component>
      <object_component id="oc-2b1">
         <name>.debug_line</name>
         <load_address>0x8ad</load_address>
         <run_address>0x8ad</run_address>
         <size>0x2b5</size>
         <input_file_ref idref="fl-4"/>
      </object_component>
      <object_component id="oc-242">
         <name>.debug_line</name>
         <load_address>0xb62</load_address>
         <run_address>0xb62</run_address>
         <size>0x146</size>
         <input_file_ref idref="fl-5"/>
      </object_component>
      <object_component id="oc-244">
         <name>.debug_line</name>
         <load_address>0xca8</load_address>
         <run_address>0xca8</run_address>
         <size>0x34</size>
         <input_file_ref idref="fl-5"/>
      </object_component>
      <object_component id="oc-35">
         <name>.debug_line</name>
         <load_address>0xcdc</load_address>
         <run_address>0xcdc</run_address>
         <size>0x9c</size>
         <input_file_ref idref="fl-5"/>
      </object_component>
      <object_component id="oc-37">
         <name>.debug_line</name>
         <load_address>0xd78</load_address>
         <run_address>0xd78</run_address>
         <size>0x8d</size>
         <input_file_ref idref="fl-6"/>
      </object_component>
      <object_component id="oc-297">
         <name>.debug_line</name>
         <load_address>0xe05</load_address>
         <run_address>0xe05</run_address>
         <size>0x51</size>
         <input_file_ref idref="fl-7"/>
      </object_component>
[...]
         <value>0xffffffff</value>
      </symbol>
      <symbol id="sm-d">
         <name>__TI_prof_data_size</name>
         <value>0xffffffff</value>
      </symbol>
      <symbol id="sm-61">
         <name>main</name>
         <value>0xffd</value>
         <object_component_ref idref="oc-1e2"/>
      </symbol>
      <symbol id="sm-82">
         <name>ResetISR</name>
         <value>0x1a57</value>
         <object_component_ref idref="oc-24"/>
      </symbol>
      <symbol id="sm-83">
         <name>g_pfnVectors</name>
         <value>0x0</value>
         <object_component_ref idref="oc-f"/>
      </symbol>
      <symbol id="sm-f2">
         <name>UARTgetc</name>
         <value>0x3b3</value>
         <object_component_ref idref="oc-2ad"/>
      </symbol>
      <symbol id="sm-f3">
         <name>UARTgets</name>
         <value>0x2f9</value>
         <object_component_ref idref="oc-2ad"/>
      </symbol>
      <symbol id="sm-f4">
         <name>UARTStdioConfig</name>
         <value>0x26d</value>
         <object_component_ref idref="oc-2ad"/>
      </symbol>
      <symbol id="sm-f5">
         <name>UARTwrite</name>
         <value>0x2b3</value>
         <object_component_ref idref="oc-2ad"/>
      </symbol>
      <symbol id="sm-f6">
         <name>UARTprintf</name>
         <value>0x6d3</value>
         <object_component_ref idref="oc-2ad"/>
      </symbol>
      <symbol id="sm-f7">
         <name>UARTvprintf</name>
         <value>0x3d9</value>
         <object_component_ref idref="oc-2ad"/>
      </symbol>
      <symbol id="sm-118">
         <name>Ch0Value</name>
         <value>0x20000274</value>
      </symbol>
      <symbol id="sm-119">
         <name>bDataReady</name>
         <value>0x2000026d</value>
         <object_component_ref idref="oc-150"/>
      </symbol>
      <symbol id="sm-11a">
         <name>ADC0IntHander</name>
         <value>0xf0d</value>
         <object_component_ref idref="oc-30"/>
      </symbol>
      <symbol id="sm-11b">
         <name>ADCInit</name>
         <value>0xf55</value>
         <object_component_ref idref="oc-30"/>
      </symbol>
      <symbol id="sm-11c">
         <name>ADC_Trig</name>
         <value>0xfd1</value>
         <object_component_ref idref="oc-30"/>
      </symbol>
      <symbol id="sm-137">
         <name>KEYIntHandler</name>
         <value>0xc19</value>
         <object_component_ref idref="oc-36"/>
      </symbol>
      <symbol id="sm-138">
         <name>KEYInit</name>
         <value>0xcb9</value>
         <object_component_ref idref="oc-36"/>
      </symbol>
      <symbol id="sm-146">
         <name>LEDInit</name>
         <value>0x1749</value>
         <object_component_ref idref="oc-295"/>
      </symbol>
      <symbol id="sm-160">
         <name>PWMInit</name>
         <value>0x1159</value>
         <object_component_ref idref="oc-29b"/>
      </symbol>
      <symbol id="sm-161">
         <name>PWM_DUTY</name>
         <value>0x20000270</value>
         <object_component_ref idref="oc-17e"/>
      </symbol>
      <symbol id="sm-18e">
         <name>qei_data_array</name>
         <value>0x20000200</value>
         <object_component_ref idref="oc-e4"/>
      </symbol>
      <symbol id="sm-18f">
         <name>QEI_InitConfig</name>
         <value>0x709</value>
         <object_component_ref idref="oc-2a"/>
      </symbol>
      <symbol id="sm-190">
         <name>QEI_Config</name>
         <value>0x7c7</value>
         <object_component_ref idref="oc-2a"/>
      </symbol>
      <symbol id="sm-191">
         <name>qei_irq_handler</name>
         <value>0x7e5</value>
         <object_component_ref idref="oc-2a"/>
      </symbol>
      <symbol id="sm-192">
         <name>QEI0_IRQHandler</name>
         <value>0x883</value>
         <object_component_ref idref="oc-2a"/>
      </symbol>
      <symbol id="sm-193">
         <name>Init_flag</name>
         <value>0x2000026e</value>
         <object_component_ref idref="oc-e7"/>
      </symbol>
      <symbol id="sm-1a4">
         <name>UART0IntHandler</name>
         <value>0x11ed</value>
         <object_component_ref idref="oc-2a1"/>
      </symbol>
      <symbol id="sm-1a5">
         <name>UART0Init</name>
         <value>0x1203</value>
         <object_component_ref idref="oc-2a1"/>
      </symbol>
      <symbol id="sm-1c5">
         <name>UART3IntHandler</name>
         <value>0xa33</value>
         <object_component_ref idref="oc-3c"/>
      </symbol>
      <symbol id="sm-1c6">
         <name>UARTDataDeal</name>
         <value>0x9e9</value>
         <object_component_ref idref="oc-3c"/>
      </symbol>
      <symbol id="sm-1c7">
         <name>UART3Init</name>
         <value>0xa81</value>
         <object_component_ref idref="oc-3c"/>
      </symbol>
      <symbol id="sm-22a">
         <name>ADCProcessorTrigger</name>
         <value>0x1861</value>
         <object_component_ref idref="oc-147"/>
      </symbol>
      <symbol id="sm-22b">
         <name>ADCSequenceEnable</name>
         <value>0x19b7</value>
         <object_component_ref idref="oc-135"/>
      </symbol>
      <symbol id="sm-22c">
         <name>ADCSequenceConfigure</name>
         <value>0x148b</value>
         <object_component_ref idref="oc-123"/>
      </symbol>
      <symbol id="sm-22d">
         <name>ADCIntEnable</name>
         <value>0x1949</value>
         <object_component_ref idref="oc-13b"/>
      </symbol>
      <symbol id="sm-22e">
         <name>ADCReferenceSet</name>
         <value>0x1a27</value>
         <object_component_ref idref="oc-11d"/>
      </symbol>
      <symbol id="sm-22f">
         <name>ADCSequenceStepConfigure</name>
         <value>0x1271</value>
         <object_component_ref idref="oc-129"/>
      </symbol>
      <symbol id="sm-230">
         <name>ADCIntClear</name>
         <value>0x1a63</value>
         <object_component_ref idref="oc-f6"/>
      </symbol>
      <symbol id="sm-231">
         <name>ADCHardwareOversampleConfigure</name>
         <value>0x19a9</value>
         <object_component_ref idref="oc-12f"/>
      </symbol>
      <symbol id="sm-232">
         <name>ADCClockConfigSet</name>
         <value>0x1849</value>
         <object_component_ref idref="oc-117"/>
      </symbol>
      <symbol id="sm-233">
         <name>ADCSequenceDataGet</name>
         <value>0x180d</value>
         <object_component_ref idref="oc-fc"/>
      </symbol>
      <symbol id="sm-249">
         <name>FPULazyStackingEnable</name>
         <value>0x1969</value>
         <object_component_ref idref="oc-27d"/>
      </symbol>
      <symbol id="sm-24a">
         <name>FPUEnable</name>
         <value>0x1959</value>
         <object_component_ref idref="oc-283"/>
      </symbol>
      <symbol id="sm-2d4">
         <name>GPIOPinTypePWM</name>
         <value>0x18dd</value>
         <object_component_ref idref="oc-32c"/>
      </symbol>
      <symbol id="sm-2d5">
         <name>GPIOPinConfigure</name>
         <value>0x14dd</value>
         <object_component_ref idref="oc-8f"/>
      </symbol>
      <symbol id="sm-2d6">
         <name>GPIOIntDisable</name>
         <value>0x19c5</value>
         <object_component_ref idref="oc-160"/>
      </symbol>
      <symbol id="sm-2d7">
         <name>GPIOIntEnable</name>
         <value>0x1a3f</value>
         <object_component_ref idref="oc-172"/>
      </symbol>
      <symbol id="sm-2d8">
         <name>GPIOIntTypeSet</name>
         <value>0x1435</value>
         <object_component_ref idref="oc-178"/>
      </symbol>
      <symbol id="sm-2d9">
         <name>GPIOPinTypeADC</name>
         <value>0x18b9</value>
         <object_component_ref idref="oc-111"/>
      </symbol>
      <symbol id="sm-2da">
         <name>GPIOPinTypeGPIOInput</name>
         <value>0x18cb</value>
         <object_component_ref idref="oc-166"/>
      </symbol>
      <symbol id="sm-2db">
         <name>GPIOIntClear</name>
         <value>0x1ac3</value>
         <object_component_ref idref="oc-15a"/>
      </symbol>
      <symbol id="sm-2dc">
         <name>GPIOPinTypeUART</name>
         <value>0x1901</value>
         <object_component_ref idref="oc-1a0"/>
      </symbol>
      <symbol id="sm-2dd">
         <name>GPIOIntStatus</name>
         <value>0x19d3</value>
         <object_component_ref idref="oc-154"/>
      </symbol>
      <symbol id="sm-2de">
         <name>GPIOPinTypeGPIOOutput</name>
         <value>0x1879</value>
         <object_component_ref idref="oc-289"/>
      </symbol>
      <symbol id="sm-2df">
         <name>GPIODirModeSet</name>
         <value>0x1779</value>
         <object_component_ref idref="oc-201"/>
      </symbol>
      <symbol id="sm-2e0">
         <name>GPIOPinTypeQEI</name>
         <value>0x18ef</value>
         <object_component_ref idref="oc-95"/>
      </symbol>
      <symbol id="sm-2e1">
         <name>GPIOPinWrite</name>
         <value>0x1ac9</value>
         <object_component_ref idref="oc-28f"/>
      </symbol>
      <symbol id="sm-2e2">
         <name>GPIOPadConfigSet</name>
         <value>0x8b5</value>
         <object_component_ref idref="oc-16c"/>
      </symbol>
      <symbol id="sm-323">
         <name>IntPrioritySet</name>
         <value>0x17a5</value>
         <object_component_ref idref="oc-141"/>
      </symbol>
      <symbol id="sm-324">
         <name>IntEnable</name>
         <value>0x1365</value>
         <object_component_ref idref="oc-bf"/>
      </symbol>
      <symbol id="sm-325">
         <name>IntMasterEnable</name>
         <value>0x1979</value>
         <object_component_ref idref="oc-2a7"/>
      </symbol>
      <symbol id="sm-35a">
         <name>PWMGenPeriodSet</name>
         <value>0x1989</value>
         <object_component_ref idref="oc-338"/>
      </symbol>
      <symbol id="sm-35b">
         <name>PWMPulseWidthSet</name>
         <value>0x182b</value>
         <object_component_ref idref="oc-2b9"/>
      </symbol>
      <symbol id="sm-35c">
         <name>PWMGenPeriodGet</name>
         <value>0x1913</value>
         <object_component_ref idref="oc-2b3"/>
      </symbol>
      <symbol id="sm-35d">
         <name>PWMOutputState</name>
         <value>0x1925</value>
         <object_component_ref idref="oc-33e"/>
      </symbol>
      <symbol id="sm-35e">
         <name>PWMGenEnable</name>
         <value>0x1a4b</value>
         <object_component_ref idref="oc-344"/>
      </symbol>
      <symbol id="sm-35f">
         <name>PWMGenConfigure</name>
         <value>0x17c9</value>
         <object_component_ref idref="oc-332"/>
      </symbol>
      <symbol id="sm-3b4">
         <name>QEIDirectionGet</name>
         <value>0x19ef</value>
         <object_component_ref idref="oc-d8"/>
      </symbol>
      <symbol id="sm-3b5">
         <name>QEIPositionGet</name>
         <value>0x1adf</value>
         <object_component_ref idref="oc-de"/>
      </symbol>
      <symbol id="sm-3b6">
         <name>QEIVelocityGet</name>
         <value>0x1ae3</value>
         <object_component_ref idref="oc-d2"/>
      </symbol>
      <symbol id="sm-3b7">
         <name>QEIIntEnable</name>
         <value>0x1ab3</value>
         <object_component_ref idref="oc-b9"/>
      </symbol>
      <symbol id="sm-3b8">
         <name>QEIVelocityConfigure</name>
         <value>0x1999</value>
         <object_component_ref idref="oc-ad"/>
      </symbol>
      <symbol id="sm-3b9">
         <name>QEIIntStatus</name>
         <value>0x1a77</value>
         <object_component_ref idref="oc-c6"/>
      </symbol>
      <symbol id="sm-3ba">
         <name>QEIEnable</name>
         <value>0x1a6d</value>
         <object_component_ref idref="oc-a1"/>
      </symbol>
      <symbol id="sm-3bb">
         <name>QEIIntClear</name>
         <value>0x1adb</value>
         <object_component_ref idref="oc-cc"/>
      </symbol>
      <symbol id="sm-3bc">
         <name>QEIVelocityEnable</name>
         <value>0x1a81</value>
         <object_component_ref idref="oc-b3"/>
      </symbol>
      <symbol id="sm-3bd">
         <name>QEIConfigure</name>
         <value>0x19e1</value>
         <object_component_ref idref="oc-9b"/>
      </symbol>
      <symbol id="sm-42f">
         <name>SysCtlPeripheralPresent</name>
         <value>0x1635</value>
         <object_component_ref idref="oc-353"/>
      </symbol>
      <symbol id="sm-430">
         <name>SysCtlClockSet</name>
         <value>0xe19</value>
         <object_component_ref idref="oc-277"/>
      </symbol>
      <symbol id="sm-431">
         <name>SysCtlDelay</name>
         <value>0x1acf</value>
         <object_component_ref idref="oc-c5"/>
      </symbol>
      <symbol id="sm-432">
         <name>SysCtlPeripheralEnable</name>
         <value>0x1715</value>
         <object_component_ref idref="oc-83"/>
      </symbol>
      <symbol id="sm-433">
         <name>SysCtlClockGet</name>
         <value>0xb09</value>
         <object_component_ref idref="oc-a7"/>
      </symbol>
      <symbol id="sm-434">
         <name>SysCtlPWMClockSet</name>
         <value>0x1891</value>
         <object_component_ref idref="oc-326"/>
      </symbol>
      <symbol id="sm-435">
         <name>SysCtlPeripheralReady</name>
         <value>0x166d</value>
         <object_component_ref idref="oc-89"/>
      </symbol>
      <symbol id="sm-4a0">
         <name>UARTConfigSetExpClk</name>
         <value>0x1525</value>
         <object_component_ref idref="oc-19a"/>
      </symbol>
      <symbol id="sm-4a1">
         <name>UARTDisable</name>
         <value>0x17ed</value>
         <object_component_ref idref="oc-253"/>
      </symbol>
      <symbol id="sm-4a2">
         <name>UARTIntEnable</name>
         <value>0x1abb</value>
         <object_component_ref idref="oc-1b2"/>
      </symbol>
      <symbol id="sm-4a3">
         <name>UARTCharsAvail</name>
         <value>0x1a0b</value>
         <object_component_ref idref="oc-194"/>
      </symbol>
      <symbol id="sm-4a4">
         <name>UARTCharGetNonBlocking</name>
         <value>0x19fd</value>
         <object_component_ref idref="oc-18e"/>
      </symbol>
      <symbol id="sm-4a5">
         <name>UARTCharPut</name>
         <value>0x1a95</value>
         <object_component_ref idref="oc-359"/>
      </symbol>
      <symbol id="sm-4a6">
         <name>UARTEnable</name>
         <value>0x18a5</value>
         <object_component_ref idref="oc-259"/>
      </symbol>
      <symbol id="sm-4a7">
         <name>UARTFIFOEnable</name>
         <value>0x1a9f</value>
         <object_component_ref idref="oc-1a6"/>
      </symbol>
      <symbol id="sm-4a8">
         <name>UARTIntClear</name>
         <value>0x1ae7</value>
         <object_component_ref idref="oc-188"/>
      </symbol>
      <symbol id="sm-4a9">
         <name>UARTIntStatus</name>
         <value>0x1aa9</value>
         <object_component_ref idref="oc-182"/>
      </symbol>
      <symbol id="sm-4aa">
         <name>UARTCharGet</name>
         <value>0x1a8b</value>
         <object_component_ref idref="oc-35f"/>
      </symbol>
      <symbol id="sm-4ab">
         <name>UARTFIFOLevelSet</name>
         <value>0x1ad5</value>
         <object_component_ref idref="oc-1ac"/>
      </symbol>
      <symbol id="sm-4b5">
         <name>CPUcpsie</name>
         <value>0x1a33</value>
         <object_component_ref idref="oc-34c"/>
      </symbol>
      <symbol id="sm-4c4">
         <name>__aeabi_memset</name>
         <value>0x12ed</value>
         <object_component_ref idref="oc-f1"/>
      </symbol>
      <symbol id="sm-4c5">
         <name>memset</name>
         <value>0x12f3</value>
         <object_component_ref idref="oc-f1"/>
      </symbol>
      <symbol id="sm-4c6">
         <name>__aeabi_memset8</name>
         <value>0x12ed</value>
         <object_component_ref idref="oc-f1"/>
      </symbol>
      <symbol id="sm-4c7">
         <name>__aeabi_memset4</name>
         <value>0x12ed</value>
         <object_component_ref idref="oc-f1"/>
      </symbol>
      <symbol id="sm-4c8">
         <name>__aeabi_memclr8</name>
         <value>0x12eb</value>
         <object_component_ref idref="oc-f1"/>
      </symbol>
      <symbol id="sm-4c9">
         <name>__aeabi_memclr4</name>
         <value>0x12eb</value>
         <object_component_ref idref="oc-f1"/>
      </symbol>
      <symbol id="sm-4ca">
         <name>__aeabi_memclr</name>
         <value>0x12eb</value>
         <object_component_ref idref="oc-f1"/>
      </symbol>
      <symbol id="sm-4d9">
         <name>__aeabi_uidivmod</name>
         <value>0x15f5</value>
         <object_component_ref idref="oc-36e"/>
      </symbol>
      <symbol id="sm-4da">
         <name>__aeabi_uidiv</name>
         <value>0x15f5</value>
         <object_component_ref idref="oc-36e"/>
      </symbol>
      <symbol id="sm-4e5">
         <name>__aeabi_dmul</name>
         <value>0xd1d</value>
         <object_component_ref idref="oc-107"/>
      </symbol>
      <symbol id="sm-4ef">
         <name>__aeabi_d2uiz</name>
         <value>0x15b1</value>
         <object_component_ref idref="oc-10c"/>
      </symbol>
      <symbol id="sm-4fa">
         <name>__aeabi_f2d</name>
         <value>0x16dd</value>
         <object_component_ref idref="oc-102"/>
      </symbol>
      <symbol id="sm-513">
         <name>__TI_zero_init_nomemset</name>
         <value>0x1937</value>
         <object_component_ref idref="oc-5c"/>
      </symbol>
      <symbol id="sm-52a">
         <name>__TI_decompress_none</name>
         <value>0x1a19</value>
         <object_component_ref idref="oc-18"/>
      </symbol>
      <symbol id="sm-54d">
         <name>__TI_decompress_lzss</name>
         <value>0x13cd</value>
         <object_component_ref idref="oc-12"/>
      </symbol>
      <symbol id="sm-560">
         <name>__stack</name>
         <value>0x20000000</value>
         <object_component_ref idref="oc-21"/>
      </symbol>
      <symbol id="sm-561">
         <name>_c_int00_noargs</name>
         <value>0x16a5</value>
         <object_component_ref idref="oc-6e"/>
      </symbol>
      <symbol id="sm-56b">
         <name>__aeabi_idiv0</name>
         <value>0x9e7</value>
         <object_component_ref idref="oc-3b0"/>
      </symbol>
      <symbol id="sm-56c">
         <name>__aeabi_ldiv0</name>
         <value>0x9e7</value>
         <object_component_ref idref="oc-3b0"/>
      </symbol>
      <symbol id="sm-587">
         <name>memcpy</name>
         <value>0x10bd</value>
         <object_component_ref idref="oc-50"/>
      </symbol>
      <symbol id="sm-588">
         <name>__aeabi_memcpy</name>
         <value>0x10bd</value>
         <object_component_ref idref="oc-50"/>
      </symbol>
      <symbol id="sm-589">
         <name>__aeabi_memcpy8</name>
         <value>0x10bd</value>
         <object_component_ref idref="oc-50"/>
      </symbol>
      <symbol id="sm-58a">
         <name>__aeabi_memcpy4</name>
         <value>0x10bd</value>
         <object_component_ref idref="oc-50"/>
      </symbol>
      <symbol id="sm-5b2">
         <name>__TI_auto_init_nobinit_nopinit</name>
         <value>0x156d</value>
         <object_component_ref idref="oc-2cc"/>
      </symbol>
      <symbol id="sm-5bc">
         <name>_system_pre_init</name>
         <value>0x1aeb</value>
         <object_component_ref idref="oc-1dc"/>
      </symbol>
      <symbol id="sm-5c8">
         <name>C$$EXIT</name>
         <value>0x1aef</value>
         <object_component_ref idref="oc-2c0"/>
      </symbol>
      <symbol id="sm-5c9">
         <name>abort</name>
         <value>0x1aef</value>
         <object_component_ref idref="oc-2c0"/>
      </symbol>
      <symbol id="sm-5cc">
         <name>__TI_static_base__</name>
         <value>0x0</value>
      </symbol>
      <symbol id="sm-5cf">
         <name>__mpu_init</name>
         <value>0x0</value>
      </symbol>
      <symbol id="sm-5d0">
         <name>_system_post_cinit</name>
         <value>0x0</value>
      </symbol>
   </symbol_table>
   <title>Link successful</title>
</link_info>
