******************************************************************************
                  TI ARM Linker PC v18.1.3                     
******************************************************************************
>> Linked Fri Mar 22 00:06:44 2019

OUTPUT FILE NAME:   <19-3-15.out>
ENTRY POINT SYMBOL: "_c_int00_noargs"  address: 0000136d


MEMORY CONFIGURATION

         name            origin    length      used     unused   attr    fill
----------------------  --------  ---------  --------  --------  ----  --------
  FLASH                 00000000   00040000  00001a5c  0003e5a4  R  X
  SRAM                  20000000   00008000  00000277  00007d89  RW X


SEGMENT ALLOCATION MAP

run origin  load origin   length   init length attrs members
----------  ----------- ---------- ----------- ----- -------
00000000    00000000    00001a60   00001a60    r-x
  00000000    00000000    0000026c   0000026c    r-- .intvecs
  0000026c    0000026c    00001570   00001570    r-x .text
  000017dc    000017dc    00000208   00000208    r-- .const
  000019e8    000019e8    00000078   00000078    r-- .cinit
20000000    20000000    00000278   00000000    rw-
  20000000    20000000    00000200   00000000    rw- .stack
  20000200    20000200    0000006b   00000000    rw- .data
  2000026c    2000026c    0000000c   00000000    rw- .bss


SECTION ALLOCATION MAP

 output                                  attributes/
section   page    origin      length       input sections
--------  ----  ----------  ----------   ----------------
.intvecs   0    00000000    0000026c     
                  00000000    0000026c     tm4c123gh6pm_startup_ccs.obj (.intvecs)

.text      0    0000026c    00001570     
                  0000026c    000001b6     rtsv7M4_T_le_v4SPD16_eabi.lib : fd_add_t2.asm.obj (.text)
                  00000422    00000002     --HOLE-- [fill = 0]
                  00000424    000001ac     QEI.obj (.text)
                  000005d0    00000170     UART3.obj (.text)
                  00000740    00000132     driverlib.lib : gpio.obj (.text:GPIOPadConfigSet)
                  00000872    00000002     --HOLE-- [fill = 0]
                  00000874    00000110                   : sysctl.obj (.text:SysCtlClockGet)
                  00000984    00000108     KEY.obj (.text)
                  00000a8c    000000fc     rtsv7M4_T_le_v4SPD16_eabi.lib : fd_mul_t2.asm.obj (.text)
                  00000b88    000000f4     driverlib.lib : sysctl.obj (.text:SysCtlClockSet)
                  00000c7c    000000f0     ADC.obj (.text)
                  00000d6c    000000d4     main.obj (.text)
                  00000e40    0000009c     rtsv7M4_T_le_v4SPD16_eabi.lib : memcpy_t2.asm.obj (.text)
                  00000edc    0000008c     PWM.obj (.text)
                  00000f68    0000007a     driverlib.lib : adc.obj (.text:ADCSequenceStepConfigure)
                  00000fe2    0000007a     rtsv7M4_T_le_v4SPD16_eabi.lib : memset_t2.asm.obj (.text)
                  0000105c    00000068     driverlib.lib : interrupt.obj (.text:IntEnable)
                  000010c4    00000068     rtsv7M4_T_le_v4SPD16_eabi.lib : copy_decompress_lzss.c.obj (.text:decompress:lzss:__TI_decompress_lzss)
                  0000112c    00000056     driverlib.lib : gpio.obj (.text:GPIOIntTypeSet)
                  00001182    00000050                   : adc.obj (.text:ADCSequenceConfigure)
                  000011d2    00000002     --HOLE-- [fill = 0]
                  000011d4    00000048                   : gpio.obj (.text:GPIOPinConfigure)
                  0000121c    00000048     rtsv7M4_T_le_v4SPD16_eabi.lib : fd_toi_t2.asm.obj (.text)
                  00001264    00000046     driverlib.lib : uart.obj (.text:UARTConfigSetExpClk)
                  000012aa    00000002     --HOLE-- [fill = 0]
                  000012ac    00000044     rtsv7M4_T_le_v4SPD16_eabi.lib : autoinit.c.obj (.text:__TI_auto_init_nobinit_nopinit:__TI_auto_init_nobinit_nopinit)
                  000012f0    00000044                                   : fd_tou_t2.asm.obj (.text)
                  00001334    00000038     driverlib.lib : sysctl.obj (.text:SysCtlPeripheralReady)
                  0000136c    00000038     rtsv7M4_T_le_v4SPD16_eabi.lib : boot_cortex_m.c.obj (.text:_c_int00_noargs:_c_int00_noargs)
                  000013a4    00000038                                   : fs_tod_t2.asm.obj (.text)
                  000013dc    00000034     driverlib.lib : sysctl.obj (.text:SysCtlPeripheralEnable)
                  00001410    00000030     LED.obj (.text)
                  00001440    0000002e     rtsv7M4_T_le_v4SPD16_eabi.lib : i_tofd_t2.asm.obj (.text)
                  0000146e    0000002a     driverlib.lib : gpio.obj (.text:GPIODirModeSet)
                  00001498    00000024                   : interrupt.obj (.text:IntPrioritySet)
                  000014bc    00000022                   : pwm.obj (.text:PWMGenConfigure)
                  000014de    00000002     --HOLE-- [fill = 0]
                  000014e0    00000020                   : uart.obj (.text:UARTDisable)
                  00001500    0000001e                   : adc.obj (.text:ADCSequenceDataGet)
                  0000151e    0000001e                   : pwm.obj (.text:PWMPulseWidthSet)
                  0000153c    00000018                   : adc.obj (.text:ADCClockConfigSet)
                  00001554    00000018                   : adc.obj (.text:ADCProcessorTrigger)
                  0000156c    00000018                   : gpio.obj (.text:GPIOPinTypeGPIOOutput)
                  00001584    00000014                   : sysctl.obj (.text:SysCtlPWMClockSet)
                  00001598    00000014                   : uart.obj (.text:UARTEnable)
                  000015ac    00000012                   : gpio.obj (.text:GPIOPinTypeADC)
                  000015be    00000012                   : gpio.obj (.text:GPIOPinTypeGPIOInput)
                  000015d0    00000012                   : gpio.obj (.text:GPIOPinTypePWM)
                  000015e2    00000012                   : gpio.obj (.text:GPIOPinTypeQEI)
                  000015f4    00000012                   : gpio.obj (.text:GPIOPinTypeUART)
                  00001606    00000012                   : pwm.obj (.text:PWMGenPeriodGet)
                  00001618    00000012                   : pwm.obj (.text:PWMOutputState)
                  0000162a    00000012     rtsv7M4_T_le_v4SPD16_eabi.lib : copy_zero_init.c.obj (.text:decompress:ZI:__TI_zero_init_nomemset:__TI_zero_init_nomemset)
                  0000163c    00000010     driverlib.lib : adc.obj (.text:ADCIntEnable)
                  0000164c    00000010                   : fpu.obj (.text:FPUEnable)
                  0000165c    00000010                   : fpu.obj (.text:FPULazyStackingEnable)
                  0000166c    00000010                   : interrupt.obj (.text:IntMasterEnable)
                  0000167c    00000010                   : pwm.obj (.text:PWMGenPeriodSet)
                  0000168c    00000010                   : qei.obj (.text:QEIVelocityConfigure)
                  0000169c    0000000e                   : adc.obj (.text:ADCHardwareOversampleConfigure)
                  000016aa    0000000e                   : adc.obj (.text:ADCSequenceEnable)
                  000016b8    0000000e                   : gpio.obj (.text:GPIOIntDisable)
                  000016c6    0000000e                   : gpio.obj (.text:GPIOIntStatus)
                  000016d4    0000000e                   : qei.obj (.text:QEIConfigure)
                  000016e2    0000000e                   : qei.obj (.text:QEIDirectionGet)
                  000016f0    0000000e                   : uart.obj (.text:UARTCharGetNonBlocking)
                  000016fe    0000000e                   : uart.obj (.text:UARTCharsAvail)
                  0000170c    0000000e     rtsv7M4_T_le_v4SPD16_eabi.lib : copy_decompress_none.c.obj (.text:decompress:none:__TI_decompress_none)
                  0000171a    0000000c     driverlib.lib : adc.obj (.text:ADCReferenceSet)
                  00001726    0000000c                   : cpu.obj (.text:CPUcpsie)
                  00001732    0000000c                   : gpio.obj (.text:GPIOIntEnable)
                  0000173e    0000000c                   : pwm.obj (.text:PWMGenEnable)
                  0000174a    0000000c     tm4c123gh6pm_startup_ccs.obj (.text)
                  00001756    0000000a     driverlib.lib : adc.obj (.text:ADCIntClear)
                  00001760    0000000a                   : qei.obj (.text:QEIEnable)
                  0000176a    0000000a                   : qei.obj (.text:QEIIntDisable)
                  00001774    0000000a                   : qei.obj (.text:QEIIntStatus)
                  0000177e    0000000a                   : qei.obj (.text:QEIVelocityEnable)
                  00001788    0000000a                   : uart.obj (.text:UARTFIFOEnable)
                  00001792    0000000a                   : uart.obj (.text:UARTIntStatus)
                  0000179c    00000008                   : qei.obj (.text:QEIIntEnable)
                  000017a4    00000008                   : uart.obj (.text:UARTIntEnable)
                  000017ac    00000006                   : gpio.obj (.text:GPIOIntClear)
                  000017b2    00000006                   : gpio.obj (.text:GPIOPinWrite)
                  000017b8    00000006                   : sysctl.obj (.text:SysCtlDelay)
                  000017be    00000006                   : uart.obj (.text:UARTFIFOLevelSet)
                  000017c4    00000004                   : qei.obj (.text:QEIIntClear)
                  000017c8    00000004                   : qei.obj (.text:QEIPositionGet)
                  000017cc    00000004                   : qei.obj (.text:QEIVelocityGet)
                  000017d0    00000004                   : uart.obj (.text:UARTIntClear)
                  000017d4    00000004     rtsv7M4_T_le_v4SPD16_eabi.lib : pre_init.c.obj (.text:_system_pre_init)
                  000017d8    00000004                                   : exit.c.obj (.text:abort:abort)

.const     0    000017dc    00000208     
                  000017dc    0000009c     driverlib.lib : interrupt.obj (.const:g_pui32Regs)
                  00001878    00000090                   : gpio.obj (.const:g_pui32GPIOBaseAddrs)
                  00001908    00000070                   : interrupt.obj (.const)
                  00001978    0000006c                   : sysctl.obj (.const:g_pui32Xtals)

.cinit     0    000019e8    00000078     
                  000019e8    0000004e     (.cinit..data.load) [load image, compression = lzss]
                  00001a36    00000002     --HOLE-- [fill = 0]
                  00001a38    0000000c     (__TI_handler_table)
                  00001a44    00000004     --HOLE-- [fill = 0]
                  00001a48    00000008     (.cinit..bss.load) [load image, compression = zero_init]
                  00001a50    00000010     (__TI_cinit_table)

.init_array 
*          0    00000000    00000000     UNINITIALIZED

.data      0    20000200    0000006b     UNINITIALIZED
                  20000200    00000068     QEI.obj (.data:qei_data_array)
                  20000268    00000001     ADC.obj (.data)
                  20000269    00000001     KEY.obj (.data)
                  2000026a    00000001     QEI.obj (.data)

.bss       0    2000026c    0000000c     UNINITIALIZED
                  2000026c    00000008     (.common:QEI_Augledata)
                  20000274    00000004     (.common:Ch0Value)

.stack     0    20000000    00000200     UNINITIALIZED
                  20000000    00000004     rtsv7M4_T_le_v4SPD16_eabi.lib : boot_cortex_m.c.obj (.stack)
                  20000004    000001fc     --HOLE--

MODULE SUMMARY

       Module                         code   ro data   rw data
       ------                         ----   -------   -------
    .\
       tm4c123gh6pm_startup_ccs.obj   12     620       0      
       main.obj                       212    0         8      
    +--+------------------------------+------+---------+---------+
       Total:                         224    620       8      
                                                              
    .\drivers\
       QEI.obj                        428    0         105    
       UART3.obj                      368    0         0      
       KEY.obj                        264    0         1      
       ADC.obj                        240    0         5      
       PWM.obj                        140    0         0      
       LED.obj                        48     0         0      
    +--+------------------------------+------+---------+---------+
       Total:                         1488   0         111    
                                                              
    D:/Software/TM4/ti/TivaWare_C_Series-2.1.4.178/driverlib/ccs/Debug/driverlib.lib
       gpio.obj                       672    144       0      
       sysctl.obj                     650    108       0      
       interrupt.obj                  156    268       0      
       adc.obj                        346    0         0      
       uart.obj                       188    0         0      
       pwm.obj                        128    0         0      
       qei.obj                        104    0         0      
       fpu.obj                        32     0         0      
       cpu.obj                        12     0         0      
    +--+------------------------------+------+---------+---------+
       Total:                         2288   520       0      
                                                              
    E:\Software\TM4\ccsv8\tools\compiler\ti-cgt-arm_18.1.3.LTS\lib\rtsv7M4_T_le_v4SPD16_eabi.lib
       fd_add_t2.asm.obj              438    0         0      
       fd_mul_t2.asm.obj              252    0         0      
       memcpy_t2.asm.obj              156    0         0      
       memset_t2.asm.obj              122    0         0      
       copy_decompress_lzss.c.obj     104    0         0      
       fd_toi_t2.asm.obj              72     0         0      
       autoinit.c.obj                 68     0         0      
       fd_tou_t2.asm.obj              68     0         0      
       boot_cortex_m.c.obj            56     0         0      
       fs_tod_t2.asm.obj              56     0         0      
       i_tofd_t2.asm.obj              46     0         0      
       copy_zero_init.c.obj           18     0         0      
       copy_decompress_none.c.obj     14     0         0      
       exit.c.obj                     4      0         0      
       pre_init.c.obj                 4      0         0      
    +--+------------------------------+------+---------+---------+
       Total:                         1478   0         0      
                                                              
       Stack:                         0      0         512    
       Linker Generated:              0      114       0      
    +--+------------------------------+------+---------+---------+
       Grand Total:                   5478   1254      631    


LINKER GENERATED COPY TABLES

__TI_cinit_table @ 00001a50 records: 2, size/record: 8, table size: 16
	.data: load addr=000019e8, load size=0000004e bytes, run addr=20000200, run size=0000006b bytes, compression=lzss
	.bss: load addr=00001a48, load size=00000008 bytes, run addr=2000026c, run size=0000000c bytes, compression=zero_init


LINKER GENERATED HANDLER TABLE

__TI_handler_table @ 00001a38 records: 3, size/record: 4, table size: 12
	index: 0, handler: __TI_decompress_lzss
	index: 1, handler: __TI_decompress_none
	index: 2, handler: __TI_zero_init


GLOBAL SYMBOLS: SORTED ALPHABETICALLY BY Name 

address   name                          
-------   ----                          
00000c7d  ADC0IntHander                 
0000153d  ADCClockConfigSet             
0000169d  ADCHardwareOversampleConfigure
00000cc5  ADCInit                       
00001757  ADCIntClear                   
0000163d  ADCIntEnable                  
00001555  ADCProcessorTrigger           
0000171b  ADCReferenceSet               
00001183  ADCSequenceConfigure          
00001501  ADCSequenceDataGet            
000016ab  ADCSequenceEnable             
00000f69  ADCSequenceStepConfigure      
00000d41  ADC_Trig                      
000017d9  C$$EXIT                       
00001727  CPUcpsie                      
20000274  Ch0Value                      
0000164d  FPUEnable                     
0000165d  FPULazyStackingEnable         
0000146f  GPIODirModeSet                
000017ad  GPIOIntClear                  
000016b9  GPIOIntDisable                
00001733  GPIOIntEnable                 
000016c7  GPIOIntStatus                 
0000112d  GPIOIntTypeSet                
00000741  GPIOPadConfigSet              
000011d5  GPIOPinConfigure              
000015ad  GPIOPinTypeADC                
000015bf  GPIOPinTypeGPIOInput          
0000156d  GPIOPinTypeGPIOOutput         
000015d1  GPIOPinTypePWM                
000015e3  GPIOPinTypeQEI                
000015f5  GPIOPinTypeUART               
000017b3  GPIOPinWrite                  
2000026a  Init_flag                     
0000105d  IntEnable                     
0000166d  IntMasterEnable               
00001499  IntPrioritySet                
00000a27  KEYInit                       
00000985  KEYIntHandler                 
00001411  LEDInit                       
000014bd  PWMGenConfigure               
0000173f  PWMGenEnable                  
00001607  PWMGenPeriodGet               
0000167d  PWMGenPeriodSet               
00000edd  PWMInit                       
00001619  PWMOutputState                
0000151f  PWMPulseWidthSet              
0000059f  QEI0_IRQHandler               
000016d5  QEIConfigure                  
000016e3  QEIDirectionGet               
00001761  QEIEnable                     
000017c5  QEIIntClear                   
0000176b  QEIIntDisable                 
0000179d  QEIIntEnable                  
00001775  QEIIntStatus                  
000017c9  QEIPositionGet                
0000168d  QEIVelocityConfigure          
0000177f  QEIVelocityEnable             
000017cd  QEIVelocityGet                
2000026c  QEI_Augledata                 
000004e3  QEI_Config                    
00000425  QEI_InitConfig                
0000174b  ResetISR                      
00000875  SysCtlClockGet                
00000b89  SysCtlClockSet                
000017b9  SysCtlDelay                   
00001585  SysCtlPWMClockSet             
000013dd  SysCtlPeripheralEnable        
00001335  SysCtlPeripheralReady         
000006b5  UART3Init                     
0000061b  UART3IntHandler               
000016f1  UARTCharGetNonBlocking        
000016ff  UARTCharsAvail                
00001265  UARTConfigSetExpClk           
000005d1  UARTDataDeal                  
000014e1  UARTDisable                   
00001599  UARTEnable                    
00001789  UARTFIFOEnable                
000017bf  UARTFIFOLevelSet              
000017d1  UARTIntClear                  
000017a5  UARTIntEnable                 
00001793  UARTIntStatus                 
20000200  __STACK_END                   
00000200  __STACK_SIZE                  
20000200  __STACK_TOP                   
00001a50  __TI_CINIT_Base               
00001a60  __TI_CINIT_Limit              
00001a38  __TI_Handler_Table_Base       
00001a44  __TI_Handler_Table_Limit      
000012ad  __TI_auto_init_nobinit_nopinit
000010c5  __TI_decompress_lzss          
0000170d  __TI_decompress_none          
ffffffff  __TI_pprof_out_hndl           
ffffffff  __TI_prof_data_size           
ffffffff  __TI_prof_data_start          
00000000  __TI_static_base__            
0000162b  __TI_zero_init_nomemset       
0000121d  __aeabi_d2iz                  
000012f1  __aeabi_d2uiz                 
00000277  __aeabi_dadd                  
00000a8d  __aeabi_dmul                  
0000026d  __aeabi_dsub                  
000013a5  __aeabi_f2d                   
00001441  __aeabi_i2d                   
00000fe3  __aeabi_memclr                
00000fe3  __aeabi_memclr4               
00000fe3  __aeabi_memclr8               
00000e41  __aeabi_memcpy                
00000e41  __aeabi_memcpy4               
00000e41  __aeabi_memcpy8               
00000fe5  __aeabi_memset                
00000fe5  __aeabi_memset4               
00000fe5  __aeabi_memset8               
ffffffff  __binit__                     
ffffffff  __c_args__                    
UNDEFED   __mpu_init                    
20000000  __stack                       
0000136d  _c_int00_noargs               
UNDEFED   _system_post_cinit            
000017d5  _system_pre_init              
000017d9  abort                         
20000268  bDataReady                    
ffffffff  binit                         
20000269  count                         
00000000  g_pfnVectors                  
00000d6d  main                          
00000e41  memcpy                        
00000feb  memset                        
20000200  qei_data_array                
00000501  qei_irq_handler               


GLOBAL SYMBOLS: SORTED BY Symbol Address 

address   name                          
-------   ----                          
00000000  __TI_static_base__            
00000000  g_pfnVectors                  
00000200  __STACK_SIZE                  
0000026d  __aeabi_dsub                  
00000277  __aeabi_dadd                  
00000425  QEI_InitConfig                
000004e3  QEI_Config                    
00000501  qei_irq_handler               
0000059f  QEI0_IRQHandler               
000005d1  UARTDataDeal                  
0000061b  UART3IntHandler               
000006b5  UART3Init                     
00000741  GPIOPadConfigSet              
00000875  SysCtlClockGet                
00000985  KEYIntHandler                 
00000a27  KEYInit                       
00000a8d  __aeabi_dmul                  
00000b89  SysCtlClockSet                
00000c7d  ADC0IntHander                 
00000cc5  ADCInit                       
00000d41  ADC_Trig                      
00000d6d  main                          
00000e41  __aeabi_memcpy                
00000e41  __aeabi_memcpy4               
00000e41  __aeabi_memcpy8               
00000e41  memcpy                        
00000edd  PWMInit                       
00000f69  ADCSequenceStepConfigure      
00000fe3  __aeabi_memclr                
00000fe3  __aeabi_memclr4               
00000fe3  __aeabi_memclr8               
00000fe5  __aeabi_memset                
00000fe5  __aeabi_memset4               
00000fe5  __aeabi_memset8               
00000feb  memset                        
0000105d  IntEnable                     
000010c5  __TI_decompress_lzss          
0000112d  GPIOIntTypeSet                
00001183  ADCSequenceConfigure          
000011d5  GPIOPinConfigure              
0000121d  __aeabi_d2iz                  
00001265  UARTConfigSetExpClk           
000012ad  __TI_auto_init_nobinit_nopinit
000012f1  __aeabi_d2uiz                 
00001335  SysCtlPeripheralReady         
0000136d  _c_int00_noargs               
000013a5  __aeabi_f2d                   
000013dd  SysCtlPeripheralEnable        
00001411  LEDInit                       
00001441  __aeabi_i2d                   
0000146f  GPIODirModeSet                
00001499  IntPrioritySet                
000014bd  PWMGenConfigure               
000014e1  UARTDisable                   
00001501  ADCSequenceDataGet            
0000151f  PWMPulseWidthSet              
0000153d  ADCClockConfigSet             
00001555  ADCProcessorTrigger           
0000156d  GPIOPinTypeGPIOOutput         
00001585  SysCtlPWMClockSet             
00001599  UARTEnable                    
000015ad  GPIOPinTypeADC                
000015bf  GPIOPinTypeGPIOInput          
000015d1  GPIOPinTypePWM                
000015e3  GPIOPinTypeQEI                
000015f5  GPIOPinTypeUART               
00001607  PWMGenPeriodGet               
00001619  PWMOutputState                
0000162b  __TI_zero_init_nomemset       
0000163d  ADCIntEnable                  
0000164d  FPUEnable                     
0000165d  FPULazyStackingEnable         
0000166d  IntMasterEnable               
0000167d  PWMGenPeriodSet               
0000168d  QEIVelocityConfigure          
0000169d  ADCHardwareOversampleConfigure
000016ab  ADCSequenceEnable             
000016b9  GPIOIntDisable                
000016c7  GPIOIntStatus                 
000016d5  QEIConfigure                  
000016e3  QEIDirectionGet               
000016f1  UARTCharGetNonBlocking        
000016ff  UARTCharsAvail                
0000170d  __TI_decompress_none          
0000171b  ADCReferenceSet               
00001727  CPUcpsie                      
00001733  GPIOIntEnable                 
0000173f  PWMGenEnable                  
0000174b  ResetISR                      
00001757  ADCIntClear                   
00001761  QEIEnable                     
0000176b  QEIIntDisable                 
00001775  QEIIntStatus                  
0000177f  QEIVelocityEnable             
00001789  UARTFIFOEnable                
00001793  UARTIntStatus                 
0000179d  QEIIntEnable                  
000017a5  UARTIntEnable                 
000017ad  GPIOIntClear                  
000017b3  GPIOPinWrite                  
000017b9  SysCtlDelay                   
000017bf  UARTFIFOLevelSet              
000017c5  QEIIntClear                   
000017c9  QEIPositionGet                
000017cd  QEIVelocityGet                
000017d1  UARTIntClear                  
000017d5  _system_pre_init              
000017d9  C$$EXIT                       
000017d9  abort                         
00001a38  __TI_Handler_Table_Base       
00001a44  __TI_Handler_Table_Limit      
00001a50  __TI_CINIT_Base               
00001a60  __TI_CINIT_Limit              
20000000  __stack                       
20000200  __STACK_END                   
20000200  __STACK_TOP                   
20000200  qei_data_array                
20000268  bDataReady                    
20000269  count                         
2000026a  Init_flag                     
2000026c  QEI_Augledata                 
20000274  Ch0Value                      
ffffffff  __TI_pprof_out_hndl           
ffffffff  __TI_prof_data_size           
ffffffff  __TI_prof_data_start          
ffffffff  __binit__                     
ffffffff  __c_args__                    
ffffffff  binit                         
UNDEFED   __mpu_init                    
UNDEFED   _system_post_cinit            

[130 symbols]
