<?xml version="1.0" encoding="ISO-8859-1" ?>
<link_info>
   <banner>TI ARM Linker PC v18.1.3.LTS</banner>
   <copyright>Copyright (c) 1996-2017 Texas Instruments Incorporated</copyright>
   <link_time>0x5c965718</link_time>
   <link_errors>0x0</link_errors>
   <output_file>19-3-15.out</output_file>
   <entry_point>
      <name>_c_int00_noargs</name>
      <address>0x1a01</address>
   </entry_point>
   <input_file_list>
      <input_file id="fl-2">
         <path>.\</path>
         <kind>object</kind>
         <file>main.obj</file>
         <name>main.obj</name>
      </input_file>
      <input_file id="fl-3">
         <path>.\</path>
         <kind>object</kind>
         <file>tm4c123gh6pm_startup_ccs.obj</file>
         <name>tm4c123gh6pm_startup_ccs.obj</name>
      </input_file>
      <input_file id="fl-4">
         <path>.\</path>
         <kind>object</kind>
         <file>uartstdio.obj</file>
         <name>uartstdio.obj</name>
      </input_file>
      <input_file id="fl-5">
         <path>.\drivers\</path>
         <kind>object</kind>
         <file>ADC.obj</file>
         <name>ADC.obj</name>
      </input_file>
      <input_file id="fl-6">
         <path>.\drivers\</path>
         <kind>object</kind>
         <file>KEY.obj</file>
         <name>KEY.obj</name>
      </input_file>
      <input_file id="fl-7">
         <path>.\drivers\</path>
         <kind>object</kind>
         <file>LED.obj</file>
         <name>LED.obj</name>
      </input_file>
      <input_file id="fl-8">
         <path>.\drivers\</path>
         <kind>object</kind>
         <file>MODE.obj</file>
         <name>MODE.obj</name>
      </input_file>
      <input_file id="fl-9">
         <path>.\drivers\</path>
         <kind>object</kind>
         <file>PID.obj</file>
         <name>PID.obj</name>
      </input_file>
      <input_file id="fl-a">
         <path>.\drivers\</path>
         <kind>object</kind>
         <file>PWM.obj</file>
         <name>PWM.obj</name>
      </input_file>
      <input_file id="fl-b">
         <path>.\drivers\</path>
         <kind>object</kind>
         <file>QEI.obj</file>
         <name>QEI.obj</name>
      </input_file>
      <input_file id="fl-c">
         <path>.\drivers\</path>
         <kind>object</kind>
         <file>UART.obj</file>
         <name>UART.obj</name>
      </input_file>
      <input_file id="fl-d">
         <path>.\drivers\</path>
         <kind>object</kind>
         <file>UART2.obj</file>
         <name>UART2.obj</name>
      </input_file>
      <input_file id="fl-e">
         <path>.\drivers\</path>
         <kind>object</kind>
         <file>UART3.obj</file>
         <name>UART3.obj</name>
      </input_file>
      <input_file id="fl-13">
         <kind>object</kind>
         <file>&lt;internal&gt;</file>
         <name>&lt;internal&gt;</name>
      </input_file>
      <input_file id="fl-14">
         <path>D:\Software\TM4\ti\TivaWare_C_Series-2.1.4.178\driverlib\ccs\Debug\</path>
         <kind>archive</kind>
         <file>driverlib.lib</file>
         <name>adc.obj</name>
      </input_file>
      <input_file id="fl-15">
         <path>D:\Software\TM4\ti\TivaWare_C_Series-2.1.4.178\driverlib\ccs\Debug\</path>
         <kind>archive</kind>
         <file>driverlib.lib</file>
         <name>fpu.obj</name>
      </input_file>
      <input_file id="fl-16">
         <path>D:\Software\TM4\ti\TivaWare_C_Series-2.1.4.178\driverlib\ccs\Debug\</path>
         <kind>archive</kind>
         <file>driverlib.lib</file>
         <name>gpio.obj</name>
      </input_file>
      <input_file id="fl-17">
         <path>D:\Software\TM4\ti\TivaWare_C_Series-2.1.4.178\driverlib\ccs\Debug\</path>
         <kind>archive</kind>
         <file>driverlib.lib</file>
         <name>interrupt.obj</name>
      </input_file>
      <input_file id="fl-18">
         <path>D:\Software\TM4\ti\TivaWare_C_Series-2.1.4.178\driverlib\ccs\Debug\</path>
         <kind>archive</kind>
         <file>driverlib.lib</file>
         <name>pwm.obj</name>
      </input_file>
      <input_file id="fl-19">
         <path>D:\Software\TM4\ti\TivaWare_C_Series-2.1.4.178\driverlib\ccs\Debug\</path>
         <kind>archive</kind>
         <file>driverlib.lib</file>
         <name>qei.obj</name>
      </input_file>
      <input_file id="fl-1a">
         <path>D:\Software\TM4\ti\TivaWare_C_Series-2.1.4.178\driverlib\ccs\Debug\</path>
         <kind>archive</kind>
         <file>driverlib.lib</file>
         <name>sysctl.obj</name>
      </input_file>
      <input_file id="fl-1b">
         <path>D:\Software\TM4\ti\TivaWare_C_Series-2.1.4.178\driverlib\ccs\Debug\</path>
         <kind>archive</kind>
         <file>driverlib.lib</file>
         <name>uart.obj</name>
      </input_file>
      <input_file id="fl-1c">
         <path>D:\Software\TM4\ti\TivaWare_C_Series-2.1.4.178\driverlib\ccs\Debug\</path>
         <kind>archive</kind>
         <file>driverlib.lib</file>
         <name>cpu.obj</name>
      </input_file>
      <input_file id="fl-d2">
         <path>E:\Software\TM4\ccsv8\tools\compiler\ti-cgt-arm_18.1.3.LTS\lib\</path>
         <kind>archive</kind>
         <file>rtsv7M4_T_le_v4SPD16_eabi.lib</file>
         <name>memset_t2.asm.obj</name>
      </input_file>
      <input_file id="fl-d3">
         <path>E:\Software\TM4\ccsv8\tools\compiler\ti-cgt-arm_18.1.3.LTS\lib\</path>
         <kind>archive</kind>
         <file>rtsv7M4_T_le_v4SPD16_eabi.lib</file>
         <name>u_divt2.asm.obj</name>
      </input_file>
      <input_file id="fl-d4">
         <path>E:\Software\TM4\ccsv8\tools\compiler\ti-cgt-arm_18.1.3.LTS\lib\</path>
         <kind>archive</kind>
         <file>rtsv7M4_T_le_v4SPD16_eabi.lib</file>
         <name>fd_div_t2.asm.obj</name>
      </input_file>
      <input_file id="fl-d5">
         <path>E:\Software\TM4\ccsv8\tools\compiler\ti-cgt-arm_18.1.3.LTS\lib\</path>
         <kind>archive</kind>
         <file>rtsv7M4_T_le_v4SPD16_eabi.lib</file>
         <name>fd_mul_t2.asm.obj</name>
      </input_file>
      <input_file id="fl-d6">
         <path>E:\Software\TM4\ccsv8\tools\compiler\ti-cgt-arm_18.1.3.LTS\lib\</path>
         <kind>archive</kind>
         <file>rtsv7M4_T_le_v4SPD16_eabi.lib</file>
         <name>fd_toi_t2.asm.obj</name>
      </input_file>
      <input_file id="fl-d7">
         <path>E:\Software\TM4\ccsv8\tools\compiler\ti-cgt-arm_18.1.3.LTS\lib\</path>
         <kind>archive</kind>
         <file>rtsv7M4_T_le_v4SPD16_eabi.lib</file>
         <name>fd_tou_t2.asm.obj</name>
      </input_file>
      <input_file id="fl-d8">
         <path>E:\Software\TM4\ccsv8\tools\compiler\ti-cgt-arm_18.1.3.LTS\lib\</path>
         <kind>archive</kind>
         <file>rtsv7M4_T_le_v4SPD16_eabi.lib</file>
         <name>fs_tod_t2.asm.obj</name>
      </input_file>
      <input_file id="fl-d9">
         <path>E:\Software\TM4\ccsv8\tools\compiler\ti-cgt-arm_18.1.3.LTS\lib\</path>
         <kind>archive</kind>
         <file>rtsv7M4_T_le_v4SPD16_eabi.lib</file>
         <name>i_tofd_t2.asm.obj</name>
      </input_file>
      <input_file id="fl-da">
         <path>E:\Software\TM4\ccsv8\tools\compiler\ti-cgt-arm_18.1.3.LTS\lib\</path>
         <kind>archive</kind>
         <file>rtsv7M4_T_le_v4SPD16_eabi.lib</file>
         <name>copy_zero_init.c.obj</name>
      </input_file>
      <input_file id="fl-db">
         <path>E:\Software\TM4\ccsv8\tools\compiler\ti-cgt-arm_18.1.3.LTS\lib\</path>
         <kind>archive</kind>
         <file>rtsv7M4_T_le_v4SPD16_eabi.lib</file>
         <name>copy_decompress_none.c.obj</name>
      </input_file>
      <input_file id="fl-dc">
         <path>E:\Software\TM4\ccsv8\tools\compiler\ti-cgt-arm_18.1.3.LTS\lib\</path>
         <kind>archive</kind>
         <file>rtsv7M4_T_le_v4SPD16_eabi.lib</file>
         <name>copy_decompress_lzss.c.obj</name>
      </input_file>
      <input_file id="fl-dd">
         <path>E:\Software\TM4\ccsv8\tools\compiler\ti-cgt-arm_18.1.3.LTS\lib\</path>
         <kind>archive</kind>
         <file>rtsv7M4_T_le_v4SPD16_eabi.lib</file>
         <name>boot_cortex_m.c.obj</name>
      </input_file>
      <input_file id="fl-de">
         <path>E:\Software\TM4\ccsv8\tools\compiler\ti-cgt-arm_18.1.3.LTS\lib\</path>
         <kind>archive</kind>
         <file>rtsv7M4_T_le_v4SPD16_eabi.lib</file>
         <name>div0.asm.obj</name>
      </input_file>
      <input_file id="fl-df">
         <path>E:\Software\TM4\ccsv8\tools\compiler\ti-cgt-arm_18.1.3.LTS\lib\</path>
         <kind>archive</kind>
         <file>rtsv7M4_T_le_v4SPD16_eabi.lib</file>
         <name>memcpy_t2.asm.obj</name>
      </input_file>
      <input_file id="fl-e0">
         <path>E:\Software\TM4\ccsv8\tools\compiler\ti-cgt-arm_18.1.3.LTS\lib\</path>
         <kind>archive</kind>
         <file>rtsv7M4_T_le_v4SPD16_eabi.lib</file>
         <name>autoinit.c.obj</name>
      </input_file>
      <input_file id="fl-e1">
         <path>E:\Software\TM4\ccsv8\tools\compiler\ti-cgt-arm_18.1.3.LTS\lib\</path>
         <kind>archive</kind>
         <file>rtsv7M4_T_le_v4SPD16_eabi.lib</file>
         <name>pre_init.c.obj</name>
      </input_file>
      <input_file id="fl-e2">
         <path>E:\Software\TM4\ccsv8\tools\compiler\ti-cgt-arm_18.1.3.LTS\lib\</path>
         <kind>archive</kind>
         <file>rtsv7M4_T_le_v4SPD16_eabi.lib</file>
         <name>cpy_tbl.c.obj</name>
      </input_file>
      <input_file id="fl-e3">
         <path>E:\Software\TM4\ccsv8\tools\compiler\ti-cgt-arm_18.1.3.LTS\lib\</path>
         <kind>archive</kind>
         <file>rtsv7M4_T_le_v4SPD16_eabi.lib</file>
         <name>exit.c.obj</name>
      </input_file>
      <input_file id="fl-e4">
         <path>E:\Software\TM4\ccsv8\tools\compiler\ti-cgt-arm_18.1.3.LTS\lib\</path>
         <kind>archive</kind>
         <file>rtsv7M4_T_le_v4SPD16_eabi.lib</file>
         <name>_lock.c.obj</name>
      </input_file>
      <input_file id="fl-e5">
         <path>E:\Software\TM4\ccsv8\tools\compiler\ti-cgt-arm_18.1.3.LTS\lib\</path>
         <kind>archive</kind>
         <file>rtsv7M4_T_le_v4SPD16_eabi.lib</file>
         <name>args_main.c.obj</name>
      </input_file>
   </input_file_list>
   <object_component_list>
      <object_component id="oc-f">
         <name>.intvecs</name>
         <load_address>0x0</load_address>
         <run_address>0x0</run_address>
         <size>0x26c</size>
         <input_file_ref idref="fl-3"/>
      </object_component>
      <object_component id="oc-2ad">
         <name>.text</name>
         <load_address>0x26c</load_address>
         <run_address>0x26c</run_address>
         <size>0x49c</size>
         <input_file_ref idref="fl-4"/>
      </object_component>
      <object_component id="oc-2a">
         <name>.text</name>
         <load_address>0x708</load_address>
         <run_address>0x708</run_address>
         <size>0x1ac</size>
         <input_file_ref idref="fl-b"/>
      </object_component>
      <object_component id="oc-2ce">
         <name>.text</name>
         <load_address>0x8b4</load_address>
         <run_address>0x8b4</run_address>
         <size>0x154</size>
         <input_file_ref idref="fl-8"/>
      </object_component>
      <object_component id="oc-1e2">
         <name>.text</name>
         <load_address>0xa08</load_address>
         <run_address>0xa08</run_address>
         <size>0x14c</size>
         <input_file_ref idref="fl-2"/>
      </object_component>
      <object_component id="oc-2c4">
         <name>.text</name>
         <load_address>0xb54</load_address>
         <run_address>0xb54</run_address>
         <size>0x136</size>
         <input_file_ref idref="fl-d4"/>
      </object_component>
      <object_component id="oc-16c">
         <name>.text:GPIOPadConfigSet</name>
         <load_address>0xc8a</load_address>
         <run_address>0xc8a</run_address>
         <size>0x132</size>
         <input_file_ref idref="fl-16"/>
      </object_component>
      <object_component id="oc-3c">
         <name>.text</name>
         <load_address>0xdbc</load_address>
         <run_address>0xdbc</run_address>
         <size>0x120</size>
         <input_file_ref idref="fl-e"/>
      </object_component>
      <object_component id="oc-a7">
         <name>.text:SysCtlClockGet</name>
         <load_address>0xedc</load_address>
         <run_address>0xedc</run_address>
         <size>0x110</size>
         <input_file_ref idref="fl-1a"/>
      </object_component>
      <object_component id="oc-36">
         <name>.text</name>
         <load_address>0xfec</load_address>
         <run_address>0xfec</run_address>
         <size>0x104</size>
         <input_file_ref idref="fl-6"/>
      </object_component>
      <object_component id="oc-107">
         <name>.text</name>
         <load_address>0x10f0</load_address>
         <run_address>0x10f0</run_address>
         <size>0xfc</size>
         <input_file_ref idref="fl-d5"/>
      </object_component>
      <object_component id="oc-277">
         <name>.text:SysCtlClockSet</name>
         <load_address>0x11ec</load_address>
         <run_address>0x11ec</run_address>
         <size>0xf4</size>
         <input_file_ref idref="fl-1a"/>
      </object_component>
      <object_component id="oc-30">
         <name>.text</name>
         <load_address>0x12e0</load_address>
         <run_address>0x12e0</run_address>
         <size>0xf0</size>
         <input_file_ref idref="fl-5"/>
      </object_component>
      <object_component id="oc-50">
         <name>.text</name>
         <load_address>0x13d0</load_address>
         <run_address>0x13d0</run_address>
         <size>0x9c</size>
         <input_file_ref idref="fl-df"/>
      </object_component>
      <object_component id="oc-29b">
         <name>.text</name>
         <load_address>0x146c</load_address>
         <run_address>0x146c</run_address>
         <size>0x94</size>
         <input_file_ref idref="fl-a"/>
      </object_component>
      <object_component id="oc-2a1">
         <name>.text</name>
         <load_address>0x1500</load_address>
         <run_address>0x1500</run_address>
         <size>0x84</size>
         <input_file_ref idref="fl-c"/>
      </object_component>
      <object_component id="oc-129">
         <name>.text:ADCSequenceStepConfigure</name>
         <load_address>0x1584</load_address>
         <run_address>0x1584</run_address>
         <size>0x7a</size>
         <input_file_ref idref="fl-14"/>
      </object_component>
      <object_component id="oc-f1">
         <name>.text</name>
         <load_address>0x15fe</load_address>
         <run_address>0x15fe</run_address>
         <size>0x7a</size>
         <input_file_ref idref="fl-d2"/>
      </object_component>
      <object_component id="oc-bf">
         <name>.text:IntEnable</name>
         <load_address>0x1678</load_address>
         <run_address>0x1678</run_address>
         <size>0x68</size>
         <input_file_ref idref="fl-17"/>
      </object_component>
      <object_component id="oc-12">
         <name>.text:decompress:lzss:__TI_decompress_lzss</name>
         <load_address>0x16e0</load_address>
         <run_address>0x16e0</run_address>
         <size>0x68</size>
         <input_file_ref idref="fl-dc"/>
      </object_component>
      <object_component id="oc-178">
         <name>.text:GPIOIntTypeSet</name>
         <load_address>0x1748</load_address>
         <run_address>0x1748</run_address>
         <size>0x56</size>
         <input_file_ref idref="fl-16"/>
      </object_component>
      <object_component id="oc-123">
         <name>.text:ADCSequenceConfigure</name>
         <load_address>0x179e</load_address>
         <run_address>0x179e</run_address>
         <size>0x50</size>
         <input_file_ref idref="fl-14"/>
      </object_component>
      <object_component id="oc-3ce">
         <name>.text</name>
         <load_address>0x17ee</load_address>
         <run_address>0x17ee</run_address>
         <size>0x2</size>
         <input_file_ref idref="fl-de"/>
      </object_component>
      <object_component id="oc-8f">
         <name>.text:GPIOPinConfigure</name>
         <load_address>0x17f0</load_address>
         <run_address>0x17f0</run_address>
         <size>0x48</size>
         <input_file_ref idref="fl-16"/>
      </object_component>
      <object_component id="oc-2c9">
         <name>.text</name>
         <load_address>0x1838</load_address>
         <run_address>0x1838</run_address>
         <size>0x48</size>
         <input_file_ref idref="fl-d6"/>
      </object_component>
      <object_component id="oc-19a">
         <name>.text:UARTConfigSetExpClk</name>
         <load_address>0x1880</load_address>
         <run_address>0x1880</run_address>
         <size>0x46</size>
         <input_file_ref idref="fl-1b"/>
      </object_component>
      <object_component id="oc-2e3">
         <name>.text:__TI_auto_init_nobinit_nopinit:__TI_auto_init_nobinit_nopinit</name>
         <load_address>0x18c8</load_address>
         <run_address>0x18c8</run_address>
         <size>0x44</size>
         <input_file_ref idref="fl-e0"/>
      </object_component>
      <object_component id="oc-10c">
         <name>.text</name>
         <load_address>0x190c</load_address>
         <run_address>0x190c</run_address>
         <size>0x44</size>
         <input_file_ref idref="fl-d7"/>
      </object_component>
      <object_component id="oc-385">
         <name>.text</name>
         <load_address>0x1950</load_address>
         <run_address>0x1950</run_address>
         <size>0x40</size>
         <input_file_ref idref="fl-d3"/>
      </object_component>
      <object_component id="oc-36a">
         <name>.text:SysCtlPeripheralPresent</name>
         <load_address>0x1990</load_address>
         <run_address>0x1990</run_address>
         <size>0x38</size>
         <input_file_ref idref="fl-1a"/>
      </object_component>
      <object_component id="oc-89">
         <name>.text:SysCtlPeripheralReady</name>
         <load_address>0x19c8</load_address>
         <run_address>0x19c8</run_address>
         <size>0x38</size>
         <input_file_ref idref="fl-1a"/>
      </object_component>
      <object_component id="oc-6e">
         <name>.text:_c_int00_noargs:_c_int00_noargs</name>
         <load_address>0x1a00</load_address>
         <run_address>0x1a00</run_address>
         <size>0x38</size>
         <input_file_ref idref="fl-dd"/>
      </object_component>
      <object_component id="oc-102">
         <name>.text</name>
         <load_address>0x1a38</load_address>
         <run_address>0x1a38</run_address>
         <size>0x38</size>
         <input_file_ref idref="fl-d8"/>
      </object_component>
      <object_component id="oc-83">
         <name>.text:SysCtlPeripheralEnable</name>
         <load_address>0x1a70</load_address>
         <run_address>0x1a70</run_address>
         <size>0x34</size>
         <input_file_ref idref="fl-1a"/>
      </object_component>
      <object_component id="oc-295">
         <name>.text</name>
         <load_address>0x1aa4</load_address>
         <run_address>0x1aa4</run_address>
         <size>0x30</size>
         <input_file_ref idref="fl-7"/>
      </object_component>
      <object_component id="oc-2bf">
         <name>.text</name>
         <load_address>0x1ad4</load_address>
         <run_address>0x1ad4</run_address>
         <size>0x2e</size>
         <input_file_ref idref="fl-d9"/>
      </object_component>
      <object_component id="oc-201">
         <name>.text:GPIODirModeSet</name>
         <load_address>0x1b02</load_address>
         <run_address>0x1b02</run_address>
         <size>0x2a</size>
         <input_file_ref idref="fl-16"/>
      </object_component>
      <object_component id="oc-141">
         <name>.text:IntPrioritySet</name>
         <load_address>0x1b2c</load_address>
         <run_address>0x1b2c</run_address>
         <size>0x24</size>
         <input_file_ref idref="fl-17"/>
      </object_component>
      <object_component id="oc-349">
         <name>.text:PWMGenConfigure</name>
         <load_address>0x1b50</load_address>
         <run_address>0x1b50</run_address>
         <size>0x22</size>
         <input_file_ref idref="fl-18"/>
      </object_component>
      <object_component id="oc-253">
         <name>.text:UARTDisable</name>
         <load_address>0x1b74</load_address>
         <run_address>0x1b74</run_address>
         <size>0x20</size>
         <input_file_ref idref="fl-1b"/>
      </object_component>
      <object_component id="oc-fc">
         <name>.text:ADCSequenceDataGet</name>
         <load_address>0x1b94</load_address>
         <run_address>0x1b94</run_address>
         <size>0x1e</size>
         <input_file_ref idref="fl-14"/>
      </object_component>
      <object_component id="oc-2b9">
         <name>.text:PWMPulseWidthSet</name>
         <load_address>0x1bb2</load_address>
         <run_address>0x1bb2</run_address>
         <size>0x1e</size>
         <input_file_ref idref="fl-18"/>
      </object_component>
      <object_component id="oc-117">
         <name>.text:ADCClockConfigSet</name>
         <load_address>0x1bd0</load_address>
         <run_address>0x1bd0</run_address>
         <size>0x18</size>
         <input_file_ref idref="fl-14"/>
      </object_component>
      <object_component id="oc-147">
         <name>.text:ADCProcessorTrigger</name>
         <load_address>0x1be8</load_address>
         <run_address>0x1be8</run_address>
         <size>0x18</size>
         <input_file_ref idref="fl-14"/>
      </object_component>
      <object_component id="oc-289">
         <name>.text:GPIOPinTypeGPIOOutput</name>
         <load_address>0x1c00</load_address>
         <run_address>0x1c00</run_address>
         <size>0x18</size>
         <input_file_ref idref="fl-16"/>
      </object_component>
      <object_component id="oc-33d">
         <name>.text:SysCtlPWMClockSet</name>
         <load_address>0x1c18</load_address>
         <run_address>0x1c18</run_address>
         <size>0x14</size>
         <input_file_ref idref="fl-1a"/>
      </object_component>
      <object_component id="oc-259">
         <name>.text:UARTEnable</name>
         <load_address>0x1c2c</load_address>
         <run_address>0x1c2c</run_address>
         <size>0x14</size>
         <input_file_ref idref="fl-1b"/>
      </object_component>
      <object_component id="oc-111">
         <name>.text:GPIOPinTypeADC</name>
         <load_address>0x1c40</load_address>
         <run_address>0x1c40</run_address>
         <size>0x12</size>
         <input_file_ref idref="fl-16"/>
      </object_component>
      <object_component id="oc-166">
         <name>.text:GPIOPinTypeGPIOInput</name>
         <load_address>0x1c52</load_address>
         <run_address>0x1c52</run_address>
         <size>0x12</size>
         <input_file_ref idref="fl-16"/>
      </object_component>
      <object_component id="oc-343">
         <name>.text:GPIOPinTypePWM</name>
         <load_address>0x1c64</load_address>
         <run_address>0x1c64</run_address>
         <size>0x12</size>
         <input_file_ref idref="fl-16"/>
      </object_component>
      <object_component id="oc-95">
         <name>.text:GPIOPinTypeQEI</name>
         <load_address>0x1c76</load_address>
         <run_address>0x1c76</run_address>
         <size>0x12</size>
         <input_file_ref idref="fl-16"/>
      </object_component>
      <object_component id="oc-1a0">
         <name>.text:GPIOPinTypeUART</name>
         <load_address>0x1c88</load_address>
         <run_address>0x1c88</run_address>
         <size>0x12</size>
         <input_file_ref idref="fl-16"/>
      </object_component>
      <object_component id="oc-2b3">
         <name>.text:PWMGenPeriodGet</name>
         <load_address>0x1c9a</load_address>
         <run_address>0x1c9a</run_address>
         <size>0x12</size>
         <input_file_ref idref="fl-18"/>
      </object_component>
      <object_component id="oc-355">
         <name>.text:PWMOutputState</name>
         <load_address>0x1cac</load_address>
         <run_address>0x1cac</run_address>
         <size>0x12</size>
         <input_file_ref idref="fl-18"/>
      </object_component>
      <object_component id="oc-5c">
         <name>.text:decompress:ZI:__TI_zero_init_nomemset:__TI_zero_init_nomemset</name>
         <load_address>0x1cbe</load_address>
         <run_address>0x1cbe</run_address>
         <size>0x12</size>
         <input_file_ref idref="fl-da"/>
      </object_component>
      <object_component id="oc-13b">
         <name>.text:ADCIntEnable</name>
         <load_address>0x1cd0</load_address>
         <run_address>0x1cd0</run_address>
         <size>0x10</size>
         <input_file_ref idref="fl-14"/>
      </object_component>
      <object_component id="oc-283">
         <name>.text:FPUEnable</name>
         <load_address>0x1ce0</load_address>
         <run_address>0x1ce0</run_address>
         <size>0x10</size>
         <input_file_ref idref="fl-15"/>
      </object_component>
      <object_component id="oc-27d">
         <name>.text:FPULazyStackingEnable</name>
         <load_address>0x1cf0</load_address>
         <run_address>0x1cf0</run_address>
         <size>0x10</size>
         <input_file_ref idref="fl-15"/>
      </object_component>
      <object_component id="oc-2a7">
         <name>.text:IntMasterEnable</name>
         <load_address>0x1d00</load_address>
         <run_address>0x1d00</run_address>
         <size>0x10</size>
         <input_file_ref idref="fl-17"/>
      </object_component>
      <object_component id="oc-34f">
         <name>.text:PWMGenPeriodSet</name>
         <load_address>0x1d10</load_address>
         <run_address>0x1d10</run_address>
         <size>0x10</size>
         <input_file_ref idref="fl-18"/>
      </object_component>
      <object_component id="oc-ad">
         <name>.text:QEIVelocityConfigure</name>
         <load_address>0x1d20</load_address>
         <run_address>0x1d20</run_address>
         <size>0x10</size>
         <input_file_ref idref="fl-19"/>
      </object_component>
      <object_component id="oc-12f">
         <name>.text:ADCHardwareOversampleConfigure</name>
         <load_address>0x1d30</load_address>
         <run_address>0x1d30</run_address>
         <size>0xe</size>
         <input_file_ref idref="fl-14"/>
      </object_component>
      <object_component id="oc-135">
         <name>.text:ADCSequenceEnable</name>
         <load_address>0x1d3e</load_address>
         <run_address>0x1d3e</run_address>
         <size>0xe</size>
         <input_file_ref idref="fl-14"/>
      </object_component>
      <object_component id="oc-160">
         <name>.text:GPIOIntDisable</name>
         <load_address>0x1d4c</load_address>
         <run_address>0x1d4c</run_address>
         <size>0xe</size>
         <input_file_ref idref="fl-16"/>
      </object_component>
      <object_component id="oc-154">
         <name>.text:GPIOIntStatus</name>
         <load_address>0x1d5a</load_address>
         <run_address>0x1d5a</run_address>
         <size>0xe</size>
         <input_file_ref idref="fl-16"/>
      </object_component>
      <object_component id="oc-9b">
         <name>.text:QEIConfigure</name>
         <load_address>0x1d68</load_address>
         <run_address>0x1d68</run_address>
         <size>0xe</size>
         <input_file_ref idref="fl-19"/>
      </object_component>
      <object_component id="oc-d8">
         <name>.text:QEIDirectionGet</name>
         <load_address>0x1d76</load_address>
         <run_address>0x1d76</run_address>
         <size>0xe</size>
         <input_file_ref idref="fl-19"/>
      </object_component>
      <object_component id="oc-18e">
         <name>.text:UARTCharGetNonBlocking</name>
         <load_address>0x1d84</load_address>
         <run_address>0x1d84</run_address>
         <size>0xe</size>
         <input_file_ref idref="fl-1b"/>
      </object_component>
      <object_component id="oc-194">
         <name>.text:UARTCharsAvail</name>
         <load_address>0x1d92</load_address>
         <run_address>0x1d92</run_address>
         <size>0xe</size>
         <input_file_ref idref="fl-1b"/>
      </object_component>
      <object_component id="oc-18">
         <name>.text:decompress:none:__TI_decompress_none</name>
         <load_address>0x1da0</load_address>
         <run_address>0x1da0</run_address>
         <size>0xe</size>
         <input_file_ref idref="fl-db"/>
      </object_component>
      <object_component id="oc-11d">
         <name>.text:ADCReferenceSet</name>
         <load_address>0x1dae</load_address>
         <run_address>0x1dae</run_address>
         <size>0xc</size>
         <input_file_ref idref="fl-14"/>
      </object_component>
      <object_component id="oc-363">
         <name>.text:CPUcpsie</name>
         <load_address>0x1dba</load_address>
         <run_address>0x1dba</run_address>
         <size>0xc</size>
         <input_file_ref idref="fl-1c"/>
      </object_component>
      <object_component id="oc-172">
         <name>.text:GPIOIntEnable</name>
         <load_address>0x1dc6</load_address>
         <run_address>0x1dc6</run_address>
         <size>0xc</size>
         <input_file_ref idref="fl-16"/>
      </object_component>
      <object_component id="oc-35b">
         <name>.text:PWMGenEnable</name>
         <load_address>0x1dd2</load_address>
         <run_address>0x1dd2</run_address>
         <size>0xc</size>
         <input_file_ref idref="fl-18"/>
      </object_component>
      <object_component id="oc-24">
         <name>.text</name>
         <load_address>0x1dde</load_address>
         <run_address>0x1dde</run_address>
         <size>0xc</size>
         <input_file_ref idref="fl-3"/>
      </object_component>
      <object_component id="oc-f6">
         <name>.text:ADCIntClear</name>
         <load_address>0x1dea</load_address>
         <run_address>0x1dea</run_address>
         <size>0xa</size>
         <input_file_ref idref="fl-14"/>
      </object_component>
      <object_component id="oc-a1">
         <name>.text:QEIEnable</name>
         <load_address>0x1df4</load_address>
         <run_address>0x1df4</run_address>
         <size>0xa</size>
         <input_file_ref idref="fl-19"/>
      </object_component>
      <object_component id="oc-c6">
         <name>.text:QEIIntStatus</name>
         <load_address>0x1dfe</load_address>
         <run_address>0x1dfe</run_address>
         <size>0xa</size>
         <input_file_ref idref="fl-19"/>
      </object_component>
      <object_component id="oc-b3">
         <name>.text:QEIVelocityEnable</name>
         <load_address>0x1e08</load_address>
         <run_address>0x1e08</run_address>
         <size>0xa</size>
         <input_file_ref idref="fl-19"/>
      </object_component>
      <object_component id="oc-376">
         <name>.text:UARTCharGet</name>
         <load_address>0x1e12</load_address>
         <run_address>0x1e12</run_address>
         <size>0xa</size>
         <input_file_ref idref="fl-1b"/>
      </object_component>
      <object_component id="oc-370">
         <name>.text:UARTCharPut</name>
         <load_address>0x1e1c</load_address>
         <run_address>0x1e1c</run_address>
         <size>0xa</size>
         <input_file_ref idref="fl-1b"/>
      </object_component>
      <object_component id="oc-1a6">
         <name>.text:UARTFIFOEnable</name>
         <load_address>0x1e26</load_address>
         <run_address>0x1e26</run_address>
         <size>0xa</size>
         <input_file_ref idref="fl-1b"/>
      </object_component>
      <object_component id="oc-182">
         <name>.text:UARTIntStatus</name>
         <load_address>0x1e30</load_address>
         <run_address>0x1e30</run_address>
         <size>0xa</size>
         <input_file_ref idref="fl-1b"/>
      </object_component>
      <object_component id="oc-b9">
         <name>.text:QEIIntEnable</name>
         <load_address>0x1e3a</load_address>
         <run_address>0x1e3a</run_address>
         <size>0x8</size>
         <input_file_ref idref="fl-19"/>
      </object_component>
      <object_component id="oc-1b2">
         <name>.text:UARTIntEnable</name>
         <load_address>0x1e42</load_address>
         <run_address>0x1e42</run_address>
         <size>0x8</size>
         <input_file_ref idref="fl-1b"/>
      </object_component>
      <object_component id="oc-15a">
         <name>.text:GPIOIntClear</name>
         <load_address>0x1e4a</load_address>
         <run_address>0x1e4a</run_address>
         <size>0x6</size>
         <input_file_ref idref="fl-16"/>
      </object_component>
      <object_component id="oc-28f">
         <name>.text:GPIOPinWrite</name>
         <load_address>0x1e50</load_address>
         <run_address>0x1e50</run_address>
         <size>0x6</size>
         <input_file_ref idref="fl-16"/>
      </object_component>
      <object_component id="oc-c5">
         <name>.text:SysCtlDelay</name>
         <load_address>0x1e56</load_address>
         <run_address>0x1e56</run_address>
         <size>0x6</size>
         <input_file_ref idref="fl-1a"/>
      </object_component>
      <object_component id="oc-1ac">
         <name>.text:UARTFIFOLevelSet</name>
         <load_address>0x1e5c</load_address>
         <run_address>0x1e5c</run_address>
         <size>0x6</size>
         <input_file_ref idref="fl-1b"/>
      </object_component>
      <object_component id="oc-cc">
         <name>.text:QEIIntClear</name>
         <load_address>0x1e62</load_address>
         <run_address>0x1e62</run_address>
         <size>0x4</size>
         <input_file_ref idref="fl-19"/>
      </object_component>
      <object_component id="oc-de">
         <name>.text:QEIPositionGet</name>
         <load_address>0x1e66</load_address>
         <run_address>0x1e66</run_address>
         <size>0x4</size>
         <input_file_ref idref="fl-19"/>
      </object_component>
      <object_component id="oc-d2">
         <name>.text:QEIVelocityGet</name>
         <load_address>0x1e6a</load_address>
         <run_address>0x1e6a</run_address>
         <size>0x4</size>
         <input_file_ref idref="fl-19"/>
      </object_component>
      <object_component id="oc-188">
         <name>.text:UARTIntClear</name>
         <load_address>0x1e6e</load_address>
         <run_address>0x1e6e</run_address>
         <size>0x4</size>
         <input_file_ref idref="fl-1b"/>
      </object_component>
      <object_component id="oc-1dc">
         <name>.text:_system_pre_init</name>
         <load_address>0x1e72</load_address>
         <run_address>0x1e72</run_address>
         <size>0x4</size>
         <input_file_ref idref="fl-e1"/>
      </object_component>
      <object_component id="oc-2d7">
         <name>.text:abort:abort</name>
         <load_address>0x1e76</load_address>
         <run_address>0x1e76</run_address>
         <size>0x4</size>
         <input_file_ref idref="fl-e3"/>
      </object_component>
      <object_component id="oc-23c">
         <name>.const:g_pui32Regs</name>
         <load_address>0x1e7c</load_address>
         <run_address>0x1e7c</run_address>
         <size>0x9c</size>
         <input_file_ref idref="fl-17"/>
      </object_component>
      <object_component id="oc-1fc">
         <name>.const:g_pui32GPIOBaseAddrs</name>
         <load_address>0x1f18</load_address>
         <run_address>0x1f18</run_address>
         <size>0x90</size>
         <input_file_ref idref="fl-16"/>
      </object_component>
      <object_component id="oc-212">
         <name>.const</name>
         <load_address>0x1fa8</load_address>
         <run_address>0x1fa8</run_address>
         <size>0x70</size>
         <input_file_ref idref="fl-17"/>
      </object_component>
      <object_component id="oc-20b">
         <name>.const:g_pui32Xtals</name>
         <load_address>0x2018</load_address>
         <run_address>0x2018</run_address>
         <size>0x6c</size>
         <input_file_ref idref="fl-1a"/>
      </object_component>
      <object_component id="oc-3d4">
         <name>.const:.string</name>
         <load_address>0x2084</load_address>
         <run_address>0x2084</run_address>
         <size>0x12</size>
         <input_file_ref idref="fl-4"/>
      </object_component>
      <object_component id="oc-382">
         <name>.const:g_ui32UARTBase</name>
         <load_address>0x2098</load_address>
         <run_address>0x2098</run_address>
         <size>0xc</size>
         <input_file_ref idref="fl-4"/>
      </object_component>
      <object_component id="oc-37c">
         <name>.const:g_ui32UARTPeriph</name>
         <load_address>0x20a4</load_address>
         <run_address>0x20a4</run_address>
         <size>0xc</size>
         <input_file_ref idref="fl-4"/>
      </object_component>
      <object_component id="oc-38a">
         <name>.const</name>
         <load_address>0x20b0</load_address>
         <run_address>0x20b0</run_address>
         <size>0x4</size>
         <input_file_ref idref="fl-4"/>
      </object_component>
      <object_component id="oc-437">
         <name>.cinit..data.load</name>
         <load_address>0x20b8</load_address>
         <run_address>0x20b8</run_address>
         <size>0x56</size>
      </object_component>
      <object_component id="oc-435">
         <name>__TI_handler_table</name>
         <load_address>0x2110</load_address>
         <run_address>0x2110</run_address>
         <size>0xc</size>
      </object_component>
      <object_component id="oc-438">
         <name>.cinit..bss.load</name>
         <load_address>0x2120</load_address>
         <run_address>0x2120</run_address>
         <size>0x8</size>
      </object_component>
      <object_component id="oc-436">
         <name>__TI_cinit_table</name>
         <load_address>0x2128</load_address>
         <run_address>0x2128</run_address>
         <size>0x10</size>
      </object_component>
      <object_component id="oc-37f">
         <name>.data</name>
         <load_address>0x20000270</load_address>
         <run_address>0x20000270</run_address>
         <size>0x5</size>
         <input_file_ref idref="fl-4"/>
      </object_component>
      <object_component id="oc-150">
         <name>.data</name>
         <load_address>0x20000275</load_address>
         <run_address>0x20000275</run_address>
         <size>0x1</size>
         <input_file_ref idref="fl-5"/>
      </object_component>
      <object_component id="oc-39a">
         <name>.data</name>
         <load_address>0x20000268</load_address>
         <run_address>0x20000268</run_address>
         <size>0x8</size>
         <input_file_ref idref="fl-8"/>
      </object_component>
      <object_component id="oc-17e">
         <name>.data</name>
         <load_address>0x20000278</load_address>
         <run_address>0x20000278</run_address>
         <size>0x4</size>
         <input_file_ref idref="fl-a"/>
      </object_component>
      <object_component id="oc-e7">
         <name>.data</name>
         <load_address>0x20000276</load_address>
         <run_address>0x20000276</run_address>
         <size>0x1</size>
         <input_file_ref idref="fl-b"/>
      </object_component>
      <object_component id="oc-e4">
         <name>.data:qei_data_array</name>
         <load_address>0x20000200</load_address>
         <run_address>0x20000200</run_address>
         <size>0x68</size>
         <input_file_ref idref="fl-b"/>
      </object_component>
      <object_component id="oc-2d4">
         <name>.common:angledata</name>
         <uninitialized>true</uninitialized>
         <run_address>0x2000027c</run_address>
         <size>0x8</size>
      </object_component>
      <object_component id="oc-2d5">
         <name>.common:i</name>
         <uninitialized>true</uninitialized>
         <run_address>0x20000288</run_address>
         <size>0x1</size>
      </object_component>
      <object_component id="oc-14d">
         <name>.common:Ch0Value</name>
         <uninitialized>true</uninitialized>
         <run_address>0x20000284</run_address>
         <size>0x4</size>
      </object_component>
      <object_component id="oc-21">
         <name>.stack</name>
         <uninitialized>true</uninitialized>
         <run_address>0x20000000</run_address>
         <size>0x4</size>
         <input_file_ref idref="fl-dd"/>
      </object_component>
      <object_component id="oc-439">
         <name>.stack</name>
         <uninitialized>true</uninitialized>
         <run_address>0x20000000</run_address>
         <size>0x0</size>
      </object_component>
      <object_component id="oc-266">
         <name>.debug_info</name>
         <load_address>0x0</load_address>
         <run_address>0x0</run_address>
         <size>0x641</size>
         <input_file_ref idref="fl-2"/>
      </object_component>
      <object_component id="oc-1e3">
         <name>.debug_info</name>
         <load_address>0x641</load_address>
         <run_address>0x641</run_address>
         <size>0x2aa</size>
         <input_file_ref idref="fl-2"/>
      </object_component>
      <object_component id="oc-333">
         <name>.debug_info</name>
         <load_address>0x8eb</load_address>
         <run_address>0x8eb</run_address>
         <size>0x51</size>
         <input_file_ref idref="fl-2"/>
      </object_component>
      <object_component id="oc-1c1">
         <name>.debug_info</name>
         <load_address>0x93c</load_address>
         <run_address>0x93c</run_address>
         <size>0x26b</size>
         <input_file_ref idref="fl-2"/>
      </object_component>
      <object_component id="oc-222">
         <name>.debug_info</name>
         <load_address>0xba7</load_address>
         <run_address>0xba7</run_address>
         <size>0x13a</size>
         <input_file_ref idref="fl-2"/>
      </object_component>
      <object_component id="oc-1b9">
         <name>.debug_info</name>
         <load_address>0xce1</load_address>
         <run_address>0xce1</run_address>
         <size>0x8b</size>
         <input_file_ref idref="fl-2"/>
      </object_component>
      <object_component id="oc-227">
         <name>.debug_info</name>
         <load_address>0xd6c</load_address>
         <run_address>0xd6c</run_address>
         <size>0x297</size>
         <input_file_ref idref="fl-2"/>
      </object_component>
      <object_component id="oc-ec">
         <name>.debug_info</name>
         <load_address>0x1003</load_address>
         <run_address>0x1003</run_address>
         <size>0xbb</size>
         <input_file_ref idref="fl-2"/>
      </object_component>
      <object_component id="oc-38f">
         <name>.debug_info</name>
         <load_address>0x10be</load_address>
         <run_address>0x10be</run_address>
         <size>0x2c</size>
         <input_file_ref idref="fl-2"/>
      </object_component>
      <object_component id="oc-44">
         <name>.debug_info</name>
         <load_address>0x10ea</load_address>
         <run_address>0x10ea</run_address>
         <size>0x32d</size>
         <input_file_ref idref="fl-3"/>
      </object_component>
      <object_component id="oc-10">
         <name>.debug_info</name>
         <load_address>0x1417</load_address>
         <run_address>0x1417</run_address>
         <size>0xdc</size>
         <input_file_ref idref="fl-3"/>
      </object_component>
      <object_component id="oc-28">
         <name>.debug_info</name>
         <load_address>0x14f3</load_address>
         <run_address>0x14f3</run_address>
         <size>0x258</size>
         <input_file_ref idref="fl-3"/>
      </object_component>
      <object_component id="oc-4b">
         <name>.debug_info</name>
         <load_address>0x174b</load_address>
         <run_address>0x174b</run_address>
         <size>0x84</size>
         <input_file_ref idref="fl-3"/>
      </object_component>
      <object_component id="oc-38e">
         <name>.debug_info</name>
         <load_address>0x17cf</load_address>
         <run_address>0x17cf</run_address>
         <size>0x403</size>
         <input_file_ref idref="fl-4"/>
      </object_component>
      <object_component id="oc-380">
         <name>.debug_info</name>
         <load_address>0x1bd2</load_address>
         <run_address>0x1bd2</run_address>
         <size>0xfa</size>
         <input_file_ref idref="fl-4"/>
      </object_component>
      <object_component id="oc-38b">
         <name>.debug_info</name>
         <load_address>0x1ccc</load_address>
         <run_address>0x1ccc</run_address>
         <size>0xf4</size>
         <input_file_ref idref="fl-4"/>
      </object_component>
      <object_component id="oc-383">
         <name>.debug_info</name>
         <load_address>0x1dc0</load_address>
         <run_address>0x1dc0</run_address>
         <size>0x102</size>
         <input_file_ref idref="fl-4"/>
      </object_component>
      <object_component id="oc-37d">
         <name>.debug_info</name>
         <load_address>0x1ec2</load_address>
         <run_address>0x1ec2</run_address>
         <size>0x106</size>
         <input_file_ref idref="fl-4"/>
      </object_component>
      <object_component id="oc-2af">
         <name>.debug_info</name>
         <load_address>0x1fc8</load_address>
         <run_address>0x1fc8</run_address>
         <size>0x9fb</size>
         <input_file_ref idref="fl-4"/>
      </object_component>
      <object_component id="oc-14e">
         <name>.debug_info</name>
         <load_address>0x29c3</load_address>
         <run_address>0x29c3</run_address>
         <size>0x629</size>
         <input_file_ref idref="fl-5"/>
      </object_component>
      <object_component id="oc-151">
         <name>.debug_info</name>
         <load_address>0x2fec</load_address>
         <run_address>0x2fec</run_address>
         <size>0xcb</size>
         <input_file_ref idref="fl-5"/>
      </object_component>
      <object_component id="oc-31">
         <name>.debug_info</name>
         <load_address>0x30b7</load_address>
         <run_address>0x30b7</run_address>
         <size>0x3ba</size>
         <input_file_ref idref="fl-5"/>
      </object_component>
      <object_component id="oc-3a">
         <name>.debug_info</name>
         <load_address>0x3471</load_address>
         <run_address>0x3471</run_address>
         <size>0x2bf</size>
         <input_file_ref idref="fl-6"/>
      </object_component>
      <object_component id="oc-296">
         <name>.debug_info</name>
         <load_address>0x3730</load_address>
         <run_address>0x3730</run_address>
         <size>0x165</size>
         <input_file_ref idref="fl-7"/>
      </object_component>
      <object_component id="oc-39b">
         <name>.debug_info</name>
         <load_address>0x3895</load_address>
         <run_address>0x3895</run_address>
         <size>0xeb</size>
         <input_file_ref idref="fl-8"/>
      </object_component>
      <object_component id="oc-2d0">
         <name>.debug_info</name>
         <load_address>0x3980</load_address>
         <run_address>0x3980</run_address>
         <size>0x3d9</size>
         <input_file_ref idref="fl-8"/>
      </object_component>
      <object_component id="oc-17f">
         <name>.debug_info</name>
         <load_address>0x3d59</load_address>
         <run_address>0x3d59</run_address>
         <size>0xc7</size>
         <input_file_ref idref="fl-a"/>
      </object_component>
      <object_component id="oc-29c">
         <name>.debug_info</name>
         <load_address>0x3e20</load_address>
         <run_address>0x3e20</run_address>
         <size>0x22d</size>
         <input_file_ref idref="fl-a"/>
      </object_component>
      <object_component id="oc-eb">
         <name>.debug_info</name>
         <load_address>0x404d</load_address>
         <run_address>0x404d</run_address>
         <size>0x5b8</size>
         <input_file_ref idref="fl-b"/>
      </object_component>
      <object_component id="oc-e8">
         <name>.debug_info</name>
         <load_address>0x4605</load_address>
         <run_address>0x4605</run_address>
         <size>0xc9</size>
         <input_file_ref idref="fl-b"/>
      </object_component>
      <object_component id="oc-e5">
         <name>.debug_info</name>
         <load_address>0x46ce</load_address>
         <run_address>0x46ce</run_address>
         <size>0xd3</size>
         <input_file_ref idref="fl-b"/>
      </object_component>
      <object_component id="oc-2b">
         <name>.debug_info</name>
         <load_address>0x47a1</load_address>
         <run_address>0x47a1</run_address>
         <size>0x48c</size>
         <input_file_ref idref="fl-b"/>
      </object_component>
      <object_component id="oc-2a4">
         <name>.debug_info</name>
         <load_address>0x4c2d</load_address>
         <run_address>0x4c2d</run_address>
         <size>0x2ca</size>
         <input_file_ref idref="fl-c"/>
      </object_component>
      <object_component id="oc-1be">
         <name>.debug_info</name>
         <load_address>0x4ef7</load_address>
         <run_address>0x4ef7</run_address>
         <size>0x59e</size>
         <input_file_ref idref="fl-e"/>
      </object_component>
      <object_component id="oc-3f">
         <name>.debug_info</name>
         <load_address>0x5495</load_address>
         <run_address>0x5495</run_address>
         <size>0x3fe</size>
         <input_file_ref idref="fl-e"/>
      </object_component>
      <object_component id="oc-22e">
         <name>.debug_info</name>
         <load_address>0x5893</load_address>
         <run_address>0x5893</run_address>
         <size>0x24d</size>
         <input_file_ref idref="fl-14"/>
      </object_component>
      <object_component id="oc-12c">
         <name>.debug_info</name>
         <load_address>0x5ae0</load_address>
         <run_address>0x5ae0</run_address>
         <size>0x333</size>
         <input_file_ref idref="fl-14"/>
      </object_component>
      <object_component id="oc-138">
         <name>.debug_info</name>
         <load_address>0x5e13</load_address>
         <run_address>0x5e13</run_address>
         <size>0x2a0</size>
         <input_file_ref idref="fl-14"/>
      </object_component>
      <object_component id="oc-ff">
         <name>.debug_info</name>
         <load_address>0x60b3</load_address>
         <run_address>0x60b3</run_address>
         <size>0x2ff</size>
         <input_file_ref idref="fl-14"/>
      </object_component>
      <object_component id="oc-126">
         <name>.debug_info</name>
         <load_address>0x63b2</load_address>
         <run_address>0x63b2</run_address>
         <size>0x326</size>
         <input_file_ref idref="fl-14"/>
      </object_component>
      <object_component id="oc-120">
         <name>.debug_info</name>
         <load_address>0x66d8</load_address>
         <run_address>0x66d8</run_address>
         <size>0x27c</size>
         <input_file_ref idref="fl-14"/>
      </object_component>
      <object_component id="oc-14a">
         <name>.debug_info</name>
         <load_address>0x6954</load_address>
         <run_address>0x6954</run_address>
         <size>0x2a4</size>
         <input_file_ref idref="fl-14"/>
      </object_component>
      <object_component id="oc-13f">
         <name>.debug_info</name>
         <load_address>0x6bf8</load_address>
         <run_address>0x6bf8</run_address>
         <size>0x296</size>
         <input_file_ref idref="fl-14"/>
      </object_component>
      <object_component id="oc-fa">
         <name>.debug_info</name>
         <load_address>0x6e8e</load_address>
         <run_address>0x6e8e</run_address>
         <size>0x294</size>
         <input_file_ref idref="fl-14"/>
      </object_component>
      <object_component id="oc-133">
         <name>.debug_info</name>
         <load_address>0x7122</load_address>
         <run_address>0x7122</run_address>
         <size>0x2c1</size>
         <input_file_ref idref="fl-14"/>
      </object_component>
      <object_component id="oc-11b">
         <name>.debug_info</name>
         <load_address>0x73e3</load_address>
         <run_address>0x73e3</run_address>
         <size>0x2ce</size>
         <input_file_ref idref="fl-14"/>
      </object_component>
      <object_component id="oc-1f5">
         <name>.debug_info</name>
         <load_address>0x76b1</load_address>
         <run_address>0x76b1</run_address>
         <size>0x18b</size>
         <input_file_ref idref="fl-14"/>
      </object_component>
      <object_component id="oc-281">
         <name>.debug_info</name>
         <load_address>0x783c</load_address>
         <run_address>0x783c</run_address>
         <size>0x225</size>
         <input_file_ref idref="fl-15"/>
      </object_component>
      <object_component id="oc-285">
         <name>.debug_info</name>
         <load_address>0x7a61</load_address>
         <run_address>0x7a61</run_address>
         <size>0x20d</size>
         <input_file_ref idref="fl-15"/>
      </object_component>
      <object_component id="oc-200">
         <name>.debug_info</name>
         <load_address>0x7c6e</load_address>
         <run_address>0x7c6e</run_address>
         <size>0x240</size>
         <input_file_ref idref="fl-16"/>
      </object_component>
      <object_component id="oc-1fd">
         <name>.debug_info</name>
         <load_address>0x7eae</load_address>
         <run_address>0x7eae</run_address>
         <size>0x15b</size>
         <input_file_ref idref="fl-16"/>
      </object_component>
      <object_component id="oc-292">
         <name>.debug_info</name>
         <load_address>0x8009</load_address>
         <run_address>0x8009</run_address>
         <size>0x2a3</size>
         <input_file_ref idref="fl-16"/>
      </object_component>
      <object_component id="oc-204">
         <name>.debug_info</name>
         <load_address>0x82ac</load_address>
         <run_address>0x82ac</run_address>
         <size>0x2b3</size>
         <input_file_ref idref="fl-16"/>
      </object_component>
      <object_component id="oc-16f">
         <name>.debug_info</name>
         <load_address>0x855f</load_address>
         <run_address>0x855f</run_address>
         <size>0x316</size>
         <input_file_ref idref="fl-16"/>
      </object_component>
      <object_component id="oc-1a3">
         <name>.debug_info</name>
         <load_address>0x8875</load_address>
         <run_address>0x8875</run_address>
         <size>0x27b</size>
         <input_file_ref idref="fl-16"/>
      </object_component>
      <object_component id="oc-98">
         <name>.debug_info</name>
         <load_address>0x8af0</load_address>
         <run_address>0x8af0</run_address>
         <size>0x279</size>
         <input_file_ref idref="fl-16"/>
      </object_component>
      <object_component id="oc-346">
         <name>.debug_info</name>
         <load_address>0x8d69</load_address>
         <run_address>0x8d69</run_address>
         <size>0x279</size>
         <input_file_ref idref="fl-16"/>
      </object_component>
      <object_component id="oc-28b">
         <name>.debug_info</name>
         <load_address>0x8fe2</load_address>
         <run_address>0x8fe2</run_address>
         <size>0x2b7</size>
         <input_file_ref idref="fl-16"/>
      </object_component>
      <object_component id="oc-168">
         <name>.debug_info</name>
         <load_address>0x9299</load_address>
         <run_address>0x9299</run_address>
         <size>0x285</size>
         <input_file_ref idref="fl-16"/>
      </object_component>
      <object_component id="oc-113">
         <name>.debug_info</name>
         <load_address>0x951e</load_address>
         <run_address>0x951e</run_address>
         <size>0x279</size>
         <input_file_ref idref="fl-16"/>
      </object_component>
      <object_component id="oc-91">
         <name>.debug_info</name>
         <load_address>0x9797</load_address>
         <run_address>0x9797</run_address>
         <size>0x280</size>
         <input_file_ref idref="fl-16"/>
      </object_component>
      <object_component id="oc-17a">
         <name>.debug_info</name>
         <load_address>0x9a17</load_address>
         <run_address>0x9a17</run_address>
         <size>0x2bb</size>
         <input_file_ref idref="fl-16"/>
      </object_component>
      <object_component id="oc-156">
         <name>.debug_info</name>
         <load_address>0x9cd2</load_address>
         <run_address>0x9cd2</run_address>
         <size>0x27f</size>
         <input_file_ref idref="fl-16"/>
      </object_component>
      <object_component id="oc-174">
         <name>.debug_info</name>
         <load_address>0x9f51</load_address>
         <run_address>0x9f51</run_address>
         <size>0x28f</size>
         <input_file_ref idref="fl-16"/>
      </object_component>
      <object_component id="oc-162">
         <name>.debug_info</name>
         <load_address>0xa1e0</load_address>
         <run_address>0xa1e0</run_address>
         <size>0x291</size>
         <input_file_ref idref="fl-16"/>
      </object_component>
      <object_component id="oc-15c">
         <name>.debug_info</name>
         <load_address>0xa471</load_address>
         <run_address>0xa471</run_address>
         <size>0x28d</size>
         <input_file_ref idref="fl-16"/>
      </object_component>
      <object_component id="oc-216">
         <name>.debug_info</name>
         <load_address>0xa6fe</load_address>
         <run_address>0xa6fe</run_address>
         <size>0x20e</size>
         <input_file_ref idref="fl-17"/>
      </object_component>
      <object_component id="oc-213">
         <name>.debug_info</name>
         <load_address>0xa90c</load_address>
         <run_address>0xa90c</run_address>
         <size>0x210</size>
         <input_file_ref idref="fl-17"/>
      </object_component>
      <object_component id="oc-23d">
         <name>.debug_info</name>
         <load_address>0xab1c</load_address>
         <run_address>0xab1c</run_address>
         <size>0x14e</size>
         <input_file_ref idref="fl-17"/>
      </object_component>
      <object_component id="oc-142">
         <name>.debug_info</name>
         <load_address>0xac6a</load_address>
         <run_address>0xac6a</run_address>
         <size>0x2c9</size>
         <input_file_ref idref="fl-17"/>
      </object_component>
      <object_component id="oc-2a8">
         <name>.debug_info</name>
         <load_address>0xaf33</load_address>
         <run_address>0xaf33</run_address>
         <size>0x23e</size>
         <input_file_ref idref="fl-17"/>
      </object_component>
      <object_component id="oc-c0">
         <name>.debug_info</name>
         <load_address>0xb171</load_address>
         <run_address>0xb171</run_address>
         <size>0x268</size>
         <input_file_ref idref="fl-17"/>
      </object_component>
      <object_component id="oc-395">
         <name>.debug_info</name>
         <load_address>0xb3d9</load_address>
         <run_address>0xb3d9</run_address>
         <size>0x1ed</size>
         <input_file_ref idref="fl-18"/>
      </object_component>
      <object_component id="oc-2ba">
         <name>.debug_info</name>
         <load_address>0xb5c6</load_address>
         <run_address>0xb5c6</run_address>
         <size>0x2f6</size>
         <input_file_ref idref="fl-18"/>
      </object_component>
      <object_component id="oc-356">
         <name>.debug_info</name>
         <load_address>0xb8bc</load_address>
         <run_address>0xb8bc</run_address>
         <size>0x2c4</size>
         <input_file_ref idref="fl-18"/>
      </object_component>
      <object_component id="oc-350">
         <name>.debug_info</name>
         <load_address>0xbb80</load_address>
         <run_address>0xbb80</run_address>
         <size>0x2b6</size>
         <input_file_ref idref="fl-18"/>
      </object_component>
      <object_component id="oc-2b4">
         <name>.debug_info</name>
         <load_address>0xbe36</load_address>
         <run_address>0xbe36</run_address>
         <size>0x280</size>
         <input_file_ref idref="fl-18"/>
      </object_component>
      <object_component id="oc-35c">
         <name>.debug_info</name>
         <load_address>0xc0b6</load_address>
         <run_address>0xc0b6</run_address>
         <size>0x276</size>
         <input_file_ref idref="fl-18"/>
      </object_component>
      <object_component id="oc-34a">
         <name>.debug_info</name>
         <load_address>0xc32c</load_address>
         <run_address>0xc32c</run_address>
         <size>0x2b3</size>
         <input_file_ref idref="fl-18"/>
      </object_component>
      <object_component id="oc-209">
         <name>.debug_info</name>
         <load_address>0xc5df</load_address>
         <run_address>0xc5df</run_address>
         <size>0x1e8</size>
         <input_file_ref idref="fl-19"/>
      </object_component>
      <object_component id="oc-d3">
         <name>.debug_info</name>
         <load_address>0xc7c7</load_address>
         <run_address>0xc7c7</run_address>
         <size>0x250</size>
         <input_file_ref idref="fl-19"/>
      </object_component>
      <object_component id="oc-b4">
         <name>.debug_info</name>
         <load_address>0xca17</load_address>
         <run_address>0xca17</run_address>
         <size>0x252</size>
         <input_file_ref idref="fl-19"/>
      </object_component>
      <object_component id="oc-ae">
         <name>.debug_info</name>
         <load_address>0xcc69</load_address>
         <run_address>0xcc69</run_address>
         <size>0x2cc</size>
         <input_file_ref idref="fl-19"/>
      </object_component>
      <object_component id="oc-df">
         <name>.debug_info</name>
         <load_address>0xcf35</load_address>
         <run_address>0xcf35</run_address>
         <size>0x24d</size>
         <input_file_ref idref="fl-19"/>
      </object_component>
      <object_component id="oc-c7">
         <name>.debug_info</name>
         <load_address>0xd182</load_address>
         <run_address>0xd182</run_address>
         <size>0x27a</size>
         <input_file_ref idref="fl-19"/>
      </object_component>
      <object_component id="oc-ba">
         <name>.debug_info</name>
         <load_address>0xd3fc</load_address>
         <run_address>0xd3fc</run_address>
         <size>0x28a</size>
         <input_file_ref idref="fl-19"/>
      </object_component>
      <object_component id="oc-cd">
         <name>.debug_info</name>
         <load_address>0xd686</load_address>
         <run_address>0xd686</run_address>
         <size>0x288</size>
         <input_file_ref idref="fl-19"/>
      </object_component>
      <object_component id="oc-a2">
         <name>.debug_info</name>
         <load_address>0xd90e</load_address>
         <run_address>0xd90e</run_address>
         <size>0x23f</size>
         <input_file_ref idref="fl-19"/>
      </object_component>
      <object_component id="oc-d9">
         <name>.debug_info</name>
         <load_address>0xdb4d</load_address>
         <run_address>0xdb4d</run_address>
         <size>0x24f</size>
         <input_file_ref idref="fl-19"/>
      </object_component>
      <object_component id="oc-9c">
         <name>.debug_info</name>
         <load_address>0xdd9c</load_address>
         <run_address>0xdd9c</run_address>
         <size>0x2cd</size>
         <input_file_ref idref="fl-19"/>
      </object_component>
      <object_component id="oc-1fa">
         <name>.debug_info</name>
         <load_address>0xe069</load_address>
         <run_address>0xe069</run_address>
         <size>0x298</size>
         <input_file_ref idref="fl-1a"/>
      </object_component>
      <object_component id="oc-20c">
         <name>.debug_info</name>
         <load_address>0xe301</load_address>
         <run_address>0xe301</run_address>
         <size>0x14d</size>
         <input_file_ref idref="fl-1a"/>
      </object_component>
      <object_component id="oc-8a">
         <name>.debug_info</name>
         <load_address>0xe44e</load_address>
         <run_address>0xe44e</run_address>
         <size>0x27f</size>
         <input_file_ref idref="fl-1a"/>
      </object_component>
      <object_component id="oc-36b">
         <name>.debug_info</name>
         <load_address>0xe6cd</load_address>
         <run_address>0xe6cd</run_address>
         <size>0x283</size>
         <input_file_ref idref="fl-1a"/>
      </object_component>
      <object_component id="oc-84">
         <name>.debug_info</name>
         <load_address>0xe950</load_address>
         <run_address>0xe950</run_address>
         <size>0x27d</size>
         <input_file_ref idref="fl-1a"/>
      </object_component>
      <object_component id="oc-33e">
         <name>.debug_info</name>
         <load_address>0xebcd</load_address>
         <run_address>0xebcd</run_address>
         <size>0x263</size>
         <input_file_ref idref="fl-1a"/>
      </object_component>
      <object_component id="oc-278">
         <name>.debug_info</name>
         <load_address>0xee30</load_address>
         <run_address>0xee30</run_address>
         <size>0x2db</size>
         <input_file_ref idref="fl-1a"/>
      </object_component>
      <object_component id="oc-a8">
         <name>.debug_info</name>
         <load_address>0xf10b</load_address>
         <run_address>0xf10b</run_address>
         <size>0x2b5</size>
         <input_file_ref idref="fl-1a"/>
      </object_component>
      <object_component id="oc-317">
         <name>.debug_info</name>
         <load_address>0xf3c0</load_address>
         <run_address>0xf3c0</run_address>
         <size>0x5f</size>
         <input_file_ref idref="fl-1a"/>
      </object_component>
      <object_component id="oc-24f">
         <name>.debug_info</name>
         <load_address>0xf41f</load_address>
         <run_address>0xf41f</run_address>
         <size>0x227</size>
         <input_file_ref idref="fl-1b"/>
      </object_component>
      <object_component id="oc-184">
         <name>.debug_info</name>
         <load_address>0xf646</load_address>
         <run_address>0xf646</run_address>
         <size>0x27f</size>
         <input_file_ref idref="fl-1b"/>
      </object_component>
      <object_component id="oc-1b4">
         <name>.debug_info</name>
         <load_address>0xf8c5</load_address>
         <run_address>0xf8c5</run_address>
         <size>0x28f</size>
         <input_file_ref idref="fl-1b"/>
      </object_component>
      <object_component id="oc-18a">
         <name>.debug_info</name>
         <load_address>0xfb54</load_address>
         <run_address>0xfb54</run_address>
         <size>0x28d</size>
         <input_file_ref idref="fl-1b"/>
      </object_component>
      <object_component id="oc-1ae">
         <name>.debug_info</name>
         <load_address>0xfde1</load_address>
         <run_address>0xfde1</run_address>
         <size>0x2cf</size>
         <input_file_ref idref="fl-1b"/>
      </object_component>
      <object_component id="oc-1a8">
         <name>.debug_info</name>
         <load_address>0x100b0</load_address>
         <run_address>0x100b0</run_address>
         <size>0x24f</size>
         <input_file_ref idref="fl-1b"/>
      </object_component>
      <object_component id="oc-25b">
         <name>.debug_info</name>
         <load_address>0x102ff</load_address>
         <run_address>0x102ff</run_address>
         <size>0x247</size>
         <input_file_ref idref="fl-1b"/>
      </object_component>
      <object_component id="oc-255">
         <name>.debug_info</name>
         <load_address>0x10546</load_address>
         <run_address>0x10546</run_address>
         <size>0x249</size>
         <input_file_ref idref="fl-1b"/>
      </object_component>
      <object_component id="oc-19c">
         <name>.debug_info</name>
         <load_address>0x1078f</load_address>
         <run_address>0x1078f</run_address>
         <size>0x326</size>
         <input_file_ref idref="fl-1b"/>
      </object_component>
      <object_component id="oc-196">
         <name>.debug_info</name>
         <load_address>0x10ab5</load_address>
         <run_address>0x10ab5</run_address>
         <size>0x253</size>
         <input_file_ref idref="fl-1b"/>
      </object_component>
      <object_component id="oc-372">
         <name>.debug_info</name>
         <load_address>0x10d08</load_address>
         <run_address>0x10d08</run_address>
         <size>0x273</size>
         <input_file_ref idref="fl-1b"/>
      </object_component>
      <object_component id="oc-190">
         <name>.debug_info</name>
         <load_address>0x10f7b</load_address>
         <run_address>0x10f7b</run_address>
         <size>0x263</size>
         <input_file_ref idref="fl-1b"/>
      </object_component>
      <object_component id="oc-378">
         <name>.debug_info</name>
         <load_address>0x111de</load_address>
         <run_address>0x111de</run_address>
         <size>0x24d</size>
         <input_file_ref idref="fl-1b"/>
      </object_component>
      <object_component id="oc-366">
         <name>.debug_info</name>
         <load_address>0x1142b</load_address>
         <run_address>0x1142b</run_address>
         <size>0x212</size>
         <input_file_ref idref="fl-1c"/>
      </object_component>
      <object_component id="oc-f4">
         <name>.debug_info</name>
         <load_address>0x1163d</load_address>
         <run_address>0x1163d</run_address>
         <size>0x13f</size>
         <input_file_ref idref="fl-d2"/>
      </object_component>
      <object_component id="oc-386">
         <name>.debug_info</name>
         <load_address>0x1177c</load_address>
         <run_address>0x1177c</run_address>
         <size>0x13a</size>
         <input_file_ref idref="fl-d3"/>
      </object_component>
      <object_component id="oc-2c6">
         <name>.debug_info</name>
         <load_address>0x118b6</load_address>
         <run_address>0x118b6</run_address>
         <size>0x132</size>
         <input_file_ref idref="fl-d4"/>
      </object_component>
      <object_component id="oc-108">
         <name>.debug_info</name>
         <load_address>0x119e8</load_address>
         <run_address>0x119e8</run_address>
         <size>0x132</size>
         <input_file_ref idref="fl-d5"/>
      </object_component>
      <object_component id="oc-2cc">
         <name>.debug_info</name>
         <load_address>0x11b1a</load_address>
         <run_address>0x11b1a</run_address>
         <size>0x126</size>
         <input_file_ref idref="fl-d6"/>
      </object_component>
      <object_component id="oc-10f">
         <name>.debug_info</name>
         <load_address>0x11c40</load_address>
         <run_address>0x11c40</run_address>
         <size>0x131</size>
         <input_file_ref idref="fl-d7"/>
      </object_component>
      <object_component id="oc-105">
         <name>.debug_info</name>
         <load_address>0x11d71</load_address>
         <run_address>0x11d71</run_address>
         <size>0x124</size>
         <input_file_ref idref="fl-d8"/>
      </object_component>
      <object_component id="oc-2c1">
         <name>.debug_info</name>
         <load_address>0x11e95</load_address>
         <run_address>0x11e95</run_address>
         <size>0x124</size>
         <input_file_ref idref="fl-d9"/>
      </object_component>
      <object_component id="oc-1da">
         <name>.debug_info</name>
         <load_address>0x11fb9</load_address>
         <run_address>0x11fb9</run_address>
         <size>0x313</size>
         <input_file_ref idref="fl-da"/>
      </object_component>
      <object_component id="oc-5d">
         <name>.debug_info</name>
         <load_address>0x122cc</load_address>
         <run_address>0x122cc</run_address>
         <size>0x1b4</size>
         <input_file_ref idref="fl-da"/>
      </object_component>
      <object_component id="oc-1d5">
         <name>.debug_info</name>
         <load_address>0x12480</load_address>
         <run_address>0x12480</run_address>
         <size>0x46</size>
         <input_file_ref idref="fl-da"/>
      </object_component>
      <object_component id="oc-26f">
         <name>.debug_info</name>
         <load_address>0x124c6</load_address>
         <run_address>0x124c6</run_address>
         <size>0x2c</size>
         <input_file_ref idref="fl-da"/>
      </object_component>
      <object_component id="oc-5b">
         <name>.debug_info</name>
         <load_address>0x124f2</load_address>
         <run_address>0x124f2</run_address>
         <size>0x29d</size>
         <input_file_ref idref="fl-db"/>
      </object_component>
      <object_component id="oc-1a">
         <name>.debug_info</name>
         <load_address>0x1278f</load_address>
         <run_address>0x1278f</run_address>
         <size>0x1df</size>
         <input_file_ref idref="fl-db"/>
      </object_component>
      <object_component id="oc-56">
         <name>.debug_info</name>
         <load_address>0x1296e</load_address>
         <run_address>0x1296e</run_address>
         <size>0x46</size>
         <input_file_ref idref="fl-db"/>
      </object_component>
      <object_component id="oc-1cd">
         <name>.debug_info</name>
         <load_address>0x129b4</load_address>
         <run_address>0x129b4</run_address>
         <size>0x2c</size>
         <input_file_ref idref="fl-db"/>
      </object_component>
      <object_component id="oc-1cb">
         <name>.debug_info</name>
         <load_address>0x129e0</load_address>
         <run_address>0x129e0</run_address>
         <size>0x293</size>
         <input_file_ref idref="fl-dc"/>
      </object_component>
      <object_component id="oc-13">
         <name>.debug_info</name>
         <load_address>0x12c73</load_address>
         <run_address>0x12c73</run_address>
         <size>0x245</size>
         <input_file_ref idref="fl-dc"/>
      </object_component>
      <object_component id="oc-46">
         <name>.debug_info</name>
         <load_address>0x12eb8</load_address>
         <run_address>0x12eb8</run_address>
         <size>0x60</size>
         <input_file_ref idref="fl-dc"/>
      </object_component>
      <object_component id="oc-268">
         <name>.debug_info</name>
         <load_address>0x12f18</load_address>
         <run_address>0x12f18</run_address>
         <size>0x46</size>
         <input_file_ref idref="fl-dc"/>
      </object_component>
      <object_component id="oc-1c6">
         <name>.debug_info</name>
         <load_address>0x12f5e</load_address>
         <run_address>0x12f5e</run_address>
         <size>0x39</size>
         <input_file_ref idref="fl-dc"/>
      </object_component>
      <object_component id="oc-22">
         <name>.debug_info</name>
         <load_address>0x12f97</load_address>
         <run_address>0x12f97</run_address>
         <size>0x100</size>
         <input_file_ref idref="fl-dd"/>
      </object_component>
      <object_component id="oc-6f">
         <name>.debug_info</name>
         <load_address>0x13097</load_address>
         <run_address>0x13097</run_address>
         <size>0x1a4</size>
         <input_file_ref idref="fl-dd"/>
      </object_component>
      <object_component id="oc-3cf">
         <name>.debug_info</name>
         <load_address>0x1323b</load_address>
         <run_address>0x1323b</run_address>
         <size>0x10d</size>
         <input_file_ref idref="fl-de"/>
      </object_component>
      <object_component id="oc-52">
         <name>.debug_info</name>
         <load_address>0x13348</load_address>
         <run_address>0x13348</run_address>
         <size>0x111</size>
         <input_file_ref idref="fl-df"/>
      </object_component>
      <object_component id="oc-3a9">
         <name>.debug_info</name>
         <load_address>0x13459</load_address>
         <run_address>0x13459</run_address>
         <size>0x547</size>
         <input_file_ref idref="fl-e0"/>
      </object_component>
      <object_component id="oc-2e5">
         <name>.debug_info</name>
         <load_address>0x139a0</load_address>
         <run_address>0x139a0</run_address>
         <size>0x19b</size>
         <input_file_ref idref="fl-e0"/>
      </object_component>
      <object_component id="oc-3ed">
         <name>.debug_info</name>
         <load_address>0x13b3b</load_address>
         <run_address>0x13b3b</run_address>
         <size>0x39</size>
         <input_file_ref idref="fl-e0"/>
      </object_component>
      <object_component id="oc-402">
         <name>.debug_info</name>
         <load_address>0x13b74</load_address>
         <run_address>0x13b74</run_address>
         <size>0x39</size>
         <input_file_ref idref="fl-e0"/>
      </object_component>
      <object_component id="oc-3f2">
         <name>.debug_info</name>
         <load_address>0x13bad</load_address>
         <run_address>0x13bad</run_address>
         <size>0x39</size>
         <input_file_ref idref="fl-e0"/>
      </object_component>
      <object_component id="oc-3f7">
         <name>.debug_info</name>
         <load_address>0x13be6</load_address>
         <run_address>0x13be6</run_address>
         <size>0xcd</size>
         <input_file_ref idref="fl-e0"/>
      </object_component>
      <object_component id="oc-1dd">
         <name>.debug_info</name>
         <load_address>0x13cb3</load_address>
         <run_address>0x13cb3</run_address>
         <size>0x148</size>
         <input_file_ref idref="fl-e1"/>
      </object_component>
      <object_component id="oc-2d9">
         <name>.debug_info</name>
         <load_address>0x13dfb</load_address>
         <run_address>0x13dfb</run_address>
         <size>0x117</size>
         <input_file_ref idref="fl-e3"/>
      </object_component>
      <object_component id="oc-43a">
         <name>.debug_info</name>
         <load_address>0x13f12</load_address>
         <run_address>0x13f12</run_address>
         <size>0x92</size>
      </object_component>
      <object_component id="oc-332">
         <name>.debug_line</name>
         <load_address>0x0</load_address>
         <run_address>0x0</run_address>
         <size>0x23f</size>
         <input_file_ref idref="fl-2"/>
      </object_component>
      <object_component id="oc-1e7">
         <name>.debug_line</name>
         <load_address>0x23f</load_address>
         <run_address>0x23f</run_address>
         <size>0x76</size>
         <input_file_ref idref="fl-2"/>
      </object_component>
      <object_component id="oc-335">
         <name>.debug_line</name>
         <load_address>0x2b5</load_address>
         <run_address>0x2b5</run_address>
         <size>0x2d</size>
         <input_file_ref idref="fl-2"/>
      </object_component>
      <object_component id="oc-1c4">
         <name>.debug_line</name>
         <load_address>0x2e2</load_address>
         <run_address>0x2e2</run_address>
         <size>0x73</size>
         <input_file_ref idref="fl-2"/>
      </object_component>
      <object_component id="oc-225">
         <name>.debug_line</name>
         <load_address>0x355</load_address>
         <run_address>0x355</run_address>
         <size>0x34</size>
         <input_file_ref idref="fl-2"/>
      </object_component>
      <object_component id="oc-1bc">
         <name>.debug_line</name>
         <load_address>0x389</load_address>
         <run_address>0x389</run_address>
         <size>0x20</size>
         <input_file_ref idref="fl-2"/>
      </object_component>
      <object_component id="oc-22a">
         <name>.debug_line</name>
         <load_address>0x3a9</load_address>
         <run_address>0x3a9</run_address>
         <size>0x77</size>
         <input_file_ref idref="fl-2"/>
      </object_component>
      <object_component id="oc-ef">
         <name>.debug_line</name>
         <load_address>0x420</load_address>
         <run_address>0x420</run_address>
         <size>0x74</size>
         <input_file_ref idref="fl-2"/>
      </object_component>
      <object_component id="oc-392">
         <name>.debug_line</name>
         <load_address>0x494</load_address>
         <run_address>0x494</run_address>
         <size>0x6f</size>
         <input_file_ref idref="fl-2"/>
      </object_component>
      <object_component id="oc-1c0">
[...]
      </symbol>
      <symbol id="sm-102">
         <name>UARTvprintf</name>
         <value>0x3d9</value>
         <object_component_ref idref="oc-2ad"/>
      </symbol>
      <symbol id="sm-123">
         <name>Ch0Value</name>
         <value>0x20000284</value>
      </symbol>
      <symbol id="sm-124">
         <name>bDataReady</name>
         <value>0x20000275</value>
         <object_component_ref idref="oc-150"/>
      </symbol>
      <symbol id="sm-125">
         <name>ADC0IntHander</name>
         <value>0x12e1</value>
         <object_component_ref idref="oc-30"/>
      </symbol>
      <symbol id="sm-126">
         <name>ADCInit</name>
         <value>0x1329</value>
         <object_component_ref idref="oc-30"/>
      </symbol>
      <symbol id="sm-127">
         <name>ADC_Trig</name>
         <value>0x13a5</value>
         <object_component_ref idref="oc-30"/>
      </symbol>
      <symbol id="sm-142">
         <name>KEYIntHandler</name>
         <value>0xfed</value>
         <object_component_ref idref="oc-36"/>
      </symbol>
      <symbol id="sm-143">
         <name>KEYInit</name>
         <value>0x108d</value>
         <object_component_ref idref="oc-36"/>
      </symbol>
      <symbol id="sm-151">
         <name>LEDInit</name>
         <value>0x1aa5</value>
         <object_component_ref idref="oc-295"/>
      </symbol>
      <symbol id="sm-176">
         <name>mode1</name>
         <value>0x8b5</value>
         <object_component_ref idref="oc-2ce"/>
      </symbol>
      <symbol id="sm-177">
         <name>mode3</name>
         <value>0x9e9</value>
         <object_component_ref idref="oc-2ce"/>
      </symbol>
      <symbol id="sm-178">
         <name>mode2</name>
         <value>0x94f</value>
         <object_component_ref idref="oc-2ce"/>
      </symbol>
      <symbol id="sm-179">
         <name>mode5</name>
         <value>0x9ed</value>
         <object_component_ref idref="oc-2ce"/>
      </symbol>
      <symbol id="sm-17a">
         <name>mode4</name>
         <value>0x9eb</value>
         <object_component_ref idref="oc-2ce"/>
      </symbol>
      <symbol id="sm-17b">
         <name>mode6</name>
         <value>0x9ef</value>
         <object_component_ref idref="oc-2ce"/>
      </symbol>
      <symbol id="sm-194">
         <name>PWMInit</name>
         <value>0x146d</value>
         <object_component_ref idref="oc-29b"/>
      </symbol>
      <symbol id="sm-195">
         <name>PWM_DUTY</name>
         <value>0x20000278</value>
         <object_component_ref idref="oc-17e"/>
      </symbol>
      <symbol id="sm-1c2">
         <name>qei_data_array</name>
         <value>0x20000200</value>
         <object_component_ref idref="oc-e4"/>
      </symbol>
      <symbol id="sm-1c3">
         <name>QEI_InitConfig</name>
         <value>0x709</value>
         <object_component_ref idref="oc-2a"/>
      </symbol>
      <symbol id="sm-1c4">
         <name>QEI_Config</name>
         <value>0x7c7</value>
         <object_component_ref idref="oc-2a"/>
      </symbol>
      <symbol id="sm-1c5">
         <name>qei_irq_handler</name>
         <value>0x7e5</value>
         <object_component_ref idref="oc-2a"/>
      </symbol>
      <symbol id="sm-1c6">
         <name>QEI0_IRQHandler</name>
         <value>0x883</value>
         <object_component_ref idref="oc-2a"/>
      </symbol>
      <symbol id="sm-1c7">
         <name>Init_flag</name>
         <value>0x20000276</value>
         <object_component_ref idref="oc-e7"/>
      </symbol>
      <symbol id="sm-1d8">
         <name>UART0IntHandler</name>
         <value>0x1501</value>
         <object_component_ref idref="oc-2a1"/>
      </symbol>
      <symbol id="sm-1d9">
         <name>UART0Init</name>
         <value>0x1517</value>
         <object_component_ref idref="oc-2a1"/>
      </symbol>
      <symbol id="sm-1f9">
         <name>UART3IntHandler</name>
         <value>0xe07</value>
         <object_component_ref idref="oc-3c"/>
      </symbol>
      <symbol id="sm-1fa">
         <name>UARTDataDeal</name>
         <value>0xdbd</value>
         <object_component_ref idref="oc-3c"/>
      </symbol>
      <symbol id="sm-1fb">
         <name>UART3Init</name>
         <value>0xe55</value>
         <object_component_ref idref="oc-3c"/>
      </symbol>
      <symbol id="sm-25e">
         <name>ADCProcessorTrigger</name>
         <value>0x1be9</value>
         <object_component_ref idref="oc-147"/>
      </symbol>
      <symbol id="sm-25f">
         <name>ADCSequenceEnable</name>
         <value>0x1d3f</value>
         <object_component_ref idref="oc-135"/>
      </symbol>
      <symbol id="sm-260">
         <name>ADCSequenceConfigure</name>
         <value>0x179f</value>
         <object_component_ref idref="oc-123"/>
      </symbol>
      <symbol id="sm-261">
         <name>ADCIntEnable</name>
         <value>0x1cd1</value>
         <object_component_ref idref="oc-13b"/>
      </symbol>
      <symbol id="sm-262">
         <name>ADCReferenceSet</name>
         <value>0x1daf</value>
         <object_component_ref idref="oc-11d"/>
      </symbol>
      <symbol id="sm-263">
         <name>ADCSequenceStepConfigure</name>
         <value>0x1585</value>
         <object_component_ref idref="oc-129"/>
      </symbol>
      <symbol id="sm-264">
         <name>ADCIntClear</name>
         <value>0x1deb</value>
         <object_component_ref idref="oc-f6"/>
      </symbol>
      <symbol id="sm-265">
         <name>ADCHardwareOversampleConfigure</name>
         <value>0x1d31</value>
         <object_component_ref idref="oc-12f"/>
      </symbol>
      <symbol id="sm-266">
         <name>ADCClockConfigSet</name>
         <value>0x1bd1</value>
         <object_component_ref idref="oc-117"/>
      </symbol>
      <symbol id="sm-267">
         <name>ADCSequenceDataGet</name>
         <value>0x1b95</value>
         <object_component_ref idref="oc-fc"/>
      </symbol>
      <symbol id="sm-27d">
         <name>FPULazyStackingEnable</name>
         <value>0x1cf1</value>
         <object_component_ref idref="oc-27d"/>
      </symbol>
      <symbol id="sm-27e">
         <name>FPUEnable</name>
         <value>0x1ce1</value>
         <object_component_ref idref="oc-283"/>
      </symbol>
      <symbol id="sm-308">
         <name>GPIOPinTypePWM</name>
         <value>0x1c65</value>
         <object_component_ref idref="oc-343"/>
      </symbol>
      <symbol id="sm-309">
         <name>GPIOPinConfigure</name>
         <value>0x17f1</value>
         <object_component_ref idref="oc-8f"/>
      </symbol>
      <symbol id="sm-30a">
         <name>GPIOIntDisable</name>
         <value>0x1d4d</value>
         <object_component_ref idref="oc-160"/>
      </symbol>
      <symbol id="sm-30b">
         <name>GPIOIntEnable</name>
         <value>0x1dc7</value>
         <object_component_ref idref="oc-172"/>
      </symbol>
      <symbol id="sm-30c">
         <name>GPIOIntTypeSet</name>
         <value>0x1749</value>
         <object_component_ref idref="oc-178"/>
      </symbol>
      <symbol id="sm-30d">
         <name>GPIOPinTypeADC</name>
         <value>0x1c41</value>
         <object_component_ref idref="oc-111"/>
      </symbol>
      <symbol id="sm-30e">
         <name>GPIOPinTypeGPIOInput</name>
         <value>0x1c53</value>
         <object_component_ref idref="oc-166"/>
      </symbol>
      <symbol id="sm-30f">
         <name>GPIOIntClear</name>
         <value>0x1e4b</value>
         <object_component_ref idref="oc-15a"/>
      </symbol>
      <symbol id="sm-310">
         <name>GPIOPinTypeUART</name>
         <value>0x1c89</value>
         <object_component_ref idref="oc-1a0"/>
      </symbol>
      <symbol id="sm-311">
         <name>GPIOIntStatus</name>
         <value>0x1d5b</value>
         <object_component_ref idref="oc-154"/>
      </symbol>
      <symbol id="sm-312">
         <name>GPIOPinTypeGPIOOutput</name>
         <value>0x1c01</value>
         <object_component_ref idref="oc-289"/>
      </symbol>
      <symbol id="sm-313">
         <name>GPIODirModeSet</name>
         <value>0x1b03</value>
         <object_component_ref idref="oc-201"/>
      </symbol>
      <symbol id="sm-314">
         <name>GPIOPinTypeQEI</name>
         <value>0x1c77</value>
         <object_component_ref idref="oc-95"/>
      </symbol>
      <symbol id="sm-315">
         <name>GPIOPinWrite</name>
         <value>0x1e51</value>
         <object_component_ref idref="oc-28f"/>
      </symbol>
      <symbol id="sm-316">
         <name>GPIOPadConfigSet</name>
         <value>0xc8b</value>
         <object_component_ref idref="oc-16c"/>
      </symbol>
      <symbol id="sm-357">
         <name>IntPrioritySet</name>
         <value>0x1b2d</value>
         <object_component_ref idref="oc-141"/>
      </symbol>
      <symbol id="sm-358">
         <name>IntEnable</name>
         <value>0x1679</value>
         <object_component_ref idref="oc-bf"/>
      </symbol>
      <symbol id="sm-359">
         <name>IntMasterEnable</name>
         <value>0x1d01</value>
         <object_component_ref idref="oc-2a7"/>
      </symbol>
      <symbol id="sm-38e">
         <name>PWMGenPeriodSet</name>
         <value>0x1d11</value>
         <object_component_ref idref="oc-34f"/>
      </symbol>
      <symbol id="sm-38f">
         <name>PWMPulseWidthSet</name>
         <value>0x1bb3</value>
         <object_component_ref idref="oc-2b9"/>
      </symbol>
      <symbol id="sm-390">
         <name>PWMGenPeriodGet</name>
         <value>0x1c9b</value>
         <object_component_ref idref="oc-2b3"/>
      </symbol>
      <symbol id="sm-391">
         <name>PWMOutputState</name>
         <value>0x1cad</value>
         <object_component_ref idref="oc-355"/>
      </symbol>
      <symbol id="sm-392">
         <name>PWMGenEnable</name>
         <value>0x1dd3</value>
         <object_component_ref idref="oc-35b"/>
      </symbol>
      <symbol id="sm-393">
         <name>PWMGenConfigure</name>
         <value>0x1b51</value>
         <object_component_ref idref="oc-349"/>
      </symbol>
      <symbol id="sm-3e8">
         <name>QEIDirectionGet</name>
         <value>0x1d77</value>
         <object_component_ref idref="oc-d8"/>
      </symbol>
      <symbol id="sm-3e9">
         <name>QEIPositionGet</name>
         <value>0x1e67</value>
         <object_component_ref idref="oc-de"/>
      </symbol>
      <symbol id="sm-3ea">
         <name>QEIVelocityGet</name>
         <value>0x1e6b</value>
         <object_component_ref idref="oc-d2"/>
      </symbol>
      <symbol id="sm-3eb">
         <name>QEIIntEnable</name>
         <value>0x1e3b</value>
         <object_component_ref idref="oc-b9"/>
      </symbol>
      <symbol id="sm-3ec">
         <name>QEIVelocityConfigure</name>
         <value>0x1d21</value>
         <object_component_ref idref="oc-ad"/>
      </symbol>
      <symbol id="sm-3ed">
         <name>QEIIntStatus</name>
         <value>0x1dff</value>
         <object_component_ref idref="oc-c6"/>
      </symbol>
      <symbol id="sm-3ee">
         <name>QEIEnable</name>
         <value>0x1df5</value>
         <object_component_ref idref="oc-a1"/>
      </symbol>
      <symbol id="sm-3ef">
         <name>QEIIntClear</name>
         <value>0x1e63</value>
         <object_component_ref idref="oc-cc"/>
      </symbol>
      <symbol id="sm-3f0">
         <name>QEIVelocityEnable</name>
         <value>0x1e09</value>
         <object_component_ref idref="oc-b3"/>
      </symbol>
      <symbol id="sm-3f1">
         <name>QEIConfigure</name>
         <value>0x1d69</value>
         <object_component_ref idref="oc-9b"/>
      </symbol>
      <symbol id="sm-463">
         <name>SysCtlPeripheralPresent</name>
         <value>0x1991</value>
         <object_component_ref idref="oc-36a"/>
      </symbol>
      <symbol id="sm-464">
         <name>SysCtlClockSet</name>
         <value>0x11ed</value>
         <object_component_ref idref="oc-277"/>
      </symbol>
      <symbol id="sm-465">
         <name>SysCtlDelay</name>
         <value>0x1e57</value>
         <object_component_ref idref="oc-c5"/>
      </symbol>
      <symbol id="sm-466">
         <name>SysCtlPeripheralEnable</name>
         <value>0x1a71</value>
         <object_component_ref idref="oc-83"/>
      </symbol>
      <symbol id="sm-467">
         <name>SysCtlClockGet</name>
         <value>0xedd</value>
         <object_component_ref idref="oc-a7"/>
      </symbol>
      <symbol id="sm-468">
         <name>SysCtlPWMClockSet</name>
         <value>0x1c19</value>
         <object_component_ref idref="oc-33d"/>
      </symbol>
      <symbol id="sm-469">
         <name>SysCtlPeripheralReady</name>
         <value>0x19c9</value>
         <object_component_ref idref="oc-89"/>
      </symbol>
      <symbol id="sm-4d4">
         <name>UARTConfigSetExpClk</name>
         <value>0x1881</value>
         <object_component_ref idref="oc-19a"/>
      </symbol>
      <symbol id="sm-4d5">
         <name>UARTDisable</name>
         <value>0x1b75</value>
         <object_component_ref idref="oc-253"/>
      </symbol>
      <symbol id="sm-4d6">
         <name>UARTIntEnable</name>
         <value>0x1e43</value>
         <object_component_ref idref="oc-1b2"/>
      </symbol>
      <symbol id="sm-4d7">
         <name>UARTCharsAvail</name>
         <value>0x1d93</value>
         <object_component_ref idref="oc-194"/>
      </symbol>
      <symbol id="sm-4d8">
         <name>UARTCharGetNonBlocking</name>
         <value>0x1d85</value>
         <object_component_ref idref="oc-18e"/>
      </symbol>
      <symbol id="sm-4d9">
         <name>UARTCharPut</name>
         <value>0x1e1d</value>
         <object_component_ref idref="oc-370"/>
      </symbol>
      <symbol id="sm-4da">
         <name>UARTEnable</name>
         <value>0x1c2d</value>
         <object_component_ref idref="oc-259"/>
      </symbol>
      <symbol id="sm-4db">
         <name>UARTFIFOEnable</name>
         <value>0x1e27</value>
         <object_component_ref idref="oc-1a6"/>
      </symbol>
      <symbol id="sm-4dc">
         <name>UARTIntClear</name>
         <value>0x1e6f</value>
         <object_component_ref idref="oc-188"/>
      </symbol>
      <symbol id="sm-4dd">
         <name>UARTIntStatus</name>
         <value>0x1e31</value>
         <object_component_ref idref="oc-182"/>
      </symbol>
      <symbol id="sm-4de">
         <name>UARTCharGet</name>
         <value>0x1e13</value>
         <object_component_ref idref="oc-376"/>
      </symbol>
      <symbol id="sm-4df">
         <name>UARTFIFOLevelSet</name>
         <value>0x1e5d</value>
         <object_component_ref idref="oc-1ac"/>
      </symbol>
      <symbol id="sm-4e9">
         <name>CPUcpsie</name>
         <value>0x1dbb</value>
         <object_component_ref idref="oc-363"/>
      </symbol>
      <symbol id="sm-4f8">
         <name>__aeabi_memset</name>
         <value>0x1601</value>
         <object_component_ref idref="oc-f1"/>
      </symbol>
      <symbol id="sm-4f9">
         <name>memset</name>
         <value>0x1607</value>
         <object_component_ref idref="oc-f1"/>
      </symbol>
      <symbol id="sm-4fa">
         <name>__aeabi_memset8</name>
         <value>0x1601</value>
         <object_component_ref idref="oc-f1"/>
      </symbol>
      <symbol id="sm-4fb">
         <name>__aeabi_memset4</name>
         <value>0x1601</value>
         <object_component_ref idref="oc-f1"/>
      </symbol>
      <symbol id="sm-4fc">
         <name>__aeabi_memclr8</name>
         <value>0x15ff</value>
         <object_component_ref idref="oc-f1"/>
      </symbol>
      <symbol id="sm-4fd">
         <name>__aeabi_memclr4</name>
         <value>0x15ff</value>
         <object_component_ref idref="oc-f1"/>
      </symbol>
      <symbol id="sm-4fe">
         <name>__aeabi_memclr</name>
         <value>0x15ff</value>
         <object_component_ref idref="oc-f1"/>
      </symbol>
      <symbol id="sm-50d">
         <name>__aeabi_uidivmod</name>
         <value>0x1951</value>
         <object_component_ref idref="oc-385"/>
      </symbol>
      <symbol id="sm-50e">
         <name>__aeabi_uidiv</name>
         <value>0x1951</value>
         <object_component_ref idref="oc-385"/>
      </symbol>
      <symbol id="sm-522">
         <name>__aeabi_ddiv</name>
         <value>0xb55</value>
         <object_component_ref idref="oc-2c4"/>
      </symbol>
      <symbol id="sm-52d">
         <name>__aeabi_dmul</name>
         <value>0x10f1</value>
         <object_component_ref idref="oc-107"/>
      </symbol>
      <symbol id="sm-537">
         <name>__aeabi_d2iz</name>
         <value>0x1839</value>
         <object_component_ref idref="oc-2c9"/>
      </symbol>
      <symbol id="sm-541">
         <name>__aeabi_d2uiz</name>
         <value>0x190d</value>
         <object_component_ref idref="oc-10c"/>
      </symbol>
      <symbol id="sm-54c">
         <name>__aeabi_f2d</name>
         <value>0x1a39</value>
         <object_component_ref idref="oc-102"/>
      </symbol>
      <symbol id="sm-556">
         <name>__aeabi_i2d</name>
         <value>0x1ad5</value>
         <object_component_ref idref="oc-2bf"/>
      </symbol>
      <symbol id="sm-56f">
         <name>__TI_zero_init_nomemset</name>
         <value>0x1cbf</value>
         <object_component_ref idref="oc-5c"/>
      </symbol>
      <symbol id="sm-586">
         <name>__TI_decompress_none</name>
         <value>0x1da1</value>
         <object_component_ref idref="oc-18"/>
      </symbol>
      <symbol id="sm-5a9">
         <name>__TI_decompress_lzss</name>
         <value>0x16e1</value>
         <object_component_ref idref="oc-12"/>
      </symbol>
      <symbol id="sm-5bc">
         <name>__stack</name>
         <value>0x20000000</value>
         <object_component_ref idref="oc-21"/>
      </symbol>
      <symbol id="sm-5bd">
         <name>_c_int00_noargs</name>
         <value>0x1a01</value>
         <object_component_ref idref="oc-6e"/>
      </symbol>
      <symbol id="sm-5c7">
         <name>__aeabi_idiv0</name>
         <value>0x17ef</value>
         <object_component_ref idref="oc-3ce"/>
      </symbol>
      <symbol id="sm-5c8">
         <name>__aeabi_ldiv0</name>
         <value>0x17ef</value>
         <object_component_ref idref="oc-3ce"/>
      </symbol>
      <symbol id="sm-5e3">
         <name>memcpy</name>
         <value>0x13d1</value>
         <object_component_ref idref="oc-50"/>
      </symbol>
      <symbol id="sm-5e4">
         <name>__aeabi_memcpy</name>
         <value>0x13d1</value>
         <object_component_ref idref="oc-50"/>
      </symbol>
      <symbol id="sm-5e5">
         <name>__aeabi_memcpy8</name>
         <value>0x13d1</value>
         <object_component_ref idref="oc-50"/>
      </symbol>
      <symbol id="sm-5e6">
         <name>__aeabi_memcpy4</name>
         <value>0x13d1</value>
         <object_component_ref idref="oc-50"/>
      </symbol>
      <symbol id="sm-60e">
         <name>__TI_auto_init_nobinit_nopinit</name>
         <value>0x18c9</value>
         <object_component_ref idref="oc-2e3"/>
      </symbol>
      <symbol id="sm-618">
         <name>_system_pre_init</name>
         <value>0x1e73</value>
         <object_component_ref idref="oc-1dc"/>
      </symbol>
      <symbol id="sm-624">
         <name>C$$EXIT</name>
         <value>0x1e77</value>
         <object_component_ref idref="oc-2d7"/>
      </symbol>
      <symbol id="sm-625">
         <name>abort</name>
         <value>0x1e77</value>
         <object_component_ref idref="oc-2d7"/>
      </symbol>
      <symbol id="sm-628">
         <name>__TI_static_base__</name>
         <value>0x0</value>
      </symbol>
      <symbol id="sm-62b">
         <name>__mpu_init</name>
         <value>0x0</value>
      </symbol>
      <symbol id="sm-62c">
         <name>_system_post_cinit</name>
         <value>0x0</value>
      </symbol>
   </symbol_table>
   <title>Link successful</title>
</link_info>
