******************************************************************************
                  TI ARM Linker PC v18.1.3                     
******************************************************************************
>> Linked Fri Mar 22 23:12:47 2019

OUTPUT FILE NAME:   <19-3-15.out>
ENTRY POINT SYMBOL: "_c_int00_noargs"  address: 000016a5


MEMORY CONFIGURATION

         name            origin    length      used     unused   attr    fill
----------------------  --------  ---------  --------  --------  ----  --------
  FLASH                 00000000   00040000  00001da2  0003e25e  R  X
  SRAM                  20000000   00008000  00000278  00007d88  RW X


SEGMENT ALLOCATION MAP

run origin  load origin   length   init length attrs members
----------  ----------- ---------- ----------- ----- -------
00000000    00000000    00001da8   00001da8    r-x
  00000000    00000000    0000026c   0000026c    r-- .intvecs
  0000026c    0000026c    00001886   00001886    r-x .text
  00001af4    00001af4    00000238   00000238    r-- .const
  00001d30    00001d30    00000078   00000078    r-- .cinit
20000000    20000000    00000278   00000000    rw-
  20000000    20000000    00000200   00000000    rw- .stack
  20000200    20000200    00000074   00000000    rw- .data
  20000274    20000274    00000004   00000000    rw- .bss


SECTION ALLOCATION MAP

 output                                  attributes/
section   page    origin      length       input sections
--------  ----  ----------  ----------   ----------------
.intvecs   0    00000000    0000026c     
                  00000000    0000026c     tm4c123gh6pm_startup_ccs.obj (.intvecs)

.text      0    0000026c    00001886     
                  0000026c    0000049c     uartstdio.obj (.text)
                  00000708    000001ac     QEI.obj (.text)
                  000008b4    00000132     driverlib.lib : gpio.obj (.text:GPIOPadConfigSet)
                  000009e6    00000002     rtsv7M4_T_le_v4SPD16_eabi.lib : div0.asm.obj (.text)
                  000009e8    00000120     UART3.obj (.text)
                  00000b08    00000110     driverlib.lib : sysctl.obj (.text:SysCtlClockGet)
                  00000c18    00000104     KEY.obj (.text)
                  00000d1c    000000fc     rtsv7M4_T_le_v4SPD16_eabi.lib : fd_mul_t2.asm.obj (.text)
                  00000e18    000000f4     driverlib.lib : sysctl.obj (.text:SysCtlClockSet)
                  00000f0c    000000f0     ADC.obj (.text)
                  00000ffc    000000c0     main.obj (.text)
                  000010bc    0000009c     rtsv7M4_T_le_v4SPD16_eabi.lib : memcpy_t2.asm.obj (.text)
                  00001158    00000094     PWM.obj (.text)
                  000011ec    00000084     UART.obj (.text)
                  00001270    0000007a     driverlib.lib : adc.obj (.text:ADCSequenceStepConfigure)
                  000012ea    0000007a     rtsv7M4_T_le_v4SPD16_eabi.lib : memset_t2.asm.obj (.text)
                  00001364    00000068     driverlib.lib : interrupt.obj (.text:IntEnable)
                  000013cc    00000068     rtsv7M4_T_le_v4SPD16_eabi.lib : copy_decompress_lzss.c.obj (.text:decompress:lzss:__TI_decompress_lzss)
                  00001434    00000056     driverlib.lib : gpio.obj (.text:GPIOIntTypeSet)
                  0000148a    00000050                   : adc.obj (.text:ADCSequenceConfigure)
                  000014da    00000002     --HOLE-- [fill = 0]
                  000014dc    00000048                   : gpio.obj (.text:GPIOPinConfigure)
                  00001524    00000046                   : uart.obj (.text:UARTConfigSetExpClk)
                  0000156a    00000002     --HOLE-- [fill = 0]
                  0000156c    00000044     rtsv7M4_T_le_v4SPD16_eabi.lib : autoinit.c.obj (.text:__TI_auto_init_nobinit_nopinit:__TI_auto_init_nobinit_nopinit)
                  000015b0    00000044                                   : fd_tou_t2.asm.obj (.text)
                  000015f4    00000040                                   : u_divt2.asm.obj (.text)
                  00001634    00000038     driverlib.lib : sysctl.obj (.text:SysCtlPeripheralPresent)
                  0000166c    00000038                   : sysctl.obj (.text:SysCtlPeripheralReady)
                  000016a4    00000038     rtsv7M4_T_le_v4SPD16_eabi.lib : boot_cortex_m.c.obj (.text:_c_int00_noargs:_c_int00_noargs)
                  000016dc    00000038                                   : fs_tod_t2.asm.obj (.text)
                  00001714    00000034     driverlib.lib : sysctl.obj (.text:SysCtlPeripheralEnable)
                  00001748    00000030     LED.obj (.text)
                  00001778    0000002a     driverlib.lib : gpio.obj (.text:GPIODirModeSet)
                  000017a2    00000002     --HOLE-- [fill = 0]
                  000017a4    00000024                   : interrupt.obj (.text:IntPrioritySet)
                  000017c8    00000022                   : pwm.obj (.text:PWMGenConfigure)
                  000017ea    00000002     --HOLE-- [fill = 0]
                  000017ec    00000020                   : uart.obj (.text:UARTDisable)
                  0000180c    0000001e                   : adc.obj (.text:ADCSequenceDataGet)
                  0000182a    0000001e                   : pwm.obj (.text:PWMPulseWidthSet)
                  00001848    00000018                   : adc.obj (.text:ADCClockConfigSet)
                  00001860    00000018                   : adc.obj (.text:ADCProcessorTrigger)
                  00001878    00000018                   : gpio.obj (.text:GPIOPinTypeGPIOOutput)
                  00001890    00000014                   : sysctl.obj (.text:SysCtlPWMClockSet)
                  000018a4    00000014                   : uart.obj (.text:UARTEnable)
                  000018b8    00000012                   : gpio.obj (.text:GPIOPinTypeADC)
                  000018ca    00000012                   : gpio.obj (.text:GPIOPinTypeGPIOInput)
                  000018dc    00000012                   : gpio.obj (.text:GPIOPinTypePWM)
                  000018ee    00000012                   : gpio.obj (.text:GPIOPinTypeQEI)
                  00001900    00000012                   : gpio.obj (.text:GPIOPinTypeUART)
                  00001912    00000012                   : pwm.obj (.text:PWMGenPeriodGet)
                  00001924    00000012                   : pwm.obj (.text:PWMOutputState)
                  00001936    00000012     rtsv7M4_T_le_v4SPD16_eabi.lib : copy_zero_init.c.obj (.text:decompress:ZI:__TI_zero_init_nomemset:__TI_zero_init_nomemset)
                  00001948    00000010     driverlib.lib : adc.obj (.text:ADCIntEnable)
                  00001958    00000010                   : fpu.obj (.text:FPUEnable)
                  00001968    00000010                   : fpu.obj (.text:FPULazyStackingEnable)
                  00001978    00000010                   : interrupt.obj (.text:IntMasterEnable)
                  00001988    00000010                   : pwm.obj (.text:PWMGenPeriodSet)
                  00001998    00000010                   : qei.obj (.text:QEIVelocityConfigure)
                  000019a8    0000000e                   : adc.obj (.text:ADCHardwareOversampleConfigure)
                  000019b6    0000000e                   : adc.obj (.text:ADCSequenceEnable)
                  000019c4    0000000e                   : gpio.obj (.text:GPIOIntDisable)
                  000019d2    0000000e                   : gpio.obj (.text:GPIOIntStatus)
                  000019e0    0000000e                   : qei.obj (.text:QEIConfigure)
                  000019ee    0000000e                   : qei.obj (.text:QEIDirectionGet)
                  000019fc    0000000e                   : uart.obj (.text:UARTCharGetNonBlocking)
                  00001a0a    0000000e                   : uart.obj (.text:UARTCharsAvail)
                  00001a18    0000000e     rtsv7M4_T_le_v4SPD16_eabi.lib : copy_decompress_none.c.obj (.text:decompress:none:__TI_decompress_none)
                  00001a26    0000000c     driverlib.lib : adc.obj (.text:ADCReferenceSet)
                  00001a32    0000000c                   : cpu.obj (.text:CPUcpsie)
                  00001a3e    0000000c                   : gpio.obj (.text:GPIOIntEnable)
                  00001a4a    0000000c                   : pwm.obj (.text:PWMGenEnable)
                  00001a56    0000000c     tm4c123gh6pm_startup_ccs.obj (.text)
                  00001a62    0000000a     driverlib.lib : adc.obj (.text:ADCIntClear)
                  00001a6c    0000000a                   : qei.obj (.text:QEIEnable)
                  00001a76    0000000a                   : qei.obj (.text:QEIIntStatus)
                  00001a80    0000000a                   : qei.obj (.text:QEIVelocityEnable)
                  00001a8a    0000000a                   : uart.obj (.text:UARTCharGet)
                  00001a94    0000000a                   : uart.obj (.text:UARTCharPut)
                  00001a9e    0000000a                   : uart.obj (.text:UARTFIFOEnable)
                  00001aa8    0000000a                   : uart.obj (.text:UARTIntStatus)
                  00001ab2    00000008                   : qei.obj (.text:QEIIntEnable)
                  00001aba    00000008                   : uart.obj (.text:UARTIntEnable)
                  00001ac2    00000006                   : gpio.obj (.text:GPIOIntClear)
                  00001ac8    00000006                   : gpio.obj (.text:GPIOPinWrite)
                  00001ace    00000006                   : sysctl.obj (.text:SysCtlDelay)
                  00001ad4    00000006                   : uart.obj (.text:UARTFIFOLevelSet)
                  00001ada    00000004                   : qei.obj (.text:QEIIntClear)
                  00001ade    00000004                   : qei.obj (.text:QEIPositionGet)
                  00001ae2    00000004                   : qei.obj (.text:QEIVelocityGet)
                  00001ae6    00000004                   : uart.obj (.text:UARTIntClear)
                  00001aea    00000004     rtsv7M4_T_le_v4SPD16_eabi.lib : pre_init.c.obj (.text:_system_pre_init)
                  00001aee    00000004                                   : exit.c.obj (.text:abort:abort)

.const     0    00001af4    00000238     
                  00001af4    0000009c     driverlib.lib : interrupt.obj (.const:g_pui32Regs)
                  00001b90    00000090                   : gpio.obj (.const:g_pui32GPIOBaseAddrs)
                  00001c20    00000070                   : interrupt.obj (.const)
                  00001c90    0000006c                   : sysctl.obj (.const:g_pui32Xtals)
                  00001cfc    00000012     uartstdio.obj (.const:.string)
                  00001d0e    00000002     --HOLE-- [fill = 0]
                  00001d10    0000000c     uartstdio.obj (.const:g_ui32UARTBase)
                  00001d1c    0000000c     uartstdio.obj (.const:g_ui32UARTPeriph)
                  00001d28    00000004     uartstdio.obj (.const)

.cinit     0    00001d30    00000078     
                  00001d30    00000053     (.cinit..data.load) [load image, compression = lzss]
                  00001d83    00000001     --HOLE-- [fill = 0]
                  00001d84    0000000c     (__TI_handler_table)
                  00001d90    00000008     (.cinit..bss.load) [load image, compression = zero_init]
                  00001d98    00000010     (__TI_cinit_table)

.init_array 
*          0    00000000    00000000     UNINITIALIZED

.data      0    20000200    00000074     UNINITIALIZED
                  20000200    00000068     QEI.obj (.data:qei_data_array)
                  20000268    00000005     uartstdio.obj (.data)
                  2000026d    00000001     ADC.obj (.data)
                  2000026e    00000001     QEI.obj (.data)
                  2000026f    00000001     --HOLE--
                  20000270    00000004     PWM.obj (.data)

.bss       0    20000274    00000004     UNINITIALIZED
                  20000274    00000004     (.common:Ch0Value)

.stack     0    20000000    00000200     UNINITIALIZED
                  20000000    00000004     rtsv7M4_T_le_v4SPD16_eabi.lib : boot_cortex_m.c.obj (.stack)
                  20000004    000001fc     --HOLE--

MODULE SUMMARY

       Module                         code   ro data   rw data
       ------                         ----   -------   -------
    .\
       uartstdio.obj                  1180   46        5      
       tm4c123gh6pm_startup_ccs.obj   12     620       0      
       main.obj                       192    0         0      
    +--+------------------------------+------+---------+---------+
       Total:                         1384   666       5      
                                                              
    .\drivers\
       QEI.obj                        428    0         105    
       UART3.obj                      288    0         0      
       KEY.obj                        260    0         0      
       ADC.obj                        240    0         5      
       PWM.obj                        148    0         4      
       UART.obj                       132    0         0      
       LED.obj                        48     0         0      
    +--+------------------------------+------+---------+---------+
       Total:                         1544   0         114    
                                                              
    D:/Software/TM4/ti/TivaWare_C_Series-2.1.4.178/driverlib/ccs/Debug/driverlib.lib
       gpio.obj                       672    144       0      
       sysctl.obj                     706    108       0      
       interrupt.obj                  156    268       0      
       adc.obj                        346    0         0      
       uart.obj                       208    0         0      
       pwm.obj                        128    0         0      
       qei.obj                        94     0         0      
       fpu.obj                        32     0         0      
       cpu.obj                        12     0         0      
    +--+------------------------------+------+---------+---------+
       Total:                         2354   520       0      
                                                              
    E:\Software\TM4\ccsv8\tools\compiler\ti-cgt-arm_18.1.3.LTS\lib\rtsv7M4_T_le_v4SPD16_eabi.lib
       fd_mul_t2.asm.obj              252    0         0      
       memcpy_t2.asm.obj              156    0         0      
       memset_t2.asm.obj              122    0         0      
       copy_decompress_lzss.c.obj     104    0         0      
       autoinit.c.obj                 68     0         0      
       fd_tou_t2.asm.obj              68     0         0      
       u_divt2.asm.obj                64     0         0      
       boot_cortex_m.c.obj            56     0         0      
       fs_tod_t2.asm.obj              56     0         0      
       copy_zero_init.c.obj           18     0         0      
       copy_decompress_none.c.obj     14     0         0      
       exit.c.obj                     4      0         0      
       pre_init.c.obj                 4      0         0      
       div0.asm.obj                   2      0         0      
    +--+------------------------------+------+---------+---------+
       Total:                         988    0         0      
                                                              
       Stack:                         0      0         512    
       Linker Generated:              0      119       0      
    +--+------------------------------+------+---------+---------+
       Grand Total:                   6270   1305      631    


LINKER GENERATED COPY TABLES

__TI_cinit_table @ 00001d98 records: 2, size/record: 8, table size: 16
	.data: load addr=00001d30, load size=00000053 bytes, run addr=20000200, run size=00000074 bytes, compression=lzss
	.bss: load addr=00001d90, load size=00000008 bytes, run addr=20000274, run size=00000004 bytes, compression=zero_init


LINKER GENERATED HANDLER TABLE

__TI_handler_table @ 00001d84 records: 3, size/record: 4, table size: 12
	index: 0, handler: __TI_decompress_lzss
	index: 1, handler: __TI_decompress_none
	index: 2, handler: __TI_zero_init


GLOBAL SYMBOLS: SORTED ALPHABETICALLY BY Name 

address   name                          
-------   ----                          
00000f0d  ADC0IntHander                 
00001849  ADCClockConfigSet             
000019a9  ADCHardwareOversampleConfigure
00000f55  ADCInit                       
00001a63  ADCIntClear                   
00001949  ADCIntEnable                  
00001861  ADCProcessorTrigger           
00001a27  ADCReferenceSet               
0000148b  ADCSequenceConfigure          
0000180d  ADCSequenceDataGet            
000019b7  ADCSequenceEnable             
00001271  ADCSequenceStepConfigure      
00000fd1  ADC_Trig                      
00001aef  C$$EXIT                       
00001a33  CPUcpsie                      
20000274  Ch0Value                      
00001959  FPUEnable                     
00001969  FPULazyStackingEnable         
00001779  GPIODirModeSet                
00001ac3  GPIOIntClear                  
000019c5  GPIOIntDisable                
00001a3f  GPIOIntEnable                 
000019d3  GPIOIntStatus                 
00001435  GPIOIntTypeSet                
000008b5  GPIOPadConfigSet              
000014dd  GPIOPinConfigure              
000018b9  GPIOPinTypeADC                
000018cb  GPIOPinTypeGPIOInput          
00001879  GPIOPinTypeGPIOOutput         
000018dd  GPIOPinTypePWM                
000018ef  GPIOPinTypeQEI                
00001901  GPIOPinTypeUART               
00001ac9  GPIOPinWrite                  
2000026e  Init_flag                     
00001365  IntEnable                     
00001979  IntMasterEnable               
000017a5  IntPrioritySet                
00000cb9  KEYInit                       
00000c19  KEYIntHandler                 
00001749  LEDInit                       
000017c9  PWMGenConfigure               
00001a4b  PWMGenEnable                  
00001913  PWMGenPeriodGet               
00001989  PWMGenPeriodSet               
00001159  PWMInit                       
00001925  PWMOutputState                
0000182b  PWMPulseWidthSet              
20000270  PWM_DUTY                      
00000883  QEI0_IRQHandler               
000019e1  QEIConfigure                  
000019ef  QEIDirectionGet               
00001a6d  QEIEnable                     
00001adb  QEIIntClear                   
00001ab3  QEIIntEnable                  
00001a77  QEIIntStatus                  
00001adf  QEIPositionGet                
00001999  QEIVelocityConfigure          
00001a81  QEIVelocityEnable             
00001ae3  QEIVelocityGet                
000007c7  QEI_Config                    
00000709  QEI_InitConfig                
00001a57  ResetISR                      
00000b09  SysCtlClockGet                
00000e19  SysCtlClockSet                
00001acf  SysCtlDelay                   
00001891  SysCtlPWMClockSet             
00001715  SysCtlPeripheralEnable        
00001635  SysCtlPeripheralPresent       
0000166d  SysCtlPeripheralReady         
00001203  UART0Init                     
000011ed  UART0IntHandler               
00000a81  UART3Init                     
00000a33  UART3IntHandler               
00001a8b  UARTCharGet                   
000019fd  UARTCharGetNonBlocking        
00001a95  UARTCharPut                   
00001a0b  UARTCharsAvail                
00001525  UARTConfigSetExpClk           
000009e9  UARTDataDeal                  
000017ed  UARTDisable                   
000018a5  UARTEnable                    
00001a9f  UARTFIFOEnable                
00001ad5  UARTFIFOLevelSet              
00001ae7  UARTIntClear                  
00001abb  UARTIntEnable                 
00001aa9  UARTIntStatus                 
0000026d  UARTStdioConfig               
000003b3  UARTgetc                      
000002f9  UARTgets                      
000006d3  UARTprintf                    
000003d9  UARTvprintf                   
000002b3  UARTwrite                     
20000200  __STACK_END                   
00000200  __STACK_SIZE                  
20000200  __STACK_TOP                   
00001d98  __TI_CINIT_Base               
00001da8  __TI_CINIT_Limit              
00001d84  __TI_Handler_Table_Base       
00001d90  __TI_Handler_Table_Limit      
0000156d  __TI_auto_init_nobinit_nopinit
000013cd  __TI_decompress_lzss          
00001a19  __TI_decompress_none          
ffffffff  __TI_pprof_out_hndl           
ffffffff  __TI_prof_data_size           
ffffffff  __TI_prof_data_start          
00000000  __TI_static_base__            
00001937  __TI_zero_init_nomemset       
000015b1  __aeabi_d2uiz                 
00000d1d  __aeabi_dmul                  
000016dd  __aeabi_f2d                   
000009e7  __aeabi_idiv0                 
000009e7  __aeabi_ldiv0                 
000012eb  __aeabi_memclr                
000012eb  __aeabi_memclr4               
000012eb  __aeabi_memclr8               
000010bd  __aeabi_memcpy                
000010bd  __aeabi_memcpy4               
000010bd  __aeabi_memcpy8               
000012ed  __aeabi_memset                
000012ed  __aeabi_memset4               
000012ed  __aeabi_memset8               
000015f5  __aeabi_uidiv                 
000015f5  __aeabi_uidivmod              
ffffffff  __binit__                     
ffffffff  __c_args__                    
UNDEFED   __mpu_init                    
20000000  __stack                       
000016a5  _c_int00_noargs               
UNDEFED   _system_post_cinit            
00001aeb  _system_pre_init              
00001aef  abort                         
2000026d  bDataReady                    
ffffffff  binit                         
00000000  g_pfnVectors                  
00000ffd  main                          
000010bd  memcpy                        
000012f3  memset                        
20000200  qei_data_array                
000007e5  qei_irq_handler               


GLOBAL SYMBOLS: SORTED BY Symbol Address 

address   name                          
-------   ----                          
00000000  __TI_static_base__            
00000000  g_pfnVectors                  
00000200  __STACK_SIZE                  
0000026d  UARTStdioConfig               
000002b3  UARTwrite                     
000002f9  UARTgets                      
000003b3  UARTgetc                      
000003d9  UARTvprintf                   
000006d3  UARTprintf                    
00000709  QEI_InitConfig                
000007c7  QEI_Config                    
000007e5  qei_irq_handler               
00000883  QEI0_IRQHandler               
000008b5  GPIOPadConfigSet              
000009e7  __aeabi_idiv0                 
000009e7  __aeabi_ldiv0                 
000009e9  UARTDataDeal                  
00000a33  UART3IntHandler               
00000a81  UART3Init                     
00000b09  SysCtlClockGet                
00000c19  KEYIntHandler                 
00000cb9  KEYInit                       
00000d1d  __aeabi_dmul                  
00000e19  SysCtlClockSet                
00000f0d  ADC0IntHander                 
00000f55  ADCInit                       
00000fd1  ADC_Trig                      
00000ffd  main                          
000010bd  __aeabi_memcpy                
000010bd  __aeabi_memcpy4               
000010bd  __aeabi_memcpy8               
000010bd  memcpy                        
00001159  PWMInit                       
000011ed  UART0IntHandler               
00001203  UART0Init                     
00001271  ADCSequenceStepConfigure      
000012eb  __aeabi_memclr                
000012eb  __aeabi_memclr4               
000012eb  __aeabi_memclr8               
000012ed  __aeabi_memset                
000012ed  __aeabi_memset4               
000012ed  __aeabi_memset8               
000012f3  memset                        
00001365  IntEnable                     
000013cd  __TI_decompress_lzss          
00001435  GPIOIntTypeSet                
0000148b  ADCSequenceConfigure          
000014dd  GPIOPinConfigure              
00001525  UARTConfigSetExpClk           
0000156d  __TI_auto_init_nobinit_nopinit
000015b1  __aeabi_d2uiz                 
000015f5  __aeabi_uidiv                 
000015f5  __aeabi_uidivmod              
00001635  SysCtlPeripheralPresent       
0000166d  SysCtlPeripheralReady         
000016a5  _c_int00_noargs               
000016dd  __aeabi_f2d                   
00001715  SysCtlPeripheralEnable        
00001749  LEDInit                       
00001779  GPIODirModeSet                
000017a5  IntPrioritySet                
000017c9  PWMGenConfigure               
000017ed  UARTDisable                   
0000180d  ADCSequenceDataGet            
0000182b  PWMPulseWidthSet              
00001849  ADCClockConfigSet             
00001861  ADCProcessorTrigger           
00001879  GPIOPinTypeGPIOOutput         
00001891  SysCtlPWMClockSet             
000018a5  UARTEnable                    
000018b9  GPIOPinTypeADC                
000018cb  GPIOPinTypeGPIOInput          
000018dd  GPIOPinTypePWM                
000018ef  GPIOPinTypeQEI                
00001901  GPIOPinTypeUART               
00001913  PWMGenPeriodGet               
00001925  PWMOutputState                
00001937  __TI_zero_init_nomemset       
00001949  ADCIntEnable                  
00001959  FPUEnable                     
00001969  FPULazyStackingEnable         
00001979  IntMasterEnable               
00001989  PWMGenPeriodSet               
00001999  QEIVelocityConfigure          
000019a9  ADCHardwareOversampleConfigure
000019b7  ADCSequenceEnable             
000019c5  GPIOIntDisable                
000019d3  GPIOIntStatus                 
000019e1  QEIConfigure                  
000019ef  QEIDirectionGet               
000019fd  UARTCharGetNonBlocking        
00001a0b  UARTCharsAvail                
00001a19  __TI_decompress_none          
00001a27  ADCReferenceSet               
00001a33  CPUcpsie                      
00001a3f  GPIOIntEnable                 
00001a4b  PWMGenEnable                  
00001a57  ResetISR                      
00001a63  ADCIntClear                   
00001a6d  QEIEnable                     
00001a77  QEIIntStatus                  
00001a81  QEIVelocityEnable             
00001a8b  UARTCharGet                   
00001a95  UARTCharPut                   
00001a9f  UARTFIFOEnable                
00001aa9  UARTIntStatus                 
00001ab3  QEIIntEnable                  
00001abb  UARTIntEnable                 
00001ac3  GPIOIntClear                  
00001ac9  GPIOPinWrite                  
00001acf  SysCtlDelay                   
00001ad5  UARTFIFOLevelSet              
00001adb  QEIIntClear                   
00001adf  QEIPositionGet                
00001ae3  QEIVelocityGet                
00001ae7  UARTIntClear                  
00001aeb  _system_pre_init              
00001aef  C$$EXIT                       
00001aef  abort                         
00001d84  __TI_Handler_Table_Base       
00001d90  __TI_Handler_Table_Limit      
00001d98  __TI_CINIT_Base               
00001da8  __TI_CINIT_Limit              
20000000  __stack                       
20000200  __STACK_END                   
20000200  __STACK_TOP                   
20000200  qei_data_array                
2000026d  bDataReady                    
2000026e  Init_flag                     
20000270  PWM_DUTY                      
20000274  Ch0Value                      
ffffffff  __TI_pprof_out_hndl           
ffffffff  __TI_prof_data_size           
ffffffff  __TI_prof_data_start          
ffffffff  __binit__                     
ffffffff  __c_args__                    
ffffffff  binit                         
UNDEFED   __mpu_init                    
UNDEFED   _system_post_cinit            

[139 symbols]
